Archive member included to satisfy reference by file (symbol)

c:/intelfpga_lite/17.0/nios2eds/bin/gnu/h-x86_64-mingw32/bin/../lib/gcc/nios2-elf/5.3.0/../../../../../H-x86_64-mingw32/nios2-elf/lib\libc.a(lib_a-assert.o)
                              obj/default/metal/device.o (__assert_func)
c:/intelfpga_lite/17.0/nios2eds/bin/gnu/h-x86_64-mingw32/bin/../lib/gcc/nios2-elf/5.3.0/../../../../../H-x86_64-mingw32/nios2-elf/lib\libc.a(lib_a-fiprintf.o)
                              c:/intelfpga_lite/17.0/nios2eds/bin/gnu/h-x86_64-mingw32/bin/../lib/gcc/nios2-elf/5.3.0/../../../../../H-x86_64-mingw32/nios2-elf/lib\libc.a(lib_a-assert.o) (fiprintf)
c:/intelfpga_lite/17.0/nios2eds/bin/gnu/h-x86_64-mingw32/bin/../lib/gcc/nios2-elf/5.3.0/../../../../../H-x86_64-mingw32/nios2-elf/lib\libc.a(lib_a-impure.o)
                              c:/intelfpga_lite/17.0/nios2eds/bin/gnu/h-x86_64-mingw32/bin/../lib/gcc/nios2-elf/5.3.0/../../../../../H-x86_64-mingw32/nios2-elf/lib\libc.a(lib_a-assert.o) (_impure_ptr)
c:/intelfpga_lite/17.0/nios2eds/bin/gnu/h-x86_64-mingw32/bin/../lib/gcc/nios2-elf/5.3.0/../../../../../H-x86_64-mingw32/nios2-elf/lib\libc.a(lib_a-memcpy.o)
                              obj/default/Source/queue.o (memcpy)
c:/intelfpga_lite/17.0/nios2eds/bin/gnu/h-x86_64-mingw32/bin/../lib/gcc/nios2-elf/5.3.0/../../../../../H-x86_64-mingw32/nios2-elf/lib\libc.a(lib_a-memset.o)
                              obj/default/Source/stream_buffer.o (memset)
c:/intelfpga_lite/17.0/nios2eds/bin/gnu/h-x86_64-mingw32/bin/../lib/gcc/nios2-elf/5.3.0/../../../../../H-x86_64-mingw32/nios2-elf/lib\libc.a(lib_a-puts.o)
                              obj/default/hello_world.o (puts)
c:/intelfpga_lite/17.0/nios2eds/bin/gnu/h-x86_64-mingw32/bin/../lib/gcc/nios2-elf/5.3.0/../../../../../H-x86_64-mingw32/nios2-elf/lib\libc.a(lib_a-snprintf.o)
                              obj/default/metal/freertos/threads.o (snprintf)
c:/intelfpga_lite/17.0/nios2eds/bin/gnu/h-x86_64-mingw32/bin/../lib/gcc/nios2-elf/5.3.0/../../../../../H-x86_64-mingw32/nios2-elf/lib\libc.a(lib_a-strcmp.o)
                              obj/default/metal/device.o (strcmp)
c:/intelfpga_lite/17.0/nios2eds/bin/gnu/h-x86_64-mingw32/bin/../lib/gcc/nios2-elf/5.3.0/../../../../../H-x86_64-mingw32/nios2-elf/lib\libc.a(lib_a-strerror.o)
                              obj/default/metal-test.o (strerror)
c:/intelfpga_lite/17.0/nios2eds/bin/gnu/h-x86_64-mingw32/bin/../lib/gcc/nios2-elf/5.3.0/../../../../../H-x86_64-mingw32/nios2-elf/lib\libc.a(lib_a-strlen.o)
                              obj/default/metal-test.o (strlen)
c:/intelfpga_lite/17.0/nios2eds/bin/gnu/h-x86_64-mingw32/bin/../lib/gcc/nios2-elf/5.3.0/../../../../../H-x86_64-mingw32/nios2-elf/lib\libc.a(lib_a-svfprintf.o)
                              c:/intelfpga_lite/17.0/nios2eds/bin/gnu/h-x86_64-mingw32/bin/../lib/gcc/nios2-elf/5.3.0/../../../../../H-x86_64-mingw32/nios2-elf/lib\libc.a(lib_a-snprintf.o) (___svfprintf_internal_r)
c:/intelfpga_lite/17.0/nios2eds/bin/gnu/h-x86_64-mingw32/bin/../lib/gcc/nios2-elf/5.3.0/../../../../../H-x86_64-mingw32/nios2-elf/lib\libc.a(lib_a-u_strerr.o)
                              c:/intelfpga_lite/17.0/nios2eds/bin/gnu/h-x86_64-mingw32/bin/../lib/gcc/nios2-elf/5.3.0/../../../../../H-x86_64-mingw32/nios2-elf/lib\libc.a(lib_a-strerror.o) (_user_strerror)
c:/intelfpga_lite/17.0/nios2eds/bin/gnu/h-x86_64-mingw32/bin/../lib/gcc/nios2-elf/5.3.0/../../../../../H-x86_64-mingw32/nios2-elf/lib\libc.a(lib_a-vfiprintfr_1.o)
                              c:/intelfpga_lite/17.0/nios2eds/bin/gnu/h-x86_64-mingw32/bin/../lib/gcc/nios2-elf/5.3.0/../../../../../H-x86_64-mingw32/nios2-elf/lib\libc.a(lib_a-fiprintf.o) (_vfiprintf_r)
c:/intelfpga_lite/17.0/nios2eds/bin/gnu/h-x86_64-mingw32/bin/../lib/gcc/nios2-elf/5.3.0/../../../../../H-x86_64-mingw32/nios2-elf/lib\libc.a(lib_a-abort.o)
                              c:/intelfpga_lite/17.0/nios2eds/bin/gnu/h-x86_64-mingw32/bin/../lib/gcc/nios2-elf/5.3.0/../../../../../H-x86_64-mingw32/nios2-elf/lib\libc.a(lib_a-assert.o) (abort)
c:/intelfpga_lite/17.0/nios2eds/bin/gnu/h-x86_64-mingw32/bin/../lib/gcc/nios2-elf/5.3.0/../../../../../H-x86_64-mingw32/nios2-elf/lib\libc.a(lib_a-dtoa.o)
                              c:/intelfpga_lite/17.0/nios2eds/bin/gnu/h-x86_64-mingw32/bin/../lib/gcc/nios2-elf/5.3.0/../../../../../H-x86_64-mingw32/nios2-elf/lib\libc.a(lib_a-svfprintf.o) (_dtoa_r)
c:/intelfpga_lite/17.0/nios2eds/bin/gnu/h-x86_64-mingw32/bin/../lib/gcc/nios2-elf/5.3.0/../../../../../H-x86_64-mingw32/nios2-elf/lib\libc.a(lib_a-findfp.o)
                              c:/intelfpga_lite/17.0/nios2eds/bin/gnu/h-x86_64-mingw32/bin/../lib/gcc/nios2-elf/5.3.0/../../../../../H-x86_64-mingw32/nios2-elf/lib\libc.a(lib_a-puts.o) (__sinit)
c:/intelfpga_lite/17.0/nios2eds/bin/gnu/h-x86_64-mingw32/bin/../lib/gcc/nios2-elf/5.3.0/../../../../../H-x86_64-mingw32/nios2-elf/lib\libc.a(lib_a-fvwrite.o)
[...]
Memory Configuration

Name             Origin             Length             Attributes
reset            0x0000000001000000 0x0000000000000020
sdram            0x0000000001000020 0x0000000000ffffe0
*default*        0x0000000000000000 0xffffffffffffffff

Linker script and memory map

LOAD ../FreeRTOS_OneCPU_bsp//obj/HAL/src/crt0.o
LOAD obj/default/Source/croutine.o
LOAD obj/default/Source/event_groups.o
LOAD obj/default/Source/list.o
LOAD obj/default/Source/portable/GCC/NiosII/port.o
LOAD obj/default/Source/portable/MemMang/heap_2.o
LOAD obj/default/Source/queue.o
LOAD obj/default/Source/stream_buffer.o
LOAD obj/default/Source/tasks.o
LOAD obj/default/Source/timers.o
LOAD obj/default/hello_world.o
LOAD obj/default/metal-test.o
LOAD obj/default/metal/device.o
LOAD obj/default/metal/dma.o
LOAD obj/default/metal/freertos/alloc.o
LOAD obj/default/metal/freertos/atomic.o
LOAD obj/default/metal/freertos/condition.o
LOAD obj/default/metal/freertos/device.o
LOAD obj/default/metal/freertos/init.o
LOAD obj/default/metal/freertos/io.o
LOAD obj/default/metal/freertos/irq.o
LOAD obj/default/metal/freertos/mutex.o
LOAD obj/default/metal/freertos/nios2/sys.o
LOAD obj/default/metal/freertos/shmem.o
LOAD obj/default/metal/freertos/sleep.o
LOAD obj/default/metal/freertos/threads.o
LOAD obj/default/metal/freertos/time.o
LOAD obj/default/metal/init.o
LOAD obj/default/metal/io.o
LOAD obj/default/metal/irq.o
LOAD obj/default/metal/log.o
LOAD obj/default/metal/shmem.o
LOAD obj/default/metal/softirq.o
LOAD obj/default/Source/portable/GCC/NiosII/port_asm.o
LOAD c:/intelfpga_lite/17.0/nios2eds/bin/gnu/h-x86_64-mingw32/bin/../lib/gcc/nios2-elf/5.3.0/../../../../../H-x86_64-mingw32/nios2-elf/lib\libstdc++.a
LOAD c:/intelfpga_lite/17.0/nios2eds/bin/gnu/h-x86_64-mingw32/bin/../lib/gcc/nios2-elf/5.3.0/../../../../../H-x86_64-mingw32/nios2-elf/lib\libm.a
LOAD c:/intelfpga_lite/17.0/nios2eds/bin/gnu/h-x86_64-mingw32/bin/../lib/gcc/nios2-elf/5.3.0\libgcc.a
START GROUP
LOAD c:/intelfpga_lite/17.0/nios2eds/bin/gnu/h-x86_64-mingw32/bin/../lib/gcc/nios2-elf/5.3.0/../../../../../H-x86_64-mingw32/nios2-elf/lib\libc.a
LOAD c:/intelfpga_lite/17.0/nios2eds/bin/gnu/h-x86_64-mingw32/bin/../lib/gcc/nios2-elf/5.3.0\libgcc.a
LOAD ../FreeRTOS_OneCPU_bsp/\libhal_bsp.a
LOAD c:/intelfpga_lite/17.0/nios2eds/bin/gnu/h-x86_64-mingw32/bin/../lib/gcc/nios2-elf/5.3.0/../../../../../H-x86_64-mingw32/nios2-elf/lib\libm.a
END GROUP
LOAD c:/intelfpga_lite/17.0/nios2eds/bin/gnu/h-x86_64-mingw32/bin/../lib/gcc/nios2-elf/5.3.0\libgcc.a
                0x0000000001000000                __alt_mem_sdram = 0x1000000

.entry          0x0000000001000000       0x20
 *(.entry)
 .entry         0x0000000001000000       0x20 ../FreeRTOS_OneCPU_bsp//obj/HAL/src/crt0.o
                0x0000000001000000                __reset

.exceptions     0x0000000001000020      0x380
                0x0000000001000020                PROVIDE (__ram_exceptions_start, ABSOLUTE (.))
                0x0000000001000020                . = ALIGN (0x20)
 *(.irq)
 *(.exceptions.entry.label)
 .exceptions.entry.label
                0x0000000001000020        0x0 ../FreeRTOS_OneCPU_bsp/\libhal_bsp.a(alt_irq_entry.o)
                0x0000000001000020                alt_irq_entry
 .exceptions.entry.label
                0x0000000001000020        0x0 ../FreeRTOS_OneCPU_bsp/\libhal_bsp.a(alt_exception_entry.o)
                0x0000000001000020                alt_exception
 *(.exceptions.entry.user)
 *(.exceptions.entry.ecc_fatal)
 *(.exceptions.entry)
 .exceptions.entry
                0x0000000001000020       0x8c obj/default/Source/portable/GCC/NiosII/port_asm.o
 .exceptions.entry
                0x00000000010000ac       0x54 ../FreeRTOS_OneCPU_bsp/\libhal_bsp.a(alt_exception_entry.o)
 *(.exceptions.irqtest.user)
 *(.exceptions.irqtest)
 .exceptions.irqtest
                0x0000000001000100       0x14 obj/default/Source/portable/GCC/NiosII/port_asm.o
 .exceptions.irqtest
                0x0000000001000114       0x10 ../FreeRTOS_OneCPU_bsp/\libhal_bsp.a(alt_irq_entry.o)
 *(.exceptions.irqhandler.user)
 *(.exceptions.irqhandler)
 .exceptions.irqhandler
                0x0000000001000124        0x4 obj/default/Source/portable/GCC/NiosII/port_asm.o
 .exceptions.irqhandler
                0x0000000001000128        0x4 ../FreeRTOS_OneCPU_bsp/\libhal_bsp.a(alt_irq_entry.o)
 *(.exceptions.irqreturn.user)
 *(.exceptions.irqreturn)
 .exceptions.irqreturn
                0x000000000100012c       0x8c obj/default/Source/portable/GCC/NiosII/port_asm.o
                0x000000000100012c                restore_sp_from_pxCurrentTCB
 .exceptions.irqreturn
                0x00000000010001b8        0x4 ../FreeRTOS_OneCPU_bsp/\libhal_bsp.a(alt_irq_entry.o)
 *(.exceptions.notirq.label)
 .exceptions.notirq.label
                0x00000000010001bc        0x0 ../FreeRTOS_OneCPU_bsp/\libhal_bsp.a(alt_irq_entry.o)
 *(.exceptions.notirq.user)
 *(.exceptions.notirq)
 .exceptions.notirq
                0x00000000010001bc        0x8 ../FreeRTOS_OneCPU_bsp/\libhal_bsp.a(alt_exception_entry.o)
 *(.exceptions.soft.user)
 *(.exceptions.soft)
 .exceptions.soft
                0x00000000010001c4       0x2c obj/default/Source/portable/GCC/NiosII/port_asm.o
 *(.exceptions.unknown.user)
 *(.exceptions.unknown)
 .exceptions.unknown
                0x00000000010001f0       0x14 ../FreeRTOS_OneCPU_bsp/\libhal_bsp.a(alt_exception_entry.o)
 *(.exceptions.exit.label)
 .exceptions.exit.label
                0x0000000001000204        0x0 ../FreeRTOS_OneCPU_bsp/\libhal_bsp.a(alt_irq_entry.o)
 .exceptions.exit.label
                0x0000000001000204        0x0 ../FreeRTOS_OneCPU_bsp/\libhal_bsp.a(alt_exception_entry.o)
 *(.exceptions.exit.user)
 *(.exceptions.exit)
 .exceptions.exit
                0x0000000001000204       0x54 ../FreeRTOS_OneCPU_bsp/\libhal_bsp.a(alt_exception_entry.o)
 *(.exceptions)
 .exceptions    0x0000000001000258       0xd4 ../FreeRTOS_OneCPU_bsp/\libhal_bsp.a(alt_irq_handler.o)
                0x0000000001000258                alt_irq_handler
 .exceptions    0x000000000100032c       0x74 ../FreeRTOS_OneCPU_bsp/\libhal_bsp.a(alt_instruction_exception_entry.o)
                0x000000000100032c                alt_instruction_exception_entry
                0x00000000010003a0                PROVIDE (__ram_exceptions_end, ABSOLUTE (.))
                0x0000000001000020                PROVIDE (__flash_exceptions_start, LOADADDR (.exceptions))

.text           0x00000000010003a0    0x1a0b4
                [!provide]                        PROVIDE (stext, ABSOLUTE (.))
 *(.interp)
 *(.hash)
 *(.dynsym)
 *(.dynstr)
 *(.gnu.version)
 *(.gnu.version_d)
 *(.gnu.version_r)
 *(.rel.init)
 *(.rela.init)
 *(.rel.text .rel.text.* .rel.gnu.linkonce.t.*)
 *(.rela.text .rela.text.* .rela.gnu.linkonce.t.*)
 *(.rel.fini)
 *(.rela.fini)
 *(.rel.rodata .rel.rodata.* .rel.gnu.linkonce.r.*)
 *(.rela.rodata .rela.rodata.* .rela.gnu.linkonce.r.*)
 *(.rel.data .rel.data.* .rel.gnu.linkonce.d.*)
 *(.rela.data .rela.data.* .rela.gnu.linkonce.d.*)
 *(.rel.tdata .rel.tdata.* .rel.gnu.linkonce.td.*)
 *(.rela.tdata .rela.tdata.* .rela.gnu.linkonce.td.*)
 *(.rel.tbss .rel.tbss.* .rel.gnu.linkonce.tb.*)
 *(.rela.tbss .rela.tbss.* .rela.gnu.linkonce.tb.*)
 *(.rel.ctors)
 *(.rela.ctors)
 *(.rel.dtors)
 *(.rela.dtors)
 *(.rel.got)
 *(.rela.got)
 *(.rel.sdata .rel.sdata.* .rel.gnu.linkonce.s.*)
 *(.rela.sdata .rela.sdata.* .rela.gnu.linkonce.s.*)
 *(.rel.sbss .rel.sbss.* .rel.gnu.linkonce.sb.*)
 *(.rela.sbss .rela.sbss.* .rela.gnu.linkonce.sb.*)
 *(.rel.sdata2 .rel.sdata2.* .rel.gnu.linkonce.s2.*)
 *(.rela.sdata2 .rela.sdata2.* .rela.gnu.linkonce.s2.*)
 *(.rel.sbss2 .rel.sbss2.* .rel.gnu.linkonce.sb2.*)
 *(.rela.sbss2 .rela.sbss2.* .rela.gnu.linkonce.sb2.*)
 *(.rel.bss .rel.bss.* .rel.gnu.linkonce.b.*)
 *(.rela.bss .rela.bss.* .rela.gnu.linkonce.b.*)
 *(.rel.plt)
 *(.rela.plt)
 *(.rel.dyn)
 *(.init)
 *(.plt)
 *(.text .stub .text.* .gnu.linkonce.t.*)
 .text          0x00000000010003a0       0x4c ../FreeRTOS_OneCPU_bsp//obj/HAL/src/crt0.o
                0x00000000010003a0                _start
 .text          0x00000000010003ec        0x0 obj/default/Source/croutine.o
 .text          0x00000000010003ec      0x700 obj/default/Source/event_groups.o
                0x00000000010003ec                xEventGroupCreate
                0x0000000001000440                xEventGroupSync
                0x00000000010005c4                xEventGroupWaitBits
                0x000000000100076c                xEventGroupClearBits
                0x00000000010007d4                xEventGroupGetBitsFromISR
                0x0000000001000810                xEventGroupSetBits
                0x0000000001000990                vEventGroupDelete
                0x0000000001000a04                vEventGroupSetBitsCallback
                0x0000000001000a40                vEventGroupClearBitsCallback
 .text          0x0000000001000aec      0x290 obj/default/Source/list.o
                0x0000000001000aec                vListInitialise
                0x0000000001000b54                vListInitialiseItem
                0x0000000001000b80                vListInsertEnd
                0x0000000001000c0c                vListInsert
                0x0000000001000ce4                uxListRemove
 .text          0x0000000001000d7c      0x234 obj/default/Source/portable/GCC/NiosII/port.o
                0x0000000001000da8                pxPortInitialiseStack
                0x0000000001000e88                xPortStartScheduler
                0x0000000001000ec0                vPortEndScheduler
                0x0000000001000f68                vPortSysTickHandler
 .text          0x0000000001000fb0      0x354 obj/default/Source/portable/MemMang/heap_2.o
                0x0000000001000fb0                pvPortMalloc
                0x0000000001001184                vPortFree
                0x0000000001001250                xPortGetFreeHeapSize
                0x0000000001001270                vPortInitialiseBlocks
 .text          0x0000000001001304     0x1474 obj/default/Source/queue.o
                0x0000000001001304                xQueueGenericReset
                0x0000000001001418                xQueueGenericCreate
                0x00000000010015a4                xQueueCreateMutex
                0x0000000001001600                xQueueGiveMutexRecursive
                0x0000000001001690                xQueueTakeMutexRecursive
                0x000000000100172c                xQueueCreateCountingSemaphore
                0x0000000001001784                xQueueGenericSend
                0x0000000001001938                xQueueGenericSendFromISR
                0x0000000001001a20                xQueueGiveFromISR
                0x0000000001001afc                xQueueReceive
                0x0000000001001ca4                xQueueSemaphoreTake
                0x0000000001001eb4                xQueuePeek
                0x0000000001002064                xQueueReceiveFromISR
                0x0000000001002148                xQueuePeekFromISR
                0x00000000010021c4                uxQueueMessagesWaiting
                0x0000000001002204                uxQueueSpacesAvailable
                0x0000000001002258                uxQueueMessagesWaitingFromISR
                0x0000000001002290                vQueueDelete
                0x0000000001002688                xQueueIsQueueEmptyFromISR
                0x0000000001002728                xQueueIsQueueFullFromISR
 .text          0x0000000001002778      0xea4 obj/default/Source/stream_buffer.o
                0x0000000001002778                xStreamBufferGenericCreate
                0x0000000001002824                vStreamBufferDelete
                0x0000000001002888                xStreamBufferReset
                0x0000000001002924                xStreamBufferSetTriggerLevel
                0x0000000001002990                xStreamBufferSpacesAvailable
                0x0000000001002a18                xStreamBufferBytesAvailable
                0x0000000001002a58                xStreamBufferSend
                0x0000000001002be0                xStreamBufferSendFromISR
                0x0000000001002da4                xStreamBufferReceive
                0x0000000001002efc                xStreamBufferNextMessageLengthBytes
                0x0000000001002fa4                xStreamBufferReceiveFromISR
                0x0000000001003144                xStreamBufferIsEmpty
                0x000000000100319c                xStreamBufferIsFull
                0x0000000001003218                xStreamBufferSendCompletedFromISR
                0x000000000100329c                xStreamBufferReceiveCompletedFromISR
 .text          0x000000000100361c     0x2538 obj/default/Source/tasks.o
                0x000000000100361c                xTaskCreate
                0x00000000010039e4                vTaskDelete
                0x0000000001003acc                vTaskDelayUntil
                0x0000000001003bbc                vTaskDelay
                0x0000000001003c18                eTaskGetState
                0x0000000001003d28                uxTaskPriorityGet
                0x0000000001003d80                uxTaskPriorityGetFromISR
                0x0000000001003dcc                vTaskPrioritySet
                0x0000000001003f70                vTaskSuspend
                0x00000000010040d8                vTaskResume
                0x00000000010041a4                xTaskResumeFromISR
                0x0000000001004284                vTaskStartScheduler
                0x0000000001004314                vTaskEndScheduler
                0x000000000100435c                vTaskSuspendAll
                0x0000000001004388                xTaskResumeAll
                0x00000000010044e0                xTaskGetTickCount
                0x0000000001004508                xTaskGetTickCountFromISR
                0x0000000001004534                uxTaskGetNumberOfTasks
                0x0000000001004554                pcTaskGetName
                0x0000000001004594                xTaskIncrementTick
                0x0000000001004744                vTaskSwitchContext
                0x000000000100481c                vTaskPlaceOnEventList
                0x000000000100486c                vTaskPlaceOnUnorderedEventList
                0x00000000010048d0                xTaskRemoveFromEventList
                0x00000000010049c4                vTaskRemoveFromUnorderedEventList
                0x0000000001004a8c                vTaskSetTimeOutState
                0x0000000001004ad8                vTaskInternalSetTimeOutState
                0x0000000001004b14                xTaskCheckForTimeOut
                0x0000000001004bf4                vTaskMissedYield
                0x0000000001004dd4                uxTaskGetStackHighWaterMark
                0x0000000001004ecc                xTaskGetCurrentTaskHandle
                0x0000000001004ef4                xTaskPriorityInherit
                0x0000000001005034                xTaskPriorityDisinherit
                0x0000000001005130                vTaskPriorityDisinheritAfterTimeout
                0x0000000001005270                vTaskEnterCritical
                0x00000000010052c4                vTaskExitCritical
                0x0000000001005324                uxTaskResetEventItemValue
                0x0000000001005368                pvTaskIncrementMutexHeldCount
                0x00000000010053a0                ulTaskNotifyTake
                0x0000000001005450                xTaskNotifyWait
                0x0000000001005544                xTaskGenericNotify
                0x00000000010056f0                xTaskGenericNotifyFromISR
                0x00000000010058d4                vTaskNotifyGiveFromISR
                0x00000000010059f4                xTaskNotifyStateClear
 .text          0x0000000001005b54        0x0 obj/default/Source/timers.o
 .text          0x0000000001005b54       0x34 obj/default/hello_world.o
                0x0000000001005b54                main
 .text          0x0000000001005b88      0x2fc obj/default/metal-test.o
                0x0000000001005c28                metal_add_test_case
                0x0000000001005c64                metal_tests_run
 .text          0x0000000001005e84      0x89c obj/default/metal/device.o
                0x00000000010060bc                metal_bus_register
                0x00000000010061b4                metal_bus_unregister
                0x0000000001006258                metal_bus_find
                0x00000000010062fc                metal_device_open
                0x00000000010063e8                metal_device_close
                0x0000000001006478                metal_register_generic_device
                0x000000000100650c                metal_generic_dev_open
                0x00000000010065b0                metal_generic_dev_dma_map
                0x0000000001006698                metal_generic_dev_dma_unmap
 .text          0x0000000001006720      0x160 obj/default/metal/dma.o
                0x0000000001006720                metal_dma_map
                0x00000000010067e0                metal_dma_unmap
 .text          0x0000000001006880      0x198 obj/default/metal/freertos/alloc.o
 .text          0x0000000001006a18      0x164 obj/default/metal/freertos/atomic.o
 .text          0x0000000001006b7c       0x28 obj/default/metal/freertos/condition.o
                0x0000000001006b7c                metal_condition_wait
 .text          0x0000000001006ba4       0x84 obj/default/metal/freertos/device.o
                0x0000000001006ba4                metal_generic_dev_sys_open
 .text          0x0000000001006c28       0x6c obj/default/metal/freertos/init.o
                0x0000000001006c28                metal_sys_init
                0x0000000001006c60                metal_sys_finish
 .text          0x0000000001006c94       0xec obj/default/metal/freertos/io.o
                0x0000000001006c94                metal_sys_io_mem_map
 .text          0x0000000001006d80      0x20c obj/default/metal/freertos/irq.o
 .text          0x0000000001006f8c      0x298 obj/default/metal/freertos/mutex.o
 .text          0x0000000001007224       0x80 obj/default/metal/freertos/nios2/sys.o
                0x0000000001007224                metal_machine_cache_flush
                0x000000000100724c                metal_machine_cache_invalidate
                0x0000000001007274                metal_machine_io_mem_map
 .text          0x00000000010072a4       0x40 obj/default/metal/freertos/shmem.o
                0x00000000010072a4                metal_shmem_open
 .text          0x00000000010072e4      0x160 obj/default/metal/freertos/sleep.o
 .text          0x0000000001007444      0x450 obj/default/metal/freertos/threads.o
                0x00000000010074a0                metal_run
                0x00000000010075a0                metal_run_noblock
                0x00000000010077b4                metal_finish_threads
 .text          0x0000000001007894       0x50 obj/default/metal/freertos/time.o
                0x0000000001007894                metal_get_timestamp
 .text          0x00000000010078e4      0x12c obj/default/metal/init.o
                0x0000000001007924                metal_init
                0x00000000010079d0                metal_finish
 .text          0x0000000001007a10      0x6ec obj/default/metal/io.o
                0x0000000001007a6c                metal_io_init
                0x0000000001007bd4                metal_io_block_read
                0x0000000001007d88                metal_io_block_write
                0x0000000001007f38                metal_io_block_set
 .text          0x00000000010080fc      0x498 obj/default/metal/irq.o
                0x0000000001008290                metal_irq_register_controller
                0x0000000001008450                metal_irq_register
                0x000000000100851c                metal_irq_enable
                0x0000000001008558                metal_irq_disable
 .text          0x0000000001008594       0xe8 obj/default/metal/log.o
                0x0000000001008594                metal_default_log_handler
                0x00000000010085c4                metal_set_log_handler
                0x00000000010085f8                metal_get_log_handler
                0x0000000001008620                metal_set_log_level
                0x0000000001008654                metal_get_log_level
 .text          0x000000000100867c      0x248 obj/default/metal/shmem.o
                0x0000000001008744                metal_shmem_register_generic
                0x00000000010087fc                metal_shmem_open_generic
 .text          0x00000000010088c4      0x3c4 obj/default/metal/softirq.o
                0x00000000010089dc                metal_softirq_set
                0x0000000001008a6c                metal_softirq_init
                0x0000000001008a9c                metal_softirq_allocate
                0x0000000001008b58                metal_softirq_dispatch
 .text          0x0000000001008c88        0x0 obj/default/Source/portable/GCC/NiosII/port_asm.o
 .text          0x0000000001008c88        0x0 c:/intelfpga_lite/17.0/nios2eds/bin/gnu/h-x86_64-mingw32/bin/../lib/gcc/nios2-elf/5.3.0/../../../../../H-x86_64-mingw32/nios2-elf/lib\libc.a(lib_a-assert.o)
 .text.__assert_func
                0x0000000001008c88       0x68 c:/intelfpga_lite/17.0/nios2eds/bin/gnu/h-x86_64-mingw32/bin/../lib/gcc/nios2-elf/5.3.0/../../../../../H-x86_64-mingw32/nios2-elf/lib\libc.a(lib_a-assert.o)
                0x0000000001008c88                __assert_func
 .text.__assert
                0x0000000001008cf0       0x14 c:/intelfpga_lite/17.0/nios2eds/bin/gnu/h-x86_64-mingw32/bin/../lib/gcc/nios2-elf/5.3.0/../../../../../H-x86_64-mingw32/nios2-elf/lib\libc.a(lib_a-assert.o)
                0x0000000001008cf0                __assert
 .text          0x0000000001008d04        0x0 c:/intelfpga_lite/17.0/nios2eds/bin/gnu/h-x86_64-mingw32/bin/../lib/gcc/nios2-elf/5.3.0/../../../../../H-x86_64-mingw32/nios2-elf/lib\libc.a(lib_a-fiprintf.o)
 .text._fiprintf_r
                0x0000000001008d04       0x20 c:/intelfpga_lite/17.0/nios2eds/bin/gnu/h-x86_64-mingw32/bin/../lib/gcc/nios2-elf/5.3.0/../../../../../H-x86_64-mingw32/nios2-elf/lib\libc.a(lib_a-fiprintf.o)
                0x0000000001008d04                _fiprintf_r
 .text.fiprintf
                0x0000000001008d24       0x3c c:/intelfpga_lite/17.0/nios2eds/bin/gnu/h-x86_64-mingw32/bin/../lib/gcc/nios2-elf/5.3.0/../../../../../H-x86_64-mingw32/nios2-elf/lib\libc.a(lib_a-fiprintf.o)
                0x0000000001008d24                fiprintf
 .text          0x0000000001008d60        0x0 c:/intelfpga_lite/17.0/nios2eds/bin/gnu/h-x86_64-mingw32/bin/../lib/gcc/nios2-elf/5.3.0/../../../../../H-x86_64-mingw32/nios2-elf/lib\libc.a(lib_a-impure.o)
 .text          0x0000000001008d60        0x0 c:/intelfpga_lite/17.0/nios2eds/bin/gnu/h-x86_64-mingw32/bin/../lib/gcc/nios2-elf/5.3.0/../../../../../H-x86_64-mingw32/nios2-elf/lib\libc.a(lib_a-memcpy.o)
 .text.memcpy   0x0000000001008d60      0x148 c:/intelfpga_lite/17.0/nios2eds/bin/gnu/h-x86_64-mingw32/bin/../lib/gcc/nios2-elf/5.3.0/../../../../../H-x86_64-mingw32/nios2-elf/lib\libc.a(lib_a-memcpy.o)
                0x0000000001008d60                memcpy
 .text          0x0000000001008ea8        0x0 c:/intelfpga_lite/17.0/nios2eds/bin/gnu/h-x86_64-mingw32/bin/../lib/gcc/nios2-elf/5.3.0/../../../../../H-x86_64-mingw32/nios2-elf/lib\libc.a(lib_a-memset.o)
 .text.memset   0x0000000001008ea8      0x128 c:/intelfpga_lite/17.0/nios2eds/bin/gnu/h-x86_64-mingw32/bin/../lib/gcc/nios2-elf/5.3.0/../../../../../H-x86_64-mingw32/nios2-elf/lib\libc.a(lib_a-memset.o)
                0x0000000001008ea8                memset
 .text          0x0000000001008fd0        0x0 c:/intelfpga_lite/17.0/nios2eds/bin/gnu/h-x86_64-mingw32/bin/../lib/gcc/nios2-elf/5.3.0/../../../../../H-x86_64-mingw32/nios2-elf/lib\libc.a(lib_a-puts.o)
 .text._puts_r  0x0000000001008fd0       0xc0 c:/intelfpga_lite/17.0/nios2eds/bin/gnu/h-x86_64-mingw32/bin/../lib/gcc/nios2-elf/5.3.0/../../../../../H-x86_64-mingw32/nios2-elf/lib\libc.a(lib_a-puts.o)
                0x0000000001008fd0                _puts_r
 .text.puts     0x0000000001009090       0x14 c:/intelfpga_lite/17.0/nios2eds/bin/gnu/h-x86_64-mingw32/bin/../lib/gcc/nios2-elf/5.3.0/../../../../../H-x86_64-mingw32/nios2-elf/lib\libc.a(lib_a-puts.o)
                0x0000000001009090                puts
 .text          0x00000000010090a4        0x0 c:/intelfpga_lite/17.0/nios2eds/bin/gnu/h-x86_64-mingw32/bin/../lib/gcc/nios2-elf/5.3.0/../../../../../H-x86_64-mingw32/nios2-elf/lib\libc.a(lib_a-snprintf.o)
 .text._snprintf_r
                0x00000000010090a4       0xd8 c:/intelfpga_lite/17.0/nios2eds/bin/gnu/h-x86_64-mingw32/bin/../lib/gcc/nios2-elf/5.3.0/../../../../../H-x86_64-mingw32/nios2-elf/lib\libc.a(lib_a-snprintf.o)
                0x00000000010090a4                _snprintf_r
 .text.snprintf
                0x000000000100917c       0xe4 c:/intelfpga_lite/17.0/nios2eds/bin/gnu/h-x86_64-mingw32/bin/../lib/gcc/nios2-elf/5.3.0/../../../../../H-x86_64-mingw32/nios2-elf/lib\libc.a(lib_a-snprintf.o)
                0x000000000100917c                snprintf
 .text          0x0000000001009260        0x0 c:/intelfpga_lite/17.0/nios2eds/bin/gnu/h-x86_64-mingw32/bin/../lib/gcc/nios2-elf/5.3.0/../../../../../H-x86_64-mingw32/nios2-elf/lib\libc.a(lib_a-strcmp.o)
 .text.strcmp   0x0000000001009260       0xdc c:/intelfpga_lite/17.0/nios2eds/bin/gnu/h-x86_64-mingw32/bin/../lib/gcc/nios2-elf/5.3.0/../../../../../H-x86_64-mingw32/nios2-elf/lib\libc.a(lib_a-strcmp.o)
                0x0000000001009260                strcmp
 .text          0x000000000100933c        0x0 c:/intelfpga_lite/17.0/nios2eds/bin/gnu/h-x86_64-mingw32/bin/../lib/gcc/nios2-elf/5.3.0/../../../../../H-x86_64-mingw32/nios2-elf/lib\libc.a(lib_a-strerror.o)
 .text._strerror_r
                0x000000000100933c      0x65c c:/intelfpga_lite/17.0/nios2eds/bin/gnu/h-x86_64-mingw32/bin/../lib/gcc/nios2-elf/5.3.0/../../../../../H-x86_64-mingw32/nios2-elf/lib\libc.a(lib_a-strerror.o)
                0x000000000100933c                _strerror_r
 .text.strerror
                0x0000000001009998       0x1c c:/intelfpga_lite/17.0/nios2eds/bin/gnu/h-x86_64-mingw32/bin/../lib/gcc/nios2-elf/5.3.0/../../../../../H-x86_64-mingw32/nios2-elf/lib\libc.a(lib_a-strerror.o)
                0x0000000001009998                strerror
 .text          0x00000000010099b4        0x0 c:/intelfpga_lite/17.0/nios2eds/bin/gnu/h-x86_64-mingw32/bin/../lib/gcc/nios2-elf/5.3.0/../../../../../H-x86_64-mingw32/nios2-elf/lib\libc.a(lib_a-strlen.o)
 .text.strlen   0x00000000010099b4       0x98 c:/intelfpga_lite/17.0/nios2eds/bin/gnu/h-x86_64-mingw32/bin/../lib/gcc/nios2-elf/5.3.0/../../../../../H-x86_64-mingw32/nios2-elf/lib\libc.a(lib_a-strlen.o)
                0x00000000010099b4                strlen
 .text          0x0000000001009a4c        0x0 c:/intelfpga_lite/17.0/nios2eds/bin/gnu/h-x86_64-mingw32/bin/../lib/gcc/nios2-elf/5.3.0/../../../../../H-x86_64-mingw32/nios2-elf/lib\libc.a(lib_a-svfprintf.o)
 .text.___svfprintf_internal_r
                0x0000000001009a4c     0x21d8 c:/intelfpga_lite/17.0/nios2eds/bin/gnu/h-x86_64-mingw32/bin/../lib/gcc/nios2-elf/5.3.0/../../../../../H-x86_64-mingw32/nios2-elf/lib\libc.a(lib_a-svfprintf.o)
                0x0000000001009a4c                ___svfprintf_internal_r
 .text          0x000000000100bc24        0x0 c:/intelfpga_lite/17.0/nios2eds/bin/gnu/h-x86_64-mingw32/bin/../lib/gcc/nios2-elf/5.3.0/../../../../../H-x86_64-mingw32/nios2-elf/lib\libc.a(lib_a-u_strerr.o)
 .text._user_strerror
                0x000000000100bc24        0x8 c:/intelfpga_lite/17.0/nios2eds/bin/gnu/h-x86_64-mingw32/bin/../lib/gcc/nios2-elf/5.3.0/../../../../../H-x86_64-mingw32/nios2-elf/lib\libc.a(lib_a-u_strerr.o)
                0x000000000100bc24                _user_strerror
 .text          0x000000000100bc2c        0x0 c:/intelfpga_lite/17.0/nios2eds/bin/gnu/h-x86_64-mingw32/bin/../lib/gcc/nios2-elf/5.3.0/../../../../../H-x86_64-mingw32/nios2-elf/lib\libc.a(lib_a-vfiprintfr_1.o)
 .text._vfiprintf_r
                0x000000000100bc2c       0x18 c:/intelfpga_lite/17.0/nios2eds/bin/gnu/h-x86_64-mingw32/bin/../lib/gcc/nios2-elf/5.3.0/../../../../../H-x86_64-mingw32/nios2-elf/lib\libc.a(lib_a-vfiprintfr_1.o)
                0x000000000100bc2c                _vfiprintf_r
 .text          0x000000000100bc44        0x0 c:/intelfpga_lite/17.0/nios2eds/bin/gnu/h-x86_64-mingw32/bin/../lib/gcc/nios2-elf/5.3.0/../../../../../H-x86_64-mingw32/nios2-elf/lib\libc.a(lib_a-abort.o)
 .text.abort    0x000000000100bc44       0x18 c:/intelfpga_lite/17.0/nios2eds/bin/gnu/h-x86_64-mingw32/bin/../lib/gcc/nios2-elf/5.3.0/../../../../../H-x86_64-mingw32/nios2-elf/lib\libc.a(lib_a-abort.o)
                0x000000000100bc44                abort
 .text          0x000000000100bc5c        0x0 c:/intelfpga_lite/17.0/nios2eds/bin/gnu/h-x86_64-mingw32/bin/../lib/gcc/nios2-elf/5.3.0/../../../../../H-x86_64-mingw32/nios2-elf/lib\libc.a(lib_a-dtoa.o)
 .text.quorem   0x000000000100bc5c      0x200 c:/intelfpga_lite/17.0/nios2eds/bin/gnu/h-x86_64-mingw32/bin/../lib/gcc/nios2-elf/5.3.0/../../../../../H-x86_64-mingw32/nios2-elf/lib\libc.a(lib_a-dtoa.o)
 .text._dtoa_r  0x000000000100be5c     0x1688 c:/intelfpga_lite/17.0/nios2eds/bin/gnu/h-x86_64-mingw32/bin/../lib/gcc/nios2-elf/5.3.0/../../../../../H-x86_64-mingw32/nios2-elf/lib\libc.a(lib_a-dtoa.o)
                0x000000000100be5c                _dtoa_r
 .text          0x000000000100d4e4        0x0 c:/intelfpga_lite/17.0/nios2eds/bin/gnu/h-x86_64-mingw32/bin/../lib/gcc/nios2-elf/5.3.0/../../../../../H-x86_64-mingw32/nios2-elf/lib\libc.a(lib_a-findfp.o)
 .text.__fp_unlock
                0x000000000100d4e4        0x8 c:/intelfpga_lite/17.0/nios2eds/bin/gnu/h-x86_64-mingw32/bin/../lib/gcc/nios2-elf/5.3.0/../../../../../H-x86_64-mingw32/nios2-elf/lib\libc.a(lib_a-findfp.o)
 .text._cleanup_r
                0x000000000100d4ec        0xc c:/intelfpga_lite/17.0/nios2eds/bin/gnu/h-x86_64-mingw32/bin/../lib/gcc/nios2-elf/5.3.0/../../../../../H-x86_64-mingw32/nios2-elf/lib\libc.a(lib_a-findfp.o)
                0x000000000100d4ec                _cleanup_r
 .text.__sinit.part.1
                0x000000000100d4f8      0x19c c:/intelfpga_lite/17.0/nios2eds/bin/gnu/h-x86_64-mingw32/bin/../lib/gcc/nios2-elf/5.3.0/../../../../../H-x86_64-mingw32/nios2-elf/lib\libc.a(lib_a-findfp.o)
 .text.__fp_lock
                0x000000000100d694        0x8 c:/intelfpga_lite/17.0/nios2eds/bin/gnu/h-x86_64-mingw32/bin/../lib/gcc/nios2-elf/5.3.0/../../../../../H-x86_64-mingw32/nios2-elf/lib\libc.a(lib_a-findfp.o)
 .text.__sfmoreglue
                0x000000000100d69c       0x68 c:/intelfpga_lite/17.0/nios2eds/bin/gnu/h-x86_64-mingw32/bin/../lib/gcc/nios2-elf/5.3.0/../../../../../H-x86_64-mingw32/nios2-elf/lib\libc.a(lib_a-findfp.o)
                0x000000000100d69c                __sfmoreglue
 .text.__sfp    0x000000000100d704      0x118 c:/intelfpga_lite/17.0/nios2eds/bin/gnu/h-x86_64-mingw32/bin/../lib/gcc/nios2-elf/5.3.0/../../../../../H-x86_64-mingw32/nios2-elf/lib\libc.a(lib_a-findfp.o)
                0x000000000100d704                __sfp
 .text._cleanup
                0x000000000100d81c       0x18 c:/intelfpga_lite/17.0/nios2eds/bin/gnu/h-x86_64-mingw32/bin/../lib/gcc/nios2-elf/5.3.0/../../../../../H-x86_64-mingw32/nios2-elf/lib\libc.a(lib_a-findfp.o)
                0x000000000100d81c                _cleanup
 .text.__sinit  0x000000000100d834       0x10 c:/intelfpga_lite/17.0/nios2eds/bin/gnu/h-x86_64-mingw32/bin/../lib/gcc/nios2-elf/5.3.0/../../../../../H-x86_64-mingw32/nios2-elf/lib\libc.a(lib_a-findfp.o)
                0x000000000100d834                __sinit
 .text.__sfp_lock_acquire
                0x000000000100d844        0x4 c:/intelfpga_lite/17.0/nios2eds/bin/gnu/h-x86_64-mingw32/bin/../lib/gcc/nios2-elf/5.3.0/../../../../../H-x86_64-mingw32/nios2-elf/lib\libc.a(lib_a-findfp.o)
                0x000000000100d844                __sfp_lock_acquire
 .text.__sfp_lock_release
                0x000000000100d848        0x4 c:/intelfpga_lite/17.0/nios2eds/bin/gnu/h-x86_64-mingw32/bin/../lib/gcc/nios2-elf/5.3.0/../../../../../H-x86_64-mingw32/nios2-elf/lib\libc.a(lib_a-findfp.o)
                0x000000000100d848                __sfp_lock_release
 .text.__sinit_lock_acquire
                0x000000000100d84c        0x4 c:/intelfpga_lite/17.0/nios2eds/bin/gnu/h-x86_64-mingw32/bin/../lib/gcc/nios2-elf/5.3.0/../../../../../H-x86_64-mingw32/nios2-elf/lib\libc.a(lib_a-findfp.o)
                0x000000000100d84c                __sinit_lock_acquire
 .text.__sinit_lock_release
                0x000000000100d850        0x4 c:/intelfpga_lite/17.0/nios2eds/bin/gnu/h-x86_64-mingw32/bin/../lib/gcc/nios2-elf/5.3.0/../../../../../H-x86_64-mingw32/nios2-elf/lib\libc.a(lib_a-findfp.o)
                0x000000000100d850                __sinit_lock_release
 .text.__fp_lock_all
                0x000000000100d854       0x18 c:/intelfpga_lite/17.0/nios2eds/bin/gnu/h-x86_64-mingw32/bin/../lib/gcc/nios2-elf/5.3.0/../../../../../H-x86_64-mingw32/nios2-elf/lib\libc.a(lib_a-findfp.o)
                0x000000000100d854                __fp_lock_all
 .text.__fp_unlock_all
                0x000000000100d86c       0x18 c:/intelfpga_lite/17.0/nios2eds/bin/gnu/h-x86_64-mingw32/bin/../lib/gcc/nios2-elf/5.3.0/../../../../../H-x86_64-mingw32/nios2-elf/lib\libc.a(lib_a-findfp.o)
                0x000000000100d86c                __fp_unlock_all
 .text          0x000000000100d884        0x0 c:/intelfpga_lite/17.0/nios2eds/bin/gnu/h-x86_64-mingw32/bin/../lib/gcc/nios2-elf/5.3.0/../../../../../H-x86_64-mingw32/nios2-elf/lib\libc.a(lib_a-fvwrite.o)
 .text.__sfvwrite_r
                0x000000000100d884      0x4bc c:/intelfpga_lite/17.0/nios2eds/bin/gnu/h-x86_64-mingw32/bin/../lib/gcc/nios2-elf/5.3.0/../../../../../H-x86_64-mingw32/nios2-elf/lib\libc.a(lib_a-fvwrite.o)
                0x000000000100d884                __sfvwrite_r
 .text          0x000000000100dd40        0x0 c:/intelfpga_lite/17.0/nios2eds/bin/gnu/h-x86_64-mingw32/bin/../lib/gcc/nios2-elf/5.3.0/../../../../../H-x86_64-mingw32/nios2-elf/lib\libc.a(lib_a-fwalk.o)
 .text._fwalk   0x000000000100dd40       0xc4 c:/intelfpga_lite/17.0/nios2eds/bin/gnu/h-x86_64-mingw32/bin/../lib/gcc/nios2-elf/5.3.0/../../../../../H-x86_64-mingw32/nios2-elf/lib\libc.a(lib_a-fwalk.o)
                0x000000000100dd40                _fwalk
 .text._fwalk_reent
                0x000000000100de04       0xc4 c:/intelfpga_lite/17.0/nios2eds/bin/gnu/h-x86_64-mingw32/bin/../lib/gcc/nios2-elf/5.3.0/../../../../../H-x86_64-mingw32/nios2-elf/lib\libc.a(lib_a-fwalk.o)
                0x000000000100de04                _fwalk_reent
 .text          0x000000000100dec8        0x0 c:/intelfpga_lite/17.0/nios2eds/bin/gnu/h-x86_64-mingw32/bin/../lib/gcc/nios2-elf/5.3.0/../../../../../H-x86_64-mingw32/nios2-elf/lib\libc.a(lib_a-locale.o)
 .text._setlocale_r
                0x000000000100dec8       0x7c c:/intelfpga_lite/17.0/nios2eds/bin/gnu/h-x86_64-mingw32/bin/../lib/gcc/nios2-elf/5.3.0/../../../../../H-x86_64-mingw32/nios2-elf/lib\libc.a(lib_a-locale.o)
                0x000000000100dec8                _setlocale_r
 .text.__locale_charset
                0x000000000100df44        0xc c:/intelfpga_lite/17.0/nios2eds/bin/gnu/h-x86_64-mingw32/bin/../lib/gcc/nios2-elf/5.3.0/../../../../../H-x86_64-mingw32/nios2-elf/lib\libc.a(lib_a-locale.o)
                0x000000000100df44                __locale_charset
 .text.__locale_mb_cur_max
                0x000000000100df50       0x10 c:/intelfpga_lite/17.0/nios2eds/bin/gnu/h-x86_64-mingw32/bin/../lib/gcc/nios2-elf/5.3.0/../../../../../H-x86_64-mingw32/nios2-elf/lib\libc.a(lib_a-locale.o)
                0x000000000100df50                __locale_mb_cur_max
 .text.__locale_msgcharset
                0x000000000100df60        0xc c:/intelfpga_lite/17.0/nios2eds/bin/gnu/h-x86_64-mingw32/bin/../lib/gcc/nios2-elf/5.3.0/../../../../../H-x86_64-mingw32/nios2-elf/lib\libc.a(lib_a-locale.o)
                0x000000000100df60                __locale_msgcharset
 .text.__locale_cjk_lang
                0x000000000100df6c        0x8 c:/intelfpga_lite/17.0/nios2eds/bin/gnu/h-x86_64-mingw32/bin/../lib/gcc/nios2-elf/5.3.0/../../../../../H-x86_64-mingw32/nios2-elf/lib\libc.a(lib_a-locale.o)
                0x000000000100df6c                __locale_cjk_lang
 .text._localeconv_r
                0x000000000100df74        0xc c:/intelfpga_lite/17.0/nios2eds/bin/gnu/h-x86_64-mingw32/bin/../lib/gcc/nios2-elf/5.3.0/../../../../../H-x86_64-mingw32/nios2-elf/lib\libc.a(lib_a-locale.o)
                0x000000000100df74                _localeconv_r
 .text.setlocale
                0x000000000100df80       0x18 c:/intelfpga_lite/17.0/nios2eds/bin/gnu/h-x86_64-mingw32/bin/../lib/gcc/nios2-elf/5.3.0/../../../../../H-x86_64-mingw32/nios2-elf/lib\libc.a(lib_a-locale.o)
                0x000000000100df80                setlocale
 .text.localeconv
                0x000000000100df98        0xc c:/intelfpga_lite/17.0/nios2eds/bin/gnu/h-x86_64-mingw32/bin/../lib/gcc/nios2-elf/5.3.0/../../../../../H-x86_64-mingw32/nios2-elf/lib\libc.a(lib_a-locale.o)
                0x000000000100df98                localeconv
 .text          0x000000000100dfa4        0x0 c:/intelfpga_lite/17.0/nios2eds/bin/gnu/h-x86_64-mingw32/bin/../lib/gcc/nios2-elf/5.3.0/../../../../../H-x86_64-mingw32/nios2-elf/lib\libc.a(lib_a-mallocr.o)
 .text._malloc_r
                0x000000000100dfa4      0x80c c:/intelfpga_lite/17.0/nios2eds/bin/gnu/h-x86_64-mingw32/bin/../lib/gcc/nios2-elf/5.3.0/../../../../../H-x86_64-mingw32/nios2-elf/lib\libc.a(lib_a-mallocr.o)
                0x000000000100dfa4                _malloc_r
 .text          0x000000000100e7b0        0x0 c:/intelfpga_lite/17.0/nios2eds/bin/gnu/h-x86_64-mingw32/bin/../lib/gcc/nios2-elf/5.3.0/../../../../../H-x86_64-mingw32/nios2-elf/lib\libc.a(lib_a-memchr.o)
 .text.memchr   0x000000000100e7b0       0xe4 c:/intelfpga_lite/17.0/nios2eds/bin/gnu/h-x86_64-mingw32/bin/../lib/gcc/nios2-elf/5.3.0/../../../../../H-x86_64-mingw32/nios2-elf/lib\libc.a(lib_a-memchr.o)
                0x000000000100e7b0                memchr
 .text          0x000000000100e894        0x0 c:/intelfpga_lite/17.0/nios2eds/bin/gnu/h-x86_64-mingw32/bin/../lib/gcc/nios2-elf/5.3.0/../../../../../H-x86_64-mingw32/nios2-elf/lib\libc.a(lib_a-memmove.o)
 .text.memmove  0x000000000100e894      0x15c c:/intelfpga_lite/17.0/nios2eds/bin/gnu/h-x86_64-mingw32/bin/../lib/gcc/nios2-elf/5.3.0/../../../../../H-x86_64-mingw32/nios2-elf/lib\libc.a(lib_a-memmove.o)
                0x000000000100e894                memmove
 .text          0x000000000100e9f0        0x0 c:/intelfpga_lite/17.0/nios2eds/bin/gnu/h-x86_64-mingw32/bin/../lib/gcc/nios2-elf/5.3.0/../../../../../H-x86_64-mingw32/nios2-elf/lib\libc.a(lib_a-mprec.o)
 .text._Balloc  0x000000000100e9f0       0xa8 c:/intelfpga_lite/17.0/nios2eds/bin/gnu/h-x86_64-mingw32/bin/../lib/gcc/nios2-elf/5.3.0/../../../../../H-x86_64-mingw32/nios2-elf/lib\libc.a(lib_a-mprec.o)
                0x000000000100e9f0                _Balloc
 .text._Bfree   0x000000000100ea98       0x28 c:/intelfpga_lite/17.0/nios2eds/bin/gnu/h-x86_64-mingw32/bin/../lib/gcc/nios2-elf/5.3.0/../../../../../H-x86_64-mingw32/nios2-elf/lib\libc.a(lib_a-mprec.o)
                0x000000000100ea98                _Bfree
 .text.__multadd
                0x000000000100eac0      0x120 c:/intelfpga_lite/17.0/nios2eds/bin/gnu/h-x86_64-mingw32/bin/../lib/gcc/nios2-elf/5.3.0/../../../../../H-x86_64-mingw32/nios2-elf/lib\libc.a(lib_a-mprec.o)
                0x000000000100eac0                __multadd
 .text.__s2b    0x000000000100ebe0      0x104 c:/intelfpga_lite/17.0/nios2eds/bin/gnu/h-x86_64-mingw32/bin/../lib/gcc/nios2-elf/5.3.0/../../../../../H-x86_64-mingw32/nios2-elf/lib\libc.a(lib_a-mprec.o)
                0x000000000100ebe0                __s2b
 .text.__hi0bits
                0x000000000100ece4       0x68 c:/intelfpga_lite/17.0/nios2eds/bin/gnu/h-x86_64-mingw32/bin/../lib/gcc/nios2-elf/5.3.0/../../../../../H-x86_64-mingw32/nios2-elf/lib\libc.a(lib_a-mprec.o)
                0x000000000100ece4                __hi0bits
 .text.__lo0bits
                0x000000000100ed4c       0xb0 c:/intelfpga_lite/17.0/nios2eds/bin/gnu/h-x86_64-mingw32/bin/../lib/gcc/nios2-elf/5.3.0/../../../../../H-x86_64-mingw32/nios2-elf/lib\libc.a(lib_a-mprec.o)
                0x000000000100ed4c                __lo0bits
 .text.__i2b    0x000000000100edfc       0x3c c:/intelfpga_lite/17.0/nios2eds/bin/gnu/h-x86_64-mingw32/bin/../lib/gcc/nios2-elf/5.3.0/../../../../../H-x86_64-mingw32/nios2-elf/lib\libc.a(lib_a-mprec.o)
                0x000000000100edfc                __i2b
 .text.__multiply
                0x000000000100ee38      0x1f8 c:/intelfpga_lite/17.0/nios2eds/bin/gnu/h-x86_64-mingw32/bin/../lib/gcc/nios2-elf/5.3.0/../../../../../H-x86_64-mingw32/nios2-elf/lib\libc.a(lib_a-mprec.o)
                0x000000000100ee38                __multiply
 .text.__pow5mult
                0x000000000100f030      0x140 c:/intelfpga_lite/17.0/nios2eds/bin/gnu/h-x86_64-mingw32/bin/../lib/gcc/nios2-elf/5.3.0/../../../../../H-x86_64-mingw32/nios2-elf/lib\libc.a(lib_a-mprec.o)
                0x000000000100f030                __pow5mult
 .text.__lshift
                0x000000000100f170      0x148 c:/intelfpga_lite/17.0/nios2eds/bin/gnu/h-x86_64-mingw32/bin/../lib/gcc/nios2-elf/5.3.0/../../../../../H-x86_64-mingw32/nios2-elf/lib\libc.a(lib_a-mprec.o)
                0x000000000100f170                __lshift
 .text.__mcmp   0x000000000100f2b8       0x60 c:/intelfpga_lite/17.0/nios2eds/bin/gnu/h-x86_64-mingw32/bin/../lib/gcc/nios2-elf/5.3.0/../../../../../H-x86_64-mingw32/nios2-elf/lib\libc.a(lib_a-mprec.o)
                0x000000000100f2b8                __mcmp
 .text.__mdiff  0x000000000100f318      0x1fc c:/intelfpga_lite/17.0/nios2eds/bin/gnu/h-x86_64-mingw32/bin/../lib/gcc/nios2-elf/5.3.0/../../../../../H-x86_64-mingw32/nios2-elf/lib\libc.a(lib_a-mprec.o)
                0x000000000100f318                __mdiff
 .text.__ulp    0x000000000100f514       0x64 c:/intelfpga_lite/17.0/nios2eds/bin/gnu/h-x86_64-mingw32/bin/../lib/gcc/nios2-elf/5.3.0/../../../../../H-x86_64-mingw32/nios2-elf/lib\libc.a(lib_a-mprec.o)
                0x000000000100f514                __ulp
 .text.__b2d    0x000000000100f578      0x10c c:/intelfpga_lite/17.0/nios2eds/bin/gnu/h-x86_64-mingw32/bin/../lib/gcc/nios2-elf/5.3.0/../../../../../H-x86_64-mingw32/nios2-elf/lib\libc.a(lib_a-mprec.o)
                0x000000000100f578                __b2d
 .text.__d2b    0x000000000100f684      0x14c c:/intelfpga_lite/17.0/nios2eds/bin/gnu/h-x86_64-mingw32/bin/../lib/gcc/nios2-elf/5.3.0/../../../../../H-x86_64-mingw32/nios2-elf/lib\libc.a(lib_a-mprec.o)
                0x000000000100f684                __d2b
 .text.__ratio  0x000000000100f7d0       0xa4 c:/intelfpga_lite/17.0/nios2eds/bin/gnu/h-x86_64-mingw32/bin/../lib/gcc/nios2-elf/5.3.0/../../../../../H-x86_64-mingw32/nios2-elf/lib\libc.a(lib_a-mprec.o)
                0x000000000100f7d0                __ratio
 .text._mprec_log10
                0x000000000100f874       0x74 c:/intelfpga_lite/17.0/nios2eds/bin/gnu/h-x86_64-mingw32/bin/../lib/gcc/nios2-elf/5.3.0/../../../../../H-x86_64-mingw32/nios2-elf/lib\libc.a(lib_a-mprec.o)
                0x000000000100f874                _mprec_log10
 .text.__copybits
                0x000000000100f8e8       0x78 c:/intelfpga_lite/17.0/nios2eds/bin/gnu/h-x86_64-mingw32/bin/../lib/gcc/nios2-elf/5.3.0/../../../../../H-x86_64-mingw32/nios2-elf/lib\libc.a(lib_a-mprec.o)
                0x000000000100f8e8                __copybits
 .text.__any_on
                0x000000000100f960       0x8c c:/intelfpga_lite/17.0/nios2eds/bin/gnu/h-x86_64-mingw32/bin/../lib/gcc/nios2-elf/5.3.0/../../../../../H-x86_64-mingw32/nios2-elf/lib\libc.a(lib_a-mprec.o)
                0x000000000100f960                __any_on
 .text          0x000000000100f9ec        0x0 c:/intelfpga_lite/17.0/nios2eds/bin/gnu/h-x86_64-mingw32/bin/../lib/gcc/nios2-elf/5.3.0/../../../../../H-x86_64-mingw32/nios2-elf/lib\libc.a(lib_a-reallocr.o)
 .text._realloc_r
                0x000000000100f9ec      0x564 c:/intelfpga_lite/17.0/nios2eds/bin/gnu/h-x86_64-mingw32/bin/../lib/gcc/nios2-elf/5.3.0/../../../../../H-x86_64-mingw32/nios2-elf/lib\libc.a(lib_a-reallocr.o)
                0x000000000100f9ec                _realloc_r
 .text          0x000000000100ff50        0x0 c:/intelfpga_lite/17.0/nios2eds/bin/gnu/h-x86_64-mingw32/bin/../lib/gcc/nios2-elf/5.3.0/../../../../../H-x86_64-mingw32/nios2-elf/lib\libc.a(lib_a-s_fpclassify.o)
 .text.__fpclassifyd
                0x000000000100ff50       0x74 c:/intelfpga_lite/17.0/nios2eds/bin/gnu/h-x86_64-mingw32/bin/../lib/gcc/nios2-elf/5.3.0/../../../../../H-x86_64-mingw32/nios2-elf/lib\libc.a(lib_a-s_fpclassify.o)
                0x000000000100ff50                __fpclassifyd
 .text          0x000000000100ffc4        0x0 c:/intelfpga_lite/17.0/nios2eds/bin/gnu/h-x86_64-mingw32/bin/../lib/gcc/nios2-elf/5.3.0/../../../../../H-x86_64-mingw32/nios2-elf/lib\libc.a(lib_a-sbrkr.o)
 .text._sbrk_r  0x000000000100ffc4       0x54 c:/intelfpga_lite/17.0/nios2eds/bin/gnu/h-x86_64-mingw32/bin/../lib/gcc/nios2-elf/5.3.0/../../../../../H-x86_64-mingw32/nios2-elf/lib\libc.a(lib_a-sbrkr.o)
                0x000000000100ffc4                _sbrk_r
 .text          0x0000000001010018        0x0 c:/intelfpga_lite/17.0/nios2eds/bin/gnu/h-x86_64-mingw32/bin/../lib/gcc/nios2-elf/5.3.0/../../../../../H-x86_64-mingw32/nios2-elf/lib\libc.a(lib_a-signal.o)
 .text._init_signal_r
                0x0000000001010018       0x6c c:/intelfpga_lite/17.0/nios2eds/bin/gnu/h-x86_64-mingw32/bin/../lib/gcc/nios2-elf/5.3.0/../../../../../H-x86_64-mingw32/nios2-elf/lib\libc.a(lib_a-signal.o)
                0x0000000001010018                _init_signal_r
 .text._signal_r
                0x0000000001010084       0x84 c:/intelfpga_lite/17.0/nios2eds/bin/gnu/h-x86_64-mingw32/bin/../lib/gcc/nios2-elf/5.3.0/../../../../../H-x86_64-mingw32/nios2-elf/lib\libc.a(lib_a-signal.o)
                0x0000000001010084                _signal_r
 .text._raise_r
                0x0000000001010108       0xbc c:/intelfpga_lite/17.0/nios2eds/bin/gnu/h-x86_64-mingw32/bin/../lib/gcc/nios2-elf/5.3.0/../../../../../H-x86_64-mingw32/nios2-elf/lib\libc.a(lib_a-signal.o)
                0x0000000001010108                _raise_r
 .text.__sigtramp_r
                0x00000000010101c4       0xa8 c:/intelfpga_lite/17.0/nios2eds/bin/gnu/h-x86_64-mingw32/bin/../lib/gcc/nios2-elf/5.3.0/../../../../../H-x86_64-mingw32/nios2-elf/lib\libc.a(lib_a-signal.o)
                0x00000000010101c4                __sigtramp_r
 .text.raise    0x000000000101026c       0x14 c:/intelfpga_lite/17.0/nios2eds/bin/gnu/h-x86_64-mingw32/bin/../lib/gcc/nios2-elf/5.3.0/../../../../../H-x86_64-mingw32/nios2-elf/lib\libc.a(lib_a-signal.o)
                0x000000000101026c                raise
 .text.signal   0x0000000001010280       0x18 c:/intelfpga_lite/17.0/nios2eds/bin/gnu/h-x86_64-mingw32/bin/../lib/gcc/nios2-elf/5.3.0/../../../../../H-x86_64-mingw32/nios2-elf/lib\libc.a(lib_a-signal.o)
                0x0000000001010280                signal
 .text._init_signal
                0x0000000001010298       0x10 c:/intelfpga_lite/17.0/nios2eds/bin/gnu/h-x86_64-mingw32/bin/../lib/gcc/nios2-elf/5.3.0/../../../../../H-x86_64-mingw32/nios2-elf/lib\libc.a(lib_a-signal.o)
                0x0000000001010298                _init_signal
 .text.__sigtramp
                0x00000000010102a8       0x14 c:/intelfpga_lite/17.0/nios2eds/bin/gnu/h-x86_64-mingw32/bin/../lib/gcc/nios2-elf/5.3.0/../../../../../H-x86_64-mingw32/nios2-elf/lib\libc.a(lib_a-signal.o)
                0x00000000010102a8                __sigtramp
 .text          0x00000000010102bc        0x0 c:/intelfpga_lite/17.0/nios2eds/bin/gnu/h-x86_64-mingw32/bin/../lib/gcc/nios2-elf/5.3.0/../../../../../H-x86_64-mingw32/nios2-elf/lib\libc.a(lib_a-signalr.o)
 .text._kill_r  0x00000000010102bc       0x5c c:/intelfpga_lite/17.0/nios2eds/bin/gnu/h-x86_64-mingw32/bin/../lib/gcc/nios2-elf/5.3.0/../../../../../H-x86_64-mingw32/nios2-elf/lib\libc.a(lib_a-signalr.o)
                0x00000000010102bc                _kill_r
 .text._getpid_r
                0x0000000001010318        0x4 c:/intelfpga_lite/17.0/nios2eds/bin/gnu/h-x86_64-mingw32/bin/../lib/gcc/nios2-elf/5.3.0/../../../../../H-x86_64-mingw32/nios2-elf/lib\libc.a(lib_a-signalr.o)
                0x0000000001010318                _getpid_r
 .text          0x000000000101031c        0x0 c:/intelfpga_lite/17.0/nios2eds/bin/gnu/h-x86_64-mingw32/bin/../lib/gcc/nios2-elf/5.3.0/../../../../../H-x86_64-mingw32/nios2-elf/lib\libc.a(lib_a-stdio.o)
 .text.__sread  0x000000000101031c       0x54 c:/intelfpga_lite/17.0/nios2eds/bin/gnu/h-x86_64-mingw32/bin/../lib/gcc/nios2-elf/5.3.0/../../../../../H-x86_64-mingw32/nios2-elf/lib\libc.a(lib_a-stdio.o)
                0x000000000101031c                __sread
 .text.__seofread
                0x0000000001010370        0x8 c:/intelfpga_lite/17.0/nios2eds/bin/gnu/h-x86_64-mingw32/bin/../lib/gcc/nios2-elf/5.3.0/../../../../../H-x86_64-mingw32/nios2-elf/lib\libc.a(lib_a-stdio.o)
                0x0000000001010370                __seofread
 .text.__swrite
                0x0000000001010378       0x7c c:/intelfpga_lite/17.0/nios2eds/bin/gnu/h-x86_64-mingw32/bin/../lib/gcc/nios2-elf/5.3.0/../../../../../H-x86_64-mingw32/nios2-elf/lib\libc.a(lib_a-stdio.o)
                0x0000000001010378                __swrite
 .text.__sseek  0x00000000010103f4       0x5c c:/intelfpga_lite/17.0/nios2eds/bin/gnu/h-x86_64-mingw32/bin/../lib/gcc/nios2-elf/5.3.0/../../../../../H-x86_64-mingw32/nios2-elf/lib\libc.a(lib_a-stdio.o)
                0x00000000010103f4                __sseek
 .text.__sclose
                0x0000000001010450        0x8 c:/intelfpga_lite/17.0/nios2eds/bin/gnu/h-x86_64-mingw32/bin/../lib/gcc/nios2-elf/5.3.0/../../../../../H-x86_64-mingw32/nios2-elf/lib\libc.a(lib_a-stdio.o)
                0x0000000001010450                __sclose
 .text          0x0000000001010458        0x0 c:/intelfpga_lite/17.0/nios2eds/bin/gnu/h-x86_64-mingw32/bin/../lib/gcc/nios2-elf/5.3.0/../../../../../H-x86_64-mingw32/nios2-elf/lib\libc.a(lib_a-svfiprintf.o)
 .text.__ssprint_r
                0x0000000001010458      0x1d0 c:/intelfpga_lite/17.0/nios2eds/bin/gnu/h-x86_64-mingw32/bin/../lib/gcc/nios2-elf/5.3.0/../../../../../H-x86_64-mingw32/nios2-elf/lib\libc.a(lib_a-svfiprintf.o)
                0x0000000001010458                __ssprint_r
 .text.___svfiprintf_internal_r
                0x0000000001010628     0x123c c:/intelfpga_lite/17.0/nios2eds/bin/gnu/h-x86_64-mingw32/bin/../lib/gcc/nios2-elf/5.3.0/../../../../../H-x86_64-mingw32/nios2-elf/lib\libc.a(lib_a-svfiprintf.o)
                0x0000000001010628                ___svfiprintf_internal_r
 .text          0x0000000001011864        0x0 c:/intelfpga_lite/17.0/nios2eds/bin/gnu/h-x86_64-mingw32/bin/../lib/gcc/nios2-elf/5.3.0/../../../../../H-x86_64-mingw32/nios2-elf/lib\libc.a(lib_a-vfiprintf.o)
 .text.__sprint_r.part.0
                0x0000000001011864       0xfc c:/intelfpga_lite/17.0/nios2eds/bin/gnu/h-x86_64-mingw32/bin/../lib/gcc/nios2-elf/5.3.0/../../../../../H-x86_64-mingw32/nios2-elf/lib\libc.a(lib_a-vfiprintf.o)
 .text.__sprint_r
                0x0000000001011960       0x18 c:/intelfpga_lite/17.0/nios2eds/bin/gnu/h-x86_64-mingw32/bin/../lib/gcc/nios2-elf/5.3.0/../../../../../H-x86_64-mingw32/nios2-elf/lib\libc.a(lib_a-vfiprintf.o)
                0x0000000001011960                __sprint_r
 .text.___vfiprintf_internal_r
                0x0000000001011978     0x145c c:/intelfpga_lite/17.0/nios2eds/bin/gnu/h-x86_64-mingw32/bin/../lib/gcc/nios2-elf/5.3.0/../../../../../H-x86_64-mingw32/nios2-elf/lib\libc.a(lib_a-vfiprintf.o)
                0x0000000001011978                ___vfiprintf_internal_r
 .text.__vfiprintf_internal
                0x0000000001012dd4       0x1c c:/intelfpga_lite/17.0/nios2eds/bin/gnu/h-x86_64-mingw32/bin/../lib/gcc/nios2-elf/5.3.0/../../../../../H-x86_64-mingw32/nios2-elf/lib\libc.a(lib_a-vfiprintf.o)
                0x0000000001012dd4                __vfiprintf_internal
 .text.__sbprintf
                0x0000000001012df0       0xbc c:/intelfpga_lite/17.0/nios2eds/bin/gnu/h-x86_64-mingw32/bin/../lib/gcc/nios2-elf/5.3.0/../../../../../H-x86_64-mingw32/nios2-elf/lib\libc.a(lib_a-vfiprintf.o)
 .text          0x0000000001012eac        0x0 c:/intelfpga_lite/17.0/nios2eds/bin/gnu/h-x86_64-mingw32/bin/../lib/gcc/nios2-elf/5.3.0/../../../../../H-x86_64-mingw32/nios2-elf/lib\libc.a(lib_a-writer.o)
 .text._write_r
                0x0000000001012eac       0x60 c:/intelfpga_lite/17.0/nios2eds/bin/gnu/h-x86_64-mingw32/bin/../lib/gcc/nios2-elf/5.3.0/../../../../../H-x86_64-mingw32/nios2-elf/lib\libc.a(lib_a-writer.o)
                0x0000000001012eac                _write_r
 .text          0x0000000001012f0c        0x0 c:/intelfpga_lite/17.0/nios2eds/bin/gnu/h-x86_64-mingw32/bin/../lib/gcc/nios2-elf/5.3.0/../../../../../H-x86_64-mingw32/nios2-elf/lib\libc.a(lib_a-wsetup.o)
 .text.__swsetup_r
                0x0000000001012f0c      0x154 c:/intelfpga_lite/17.0/nios2eds/bin/gnu/h-x86_64-mingw32/bin/../lib/gcc/nios2-elf/5.3.0/../../../../../H-x86_64-mingw32/nios2-elf/lib\libc.a(lib_a-wsetup.o)
                0x0000000001012f0c                __swsetup_r
 .text          0x0000000001013060        0x0 c:/intelfpga_lite/17.0/nios2eds/bin/gnu/h-x86_64-mingw32/bin/../lib/gcc/nios2-elf/5.3.0/../../../../../H-x86_64-mingw32/nios2-elf/lib\libc.a(closer.o)
 .text._close_r
                0x0000000001013060       0x54 c:/intelfpga_lite/17.0/nios2eds/bin/gnu/h-x86_64-mingw32/bin/../lib/gcc/nios2-elf/5.3.0/../../../../../H-x86_64-mingw32/nios2-elf/lib\libc.a(closer.o)
                0x0000000001013060                _close_r
 .text          0x00000000010130b4        0x0 c:/intelfpga_lite/17.0/nios2eds/bin/gnu/h-x86_64-mingw32/bin/../lib/gcc/nios2-elf/5.3.0/../../../../../H-x86_64-mingw32/nios2-elf/lib\libc.a(lib_a-callocr.o)
 .text._calloc_r
                0x00000000010130b4       0xc4 c:/intelfpga_lite/17.0/nios2eds/bin/gnu/h-x86_64-mingw32/bin/../lib/gcc/nios2-elf/5.3.0/../../../../../H-x86_64-mingw32/nios2-elf/lib\libc.a(lib_a-callocr.o)
                0x00000000010130b4                _calloc_r
 .text          0x0000000001013178        0x0 c:/intelfpga_lite/17.0/nios2eds/bin/gnu/h-x86_64-mingw32/bin/../lib/gcc/nios2-elf/5.3.0/../../../../../H-x86_64-mingw32/nios2-elf/lib\libc.a(lib_a-fclose.o)
 .text._fclose_r
                0x0000000001013178       0xf0 c:/intelfpga_lite/17.0/nios2eds/bin/gnu/h-x86_64-mingw32/bin/../lib/gcc/nios2-elf/5.3.0/../../../../../H-x86_64-mingw32/nios2-elf/lib\libc.a(lib_a-fclose.o)
                0x0000000001013178                _fclose_r
 .text.fclose   0x0000000001013268       0x14 c:/intelfpga_lite/17.0/nios2eds/bin/gnu/h-x86_64-mingw32/bin/../lib/gcc/nios2-elf/5.3.0/../../../../../H-x86_64-mingw32/nios2-elf/lib\libc.a(lib_a-fclose.o)
                0x0000000001013268                fclose
 .text          0x000000000101327c        0x0 c:/intelfpga_lite/17.0/nios2eds/bin/gnu/h-x86_64-mingw32/bin/../lib/gcc/nios2-elf/5.3.0/../../../../../H-x86_64-mingw32/nios2-elf/lib\libc.a(lib_a-fflush.o)
 .text.__sflush_r
                0x000000000101327c      0x21c c:/intelfpga_lite/17.0/nios2eds/bin/gnu/h-x86_64-mingw32/bin/../lib/gcc/nios2-elf/5.3.0/../../../../../H-x86_64-mingw32/nios2-elf/lib\libc.a(lib_a-fflush.o)
                0x000000000101327c                __sflush_r
 .text._fflush_r
                0x0000000001013498       0x5c c:/intelfpga_lite/17.0/nios2eds/bin/gnu/h-x86_64-mingw32/bin/../lib/gcc/nios2-elf/5.3.0/../../../../../H-x86_64-mingw32/nios2-elf/lib\libc.a(lib_a-fflush.o)
                0x0000000001013498                _fflush_r
 .text.fflush   0x00000000010134f4       0x30 c:/intelfpga_lite/17.0/nios2eds/bin/gnu/h-x86_64-mingw32/bin/../lib/gcc/nios2-elf/5.3.0/../../../../../H-x86_64-mingw32/nios2-elf/lib\libc.a(lib_a-fflush.o)
                0x00000000010134f4                fflush
 .text          0x0000000001013524        0x0 c:/intelfpga_lite/17.0/nios2eds/bin/gnu/h-x86_64-mingw32/bin/../lib/gcc/nios2-elf/5.3.0/../../../../../H-x86_64-mingw32/nios2-elf/lib\libc.a(lib_a-fputwc.o)
 .text.__fputwc
                0x0000000001013524      0x164 c:/intelfpga_lite/17.0/nios2eds/bin/gnu/h-x86_64-mingw32/bin/../lib/gcc/nios2-elf/5.3.0/../../../../../H-x86_64-mingw32/nios2-elf/lib\libc.a(lib_a-fputwc.o)
                0x0000000001013524                __fputwc
 .text._fputwc_r
                0x0000000001013688       0x24 c:/intelfpga_lite/17.0/nios2eds/bin/gnu/h-x86_64-mingw32/bin/../lib/gcc/nios2-elf/5.3.0/../../../../../H-x86_64-mingw32/nios2-elf/lib\libc.a(lib_a-fputwc.o)
                0x0000000001013688                _fputwc_r
 .text.fputwc   0x00000000010136ac       0x80 c:/intelfpga_lite/17.0/nios2eds/bin/gnu/h-x86_64-mingw32/bin/../lib/gcc/nios2-elf/5.3.0/../../../../../H-x86_64-mingw32/nios2-elf/lib\libc.a(lib_a-fputwc.o)
                0x00000000010136ac                fputwc
 .text          0x000000000101372c        0x0 c:/intelfpga_lite/17.0/nios2eds/bin/gnu/h-x86_64-mingw32/bin/../lib/gcc/nios2-elf/5.3.0/../../../../../H-x86_64-mingw32/nios2-elf/lib\libc.a(lib_a-freer.o)
 .text._malloc_trim_r
                0x000000000101372c      0x124 c:/intelfpga_lite/17.0/nios2eds/bin/gnu/h-x86_64-mingw32/bin/../lib/gcc/nios2-elf/5.3.0/../../../../../H-x86_64-mingw32/nios2-elf/lib\libc.a(lib_a-freer.o)
                0x000000000101372c                _malloc_trim_r
 .text._free_r  0x0000000001013850      0x310 c:/intelfpga_lite/17.0/nios2eds/bin/gnu/h-x86_64-mingw32/bin/../lib/gcc/nios2-elf/5.3.0/../../../../../H-x86_64-mingw32/nios2-elf/lib\libc.a(lib_a-freer.o)
                0x0000000001013850                _free_r
 .text          0x0000000001013b60        0x0 c:/intelfpga_lite/17.0/nios2eds/bin/gnu/h-x86_64-mingw32/bin/../lib/gcc/nios2-elf/5.3.0/../../../../../H-x86_64-mingw32/nios2-elf/lib\libc.a(lib_a-int_errno.o)
 .text          0x0000000001013b60        0x0 c:/intelfpga_lite/17.0/nios2eds/bin/gnu/h-x86_64-mingw32/bin/../lib/gcc/nios2-elf/5.3.0/../../../../../H-x86_64-mingw32/nios2-elf/lib\libc.a(lib_a-lseekr.o)
 .text._lseek_r
                0x0000000001013b60       0x60 c:/intelfpga_lite/17.0/nios2eds/bin/gnu/h-x86_64-mingw32/bin/../lib/gcc/nios2-elf/5.3.0/../../../../../H-x86_64-mingw32/nios2-elf/lib\libc.a(lib_a-lseekr.o)
                0x0000000001013b60                _lseek_r
 .text          0x0000000001013bc0        0x0 c:/intelfpga_lite/17.0/nios2eds/bin/gnu/h-x86_64-mingw32/bin/../lib/gcc/nios2-elf/5.3.0/../../../../../H-x86_64-mingw32/nios2-elf/lib\libc.a(lib_a-makebuf.o)
 .text.__smakebuf_r
                0x0000000001013bc0      0x1bc c:/intelfpga_lite/17.0/nios2eds/bin/gnu/h-x86_64-mingw32/bin/../lib/gcc/nios2-elf/5.3.0/../../../../../H-x86_64-mingw32/nios2-elf/lib\libc.a(lib_a-makebuf.o)
                0x0000000001013bc0                __smakebuf_r
 .text          0x0000000001013d7c        0x0 c:/intelfpga_lite/17.0/nios2eds/bin/gnu/h-x86_64-mingw32/bin/../lib/gcc/nios2-elf/5.3.0/../../../../../H-x86_64-mingw32/nios2-elf/lib\libc.a(lib_a-readr.o)
 .text._read_r  0x0000000001013d7c       0x60 c:/intelfpga_lite/17.0/nios2eds/bin/gnu/h-x86_64-mingw32/bin/../lib/gcc/nios2-elf/5.3.0/../../../../../H-x86_64-mingw32/nios2-elf/lib\libc.a(lib_a-readr.o)
                0x0000000001013d7c                _read_r
 .text          0x0000000001013ddc        0x0 c:/intelfpga_lite/17.0/nios2eds/bin/gnu/h-x86_64-mingw32/bin/../lib/gcc/nios2-elf/5.3.0/../../../../../H-x86_64-mingw32/nios2-elf/lib\libc.a(lib_a-wbuf.o)
 .text.__swbuf_r
                0x0000000001013ddc      0x140 c:/intelfpga_lite/17.0/nios2eds/bin/gnu/h-x86_64-mingw32/bin/../lib/gcc/nios2-elf/5.3.0/../../../../../H-x86_64-mingw32/nios2-elf/lib\libc.a(lib_a-wbuf.o)
                0x0000000001013ddc                __swbuf_r
 .text.__swbuf  0x0000000001013f1c       0x18 c:/intelfpga_lite/17.0/nios2eds/bin/gnu/h-x86_64-mingw32/bin/../lib/gcc/nios2-elf/5.3.0/../../../../../H-x86_64-mingw32/nios2-elf/lib\libc.a(lib_a-wbuf.o)
                0x0000000001013f1c                __swbuf
 .text          0x0000000001013f34        0x0 c:/intelfpga_lite/17.0/nios2eds/bin/gnu/h-x86_64-mingw32/bin/../lib/gcc/nios2-elf/5.3.0/../../../../../H-x86_64-mingw32/nios2-elf/lib\libc.a(lib_a-wcrtomb.o)
 .text._wcrtomb_r
                0x0000000001013f34       0x9c c:/intelfpga_lite/17.0/nios2eds/bin/gnu/h-x86_64-mingw32/bin/../lib/gcc/nios2-elf/5.3.0/../../../../../H-x86_64-mingw32/nios2-elf/lib\libc.a(lib_a-wcrtomb.o)
                0x0000000001013f34                _wcrtomb_r
 .text.wcrtomb  0x0000000001013fd0       0xc0 c:/intelfpga_lite/17.0/nios2eds/bin/gnu/h-x86_64-mingw32/bin/../lib/gcc/nios2-elf/5.3.0/../../../../../H-x86_64-mingw32/nios2-elf/lib\libc.a(lib_a-wcrtomb.o)
                0x0000000001013fd0                wcrtomb
 .text          0x0000000001014090        0x0 c:/intelfpga_lite/17.0/nios2eds/bin/gnu/h-x86_64-mingw32/bin/../lib/gcc/nios2-elf/5.3.0/../../../../../H-x86_64-mingw32/nios2-elf/lib\libc.a(lib_a-wctomb_r.o)
 .text.__ascii_wctomb
                0x0000000001014090       0x30 c:/intelfpga_lite/17.0/nios2eds/bin/gnu/h-x86_64-mingw32/bin/../lib/gcc/nios2-elf/5.3.0/../../../../../H-x86_64-mingw32/nios2-elf/lib\libc.a(lib_a-wctomb_r.o)
                0x0000000001014090                __ascii_wctomb
 .text._wctomb_r
                0x00000000010140c0       0x5c c:/intelfpga_lite/17.0/nios2eds/bin/gnu/h-x86_64-mingw32/bin/../lib/gcc/nios2-elf/5.3.0/../../../../../H-x86_64-mingw32/nios2-elf/lib\libc.a(lib_a-wctomb_r.o)
                0x00000000010140c0                _wctomb_r
 .text          0x000000000101411c        0x0 c:/intelfpga_lite/17.0/nios2eds/bin/gnu/h-x86_64-mingw32/bin/../lib/gcc/nios2-elf/5.3.0/../../../../../H-x86_64-mingw32/nios2-elf/lib\libc.a(lib_a-fstatr.o)
 .text._fstat_r
                0x000000000101411c       0x5c c:/intelfpga_lite/17.0/nios2eds/bin/gnu/h-x86_64-mingw32/bin/../lib/gcc/nios2-elf/5.3.0/../../../../../H-x86_64-mingw32/nios2-elf/lib\libc.a(lib_a-fstatr.o)
                0x000000000101411c                _fstat_r
 .text          0x0000000001014178        0x0 c:/intelfpga_lite/17.0/nios2eds/bin/gnu/h-x86_64-mingw32/bin/../lib/gcc/nios2-elf/5.3.0/../../../../../H-x86_64-mingw32/nios2-elf/lib\libc.a(lib_a-isattyr.o)
 .text._isatty_r
                0x0000000001014178       0x54 c:/intelfpga_lite/17.0/nios2eds/bin/gnu/h-x86_64-mingw32/bin/../lib/gcc/nios2-elf/5.3.0/../../../../../H-x86_64-mingw32/nios2-elf/lib\libc.a(lib_a-isattyr.o)
                0x0000000001014178                _isatty_r
 .text          0x00000000010141cc      0x578 c:/intelfpga_lite/17.0/nios2eds/bin/gnu/h-x86_64-mingw32/bin/../lib/gcc/nios2-elf/5.3.0\libgcc.a(_udivdi3.o)
                0x00000000010141cc                __udivdi3
 .text          0x0000000001014744      0x538 c:/intelfpga_lite/17.0/nios2eds/bin/gnu/h-x86_64-mingw32/bin/../lib/gcc/nios2-elf/5.3.0\libgcc.a(_umoddi3.o)
                0x0000000001014744                __umoddi3
 .text          0x0000000001014c7c      0x1b4 c:/intelfpga_lite/17.0/nios2eds/bin/gnu/h-x86_64-mingw32/bin/../lib/gcc/nios2-elf/5.3.0\libgcc.a(lib2-divmod.o)
                0x0000000001014c7c                __divsi3
                0x0000000001014d00                __modsi3
                0x0000000001014d74                __udivsi3
                0x0000000001014dd8                __umodsi3
 .text          0x0000000001014e30      0x8ac c:/intelfpga_lite/17.0/nios2eds/bin/gnu/h-x86_64-mingw32/bin/../lib/gcc/nios2-elf/5.3.0\libgcc.a(adddf3.o)
                0x0000000001014e30                __adddf3
 .text          0x00000000010156dc      0x8e8 c:/intelfpga_lite/17.0/nios2eds/bin/gnu/h-x86_64-mingw32/bin/../lib/gcc/nios2-elf/5.3.0\libgcc.a(divdf3.o)
                0x00000000010156dc                __divdf3
 .text          0x0000000001015fc4       0x88 c:/intelfpga_lite/17.0/nios2eds/bin/gnu/h-x86_64-mingw32/bin/../lib/gcc/nios2-elf/5.3.0\libgcc.a(eqdf2.o)
                0x0000000001015fc4                __nedf2
                0x0000000001015fc4                __eqdf2
 .text          0x000000000101604c       0xdc c:/intelfpga_lite/17.0/nios2eds/bin/gnu/h-x86_64-mingw32/bin/../lib/gcc/nios2-elf/5.3.0\libgcc.a(gedf2.o)
                0x000000000101604c                __gedf2
                0x000000000101604c                __gtdf2
 .text          0x0000000001016128       0xf4 c:/intelfpga_lite/17.0/nios2eds/bin/gnu/h-x86_64-mingw32/bin/../lib/gcc/nios2-elf/5.3.0\libgcc.a(ledf2.o)
                0x0000000001016128                __ledf2
                0x0000000001016128                __ltdf2
 .text          0x000000000101621c      0x718 c:/intelfpga_lite/17.0/nios2eds/bin/gnu/h-x86_64-mingw32/bin/../lib/gcc/nios2-elf/5.3.0\libgcc.a(muldf3.o)
                0x000000000101621c                __muldf3
 .text          0x0000000001016934      0x8fc c:/intelfpga_lite/17.0/nios2eds/bin/gnu/h-x86_64-mingw32/bin/../lib/gcc/nios2-elf/5.3.0\libgcc.a(subdf3.o)
                0x0000000001016934                __subdf3
 .text          0x0000000001017230       0x80 c:/intelfpga_lite/17.0/nios2eds/bin/gnu/h-x86_64-mingw32/bin/../lib/gcc/nios2-elf/5.3.0\libgcc.a(fixdfsi.o)
                0x0000000001017230                __fixdfsi
 .text          0x00000000010172b0       0xdc c:/intelfpga_lite/17.0/nios2eds/bin/gnu/h-x86_64-mingw32/bin/../lib/gcc/nios2-elf/5.3.0\libgcc.a(floatsidf.o)
                0x00000000010172b0                __floatsidf
 .text          0x000000000101738c       0xa8 c:/intelfpga_lite/17.0/nios2eds/bin/gnu/h-x86_64-mingw32/bin/../lib/gcc/nios2-elf/5.3.0\libgcc.a(floatunsidf.o)
                0x000000000101738c                __floatunsidf
 .text          0x0000000001017434        0x0 c:/intelfpga_lite/17.0/nios2eds/bin/gnu/h-x86_64-mingw32/bin/../lib/gcc/nios2-elf/5.3.0\libgcc.a(_clz.o)
 .text          0x0000000001017434       0x64 c:/intelfpga_lite/17.0/nios2eds/bin/gnu/h-x86_64-mingw32/bin/../lib/gcc/nios2-elf/5.3.0\libgcc.a(_clzsi2.o)
                0x0000000001017434                __clzsi2
 .text          0x0000000001017498      0x10c ../FreeRTOS_OneCPU_bsp/\libhal_bsp.a(alt_close.o)
                0x00000000010174d4                close
 .text          0x00000000010175a4       0x2c ../FreeRTOS_OneCPU_bsp/\libhal_bsp.a(alt_dev.o)
 .text          0x00000000010175d0        0x0 ../FreeRTOS_OneCPU_bsp/\libhal_bsp.a(alt_errno.o)
 .text          0x00000000010175d0       0x34 ../FreeRTOS_OneCPU_bsp/\libhal_bsp.a(alt_exit.o)
                0x00000000010175d0                _exit
 .text          0x0000000001017604       0xec ../FreeRTOS_OneCPU_bsp/\libhal_bsp.a(alt_fstat.o)
                0x0000000001017640                fstat
 .text          0x00000000010176f0       0x20 ../FreeRTOS_OneCPU_bsp/\libhal_bsp.a(alt_getpid.o)
                0x00000000010176f0                getpid
 .text          0x0000000001017710        0x0 ../FreeRTOS_OneCPU_bsp/\libhal_bsp.a(alt_irq_handler.o)
 .text          0x0000000001017710      0x170 ../FreeRTOS_OneCPU_bsp/\libhal_bsp.a(alt_irq_register.o)
                0x0000000001017710                alt_irq_register
 .text          0x0000000001017880        0x0 ../FreeRTOS_OneCPU_bsp/\libhal_bsp.a(alt_irq_vars.o)
 .text          0x0000000001017880       0xe0 ../FreeRTOS_OneCPU_bsp/\libhal_bsp.a(alt_isatty.o)
                0x00000000010178bc                isatty
 .text          0x0000000001017960      0x16c ../FreeRTOS_OneCPU_bsp/\libhal_bsp.a(alt_kill.o)
                0x000000000101799c                kill
 .text          0x0000000001017acc       0xec ../FreeRTOS_OneCPU_bsp/\libhal_bsp.a(alt_load.o)
                0x0000000001017b34                alt_load
 .text          0x0000000001017bb8      0x110 ../FreeRTOS_OneCPU_bsp/\libhal_bsp.a(alt_lseek.o)
                0x0000000001017bf4                lseek
 .text          0x0000000001017cc8       0x7c ../FreeRTOS_OneCPU_bsp/\libhal_bsp.a(alt_main.o)
                0x0000000001017cc8                alt_main
 .text          0x0000000001017d44       0x48 ../FreeRTOS_OneCPU_bsp/\libhal_bsp.a(alt_malloc_lock.o)
                0x0000000001017d44                __malloc_lock
                0x0000000001017d68                __malloc_unlock
 .text          0x0000000001017d8c      0x138 ../FreeRTOS_OneCPU_bsp/\libhal_bsp.a(alt_read.o)
                0x0000000001017dc8                read
 .text          0x0000000001017ec4       0x64 ../FreeRTOS_OneCPU_bsp/\libhal_bsp.a(alt_release_fd.o)
                0x0000000001017ec4                alt_release_fd
 .text          0x0000000001017f28       0xb0 ../FreeRTOS_OneCPU_bsp/\libhal_bsp.a(alt_sbrk.o)
                0x0000000001017f28                sbrk
 .text          0x0000000001017fd8       0x30 ../FreeRTOS_OneCPU_bsp/\libhal_bsp.a(alt_usleep.o)
                0x0000000001017fd8                usleep
 .text          0x0000000001018008      0x134 ../FreeRTOS_OneCPU_bsp/\libhal_bsp.a(alt_write.o)
                0x0000000001018044                write
 .text          0x000000000101813c      0x178 ../FreeRTOS_OneCPU_bsp/\libhal_bsp.a(alt_sys_init.o)
                0x0000000001018214                alt_irq_init
                0x000000000101824c                alt_sys_init
 .text          0x00000000010182b4      0x164 ../FreeRTOS_OneCPU_bsp/\libhal_bsp.a(altera_avalon_jtag_uart_fd.o)
                0x00000000010182b4                altera_avalon_jtag_uart_read_fd
                0x0000000001018314                altera_avalon_jtag_uart_write_fd
                0x0000000001018374                altera_avalon_jtag_uart_close_fd
                0x00000000010183c4                altera_avalon_jtag_uart_ioctl_fd
 .text          0x0000000001018418      0x3d4 ../FreeRTOS_OneCPU_bsp/\libhal_bsp.a(altera_avalon_jtag_uart_init.o)
                0x0000000001018418                altera_avalon_jtag_uart_init
                0x0000000001018784                altera_avalon_jtag_uart_close
 .text          0x00000000010187ec       0xf0 ../FreeRTOS_OneCPU_bsp/\libhal_bsp.a(altera_avalon_jtag_uart_ioctl.o)
                0x00000000010187ec                altera_avalon_jtag_uart_ioctl
 .text          0x00000000010188dc      0x21c ../FreeRTOS_OneCPU_bsp/\libhal_bsp.a(altera_avalon_jtag_uart_read.o)
                0x00000000010188dc                altera_avalon_jtag_uart_read
 .text          0x0000000001018af8      0x224 ../FreeRTOS_OneCPU_bsp/\libhal_bsp.a(altera_avalon_jtag_uart_write.o)
                0x0000000001018af8                altera_avalon_jtag_uart_write
 .text          0x0000000001018d1c      0x2cc ../FreeRTOS_OneCPU_bsp/\libhal_bsp.a(altera_avalon_mutex.o)
                0x0000000001018dd4                altera_avalon_mutex_open
                0x0000000001018e28                altera_avalon_mutex_close
                0x0000000001018e4c                altera_avalon_mutex_lock
                0x0000000001018e90                altera_avalon_mutex_trylock
                0x0000000001018ed0                altera_avalon_mutex_unlock
                0x0000000001018f24                altera_avalon_mutex_is_mine
                0x0000000001018f98                altera_avalon_mutex_first_lock
 .text          0x0000000001018fe8       0xf4 ../FreeRTOS_OneCPU_bsp/\libhal_bsp.a(altera_avalon_timer_sc.o)
                0x0000000001019060                alt_avalon_timer_sc_init
 .text          0x00000000010190dc      0x12c ../FreeRTOS_OneCPU_bsp/\libhal_bsp.a(alt_alarm_start.o)
                0x00000000010190dc                alt_alarm_start
 .text          0x0000000001019208      0x158 ../FreeRTOS_OneCPU_bsp/\libhal_bsp.a(alt_busy_sleep.o)
                0x0000000001019208                alt_busy_sleep
 .text          0x0000000001019360       0x48 ../FreeRTOS_OneCPU_bsp/\libhal_bsp.a(alt_dcache_flush_all.o)
                0x0000000001019360                alt_dcache_flush_all
 .text          0x00000000010193a8       0xe0 ../FreeRTOS_OneCPU_bsp/\libhal_bsp.a(alt_dev_llist_insert.o)
                0x00000000010193e4                alt_dev_llist_insert
 .text          0x0000000001019488       0x60 ../FreeRTOS_OneCPU_bsp/\libhal_bsp.a(alt_do_ctors.o)
                0x0000000001019488                _do_ctors
 .text          0x00000000010194e8       0x60 ../FreeRTOS_OneCPU_bsp/\libhal_bsp.a(alt_do_dtors.o)
                0x00000000010194e8                _do_dtors
 .text          0x0000000001019548       0x90 ../FreeRTOS_OneCPU_bsp/\libhal_bsp.a(alt_find_dev.o)
                0x0000000001019548                alt_find_dev
 .text          0x00000000010195d8       0x34 ../FreeRTOS_OneCPU_bsp/\libhal_bsp.a(alt_icache_flush_all.o)
                0x00000000010195d8                alt_icache_flush_all
 .text          0x000000000101960c      0x1b0 ../FreeRTOS_OneCPU_bsp/\libhal_bsp.a(alt_iic.o)
                0x000000000101960c                alt_ic_isr_register
                0x000000000101965c                alt_ic_irq_enable
                0x00000000010196e4                alt_ic_irq_disable
                0x0000000001019770                alt_ic_irq_enabled
 .text          0x00000000010197bc       0xf0 ../FreeRTOS_OneCPU_bsp/\libhal_bsp.a(alt_iic_isr_register.o)
                0x00000000010197bc                alt_iic_isr_register
 .text          0x00000000010198ac      0x140 ../FreeRTOS_OneCPU_bsp/\libhal_bsp.a(alt_io_redirect.o)
                0x0000000001019970                alt_io_redirect
 .text          0x00000000010199ec        0x0 ../FreeRTOS_OneCPU_bsp/\libhal_bsp.a(alt_irq_entry.o)
 .text          0x00000000010199ec      0x254 ../FreeRTOS_OneCPU_bsp/\libhal_bsp.a(alt_open.o)
                0x0000000001019aec                open
 .text          0x0000000001019c40      0x1a4 ../FreeRTOS_OneCPU_bsp/\libhal_bsp.a(alt_tick.o)
                0x0000000001019c40                alt_alarm_stop
                0x0000000001019cdc                alt_tick
 .text          0x0000000001019de4       0x24 ../FreeRTOS_OneCPU_bsp/\libhal_bsp.a(altera_nios2_gen2_irq.o)
                0x0000000001019de4                altera_nios2_gen2_irq_init
 .text          0x0000000001019e08        0x0 ../FreeRTOS_OneCPU_bsp/\libhal_bsp.a(alt_exception_entry.o)
 .text          0x0000000001019e08      0x108 ../FreeRTOS_OneCPU_bsp/\libhal_bsp.a(alt_find_file.o)
                0x0000000001019e08                alt_find_file
 .text          0x0000000001019f10       0xa4 ../FreeRTOS_OneCPU_bsp/\libhal_bsp.a(alt_get_fd.o)
                0x0000000001019f10                alt_get_fd
 .text          0x0000000001019fb4       0x90 ../FreeRTOS_OneCPU_bsp/\libhal_bsp.a(alt_icache_flush.o)
                0x0000000001019fb4                alt_icache_flush
 .text          0x000000000101a044       0x9c ../FreeRTOS_OneCPU_bsp/\libhal_bsp.a(alt_instruction_exception_entry.o)
                0x000000000101a044                alt_exception_cause_generated_bad_addr
 .text          0x000000000101a0e0        0x0 c:/intelfpga_lite/17.0/nios2eds/bin/gnu/h-x86_64-mingw32/bin/../lib/gcc/nios2-elf/5.3.0/../../../../../H-x86_64-mingw32/nios2-elf/lib\libc.a(lib_a-atexit.o)
 .text.atexit   0x000000000101a0e0       0x14 c:/intelfpga_lite/17.0/nios2eds/bin/gnu/h-x86_64-mingw32/bin/../lib/gcc/nios2-elf/5.3.0/../../../../../H-x86_64-mingw32/nios2-elf/lib\libc.a(lib_a-atexit.o)
                0x000000000101a0e0                atexit
 .text          0x000000000101a0f4        0x0 c:/intelfpga_lite/17.0/nios2eds/bin/gnu/h-x86_64-mingw32/bin/../lib/gcc/nios2-elf/5.3.0/../../../../../H-x86_64-mingw32/nios2-elf/lib\libc.a(lib_a-exit.o)
 .text.exit     0x000000000101a0f4       0x38 c:/intelfpga_lite/17.0/nios2eds/bin/gnu/h-x86_64-mingw32/bin/../lib/gcc/nios2-elf/5.3.0/../../../../../H-x86_64-mingw32/nios2-elf/lib\libc.a(lib_a-exit.o)
                0x000000000101a0f4                exit
 .text          0x000000000101a12c        0x0 c:/intelfpga_lite/17.0/nios2eds/bin/gnu/h-x86_64-mingw32/bin/../lib/gcc/nios2-elf/5.3.0/../../../../../H-x86_64-mingw32/nios2-elf/lib\libc.a(lib_a-memcmp.o)
 .text.memcmp   0x000000000101a12c       0x7c c:/intelfpga_lite/17.0/nios2eds/bin/gnu/h-x86_64-mingw32/bin/../lib/gcc/nios2-elf/5.3.0/../../../../../H-x86_64-mingw32/nios2-elf/lib\libc.a(lib_a-memcmp.o)
                0x000000000101a12c                memcmp
 .text          0x000000000101a1a8        0x0 c:/intelfpga_lite/17.0/nios2eds/bin/gnu/h-x86_64-mingw32/bin/../lib/gcc/nios2-elf/5.3.0/../../../../../H-x86_64-mingw32/nios2-elf/lib\libc.a(lib_a-__atexit.o)
 .text.__register_exitproc
                0x000000000101a1a8      0x118 c:/intelfpga_lite/17.0/nios2eds/bin/gnu/h-x86_64-mingw32/bin/../lib/gcc/nios2-elf/5.3.0/../../../../../H-x86_64-mingw32/nios2-elf/lib\libc.a(lib_a-__atexit.o)
                0x000000000101a1a8                __register_exitproc
 .text          0x000000000101a2c0        0x0 c:/intelfpga_lite/17.0/nios2eds/bin/gnu/h-x86_64-mingw32/bin/../lib/gcc/nios2-elf/5.3.0/../../../../../H-x86_64-mingw32/nios2-elf/lib\libc.a(lib_a-__call_atexit.o)
 .text.__call_exitprocs
                0x000000000101a2c0      0x180 c:/intelfpga_lite/17.0/nios2eds/bin/gnu/h-x86_64-mingw32/bin/../lib/gcc/nios2-elf/5.3.0/../../../../../H-x86_64-mingw32/nios2-elf/lib\libc.a(lib_a-__call_atexit.o)
                0x000000000101a2c0                __call_exitprocs
 *(.gnu.warning.*)
 *(.fini)
                [!provide]                        PROVIDE (__etext, ABSOLUTE (.))
                [!provide]                        PROVIDE (_etext, ABSOLUTE (.))
                [!provide]                        PROVIDE (etext, ABSOLUTE (.))
 *(.eh_frame_hdr)
                0x000000000101a440                . = ALIGN (0x4)
                [!provide]                        PROVIDE (__preinit_array_start, ABSOLUTE (.))
 *(.preinit_array)
                [!provide]                        PROVIDE (__preinit_array_end, ABSOLUTE (.))
                [!provide]                        PROVIDE (__init_array_start, ABSOLUTE (.))
 *(.init_array)
                [!provide]                        PROVIDE (__init_array_end, ABSOLUTE (.))
                [!provide]                        PROVIDE (__fini_array_start, ABSOLUTE (.))
 *(.fini_array)
                [!provide]                        PROVIDE (__fini_array_end, ABSOLUTE (.))
 *(.eh_frame)
 *(.gcc_except_table .gcc_except_table.*)
 *(.dynamic)
                0x000000000101a440                PROVIDE (__CTOR_LIST__, ABSOLUTE (.))
 *(.ctors)
 .ctors         0x000000000101a440        0x4 obj/default/metal/freertos/alloc.o
 .ctors         0x000000000101a444        0x4 obj/default/metal/freertos/atomic.o
 .ctors         0x000000000101a448        0x4 obj/default/metal/freertos/irq.o
 .ctors         0x000000000101a44c        0x4 obj/default/metal/freertos/mutex.o
 .ctors         0x000000000101a450        0x4 obj/default/metal/freertos/sleep.o
 *(SORT(.ctors.*))
                0x000000000101a454                PROVIDE (__CTOR_END__, ABSOLUTE (.))
                0x000000000101a454                PROVIDE (__DTOR_LIST__, ABSOLUTE (.))
 *(.dtors)
 *(SORT(.dtors.*))
                0x000000000101a454                PROVIDE (__DTOR_END__, ABSOLUTE (.))
 *(.jcr)
                0x000000000101a454                . = ALIGN (0x4)

.rodata         0x000000000101a454      0xd30
                0x000000000101a454                PROVIDE (__ram_rodata_start, ABSOLUTE (.))
                0x000000000101a454                . = ALIGN (0x4)
 *(.rodata .rodata.* .gnu.linkonce.r.*)
 .rodata        0x000000000101a454        0x5 obj/default/Source/tasks.o
 *fill*         0x000000000101a459        0x3 
 .rodata        0x000000000101a45c       0x14 obj/default/hello_world.o
 .rodata        0x000000000101a470       0x6a obj/default/metal-test.o
 *fill*         0x000000000101a4da        0x2 
 .rodata        0x000000000101a4dc       0x6f obj/default/metal/device.o
 *fill*         0x000000000101a54b        0x1 
 .rodata        0x000000000101a54c       0x22 obj/default/metal/freertos/alloc.o
 *fill*         0x000000000101a56e        0x2 
 .rodata        0x000000000101a570       0x27 obj/default/metal/freertos/atomic.o
 *fill*         0x000000000101a597        0x1 
 .rodata        0x000000000101a598       0x78 obj/default/metal/freertos/irq.o
 .rodata        0x000000000101a610        0x6 obj/default/metal/freertos/mutex.o
 *fill*         0x000000000101a616        0x2 
 .rodata        0x000000000101a618        0x6 obj/default/metal/freertos/sleep.o
 *fill*         0x000000000101a61e        0x2 
 .rodata        0x000000000101a620       0x64 obj/default/metal/freertos/threads.o
 .rodata        0x000000000101a684       0x6d obj/default/metal/shmem.o
 *fill*         0x000000000101a6f1        0x3 
 .rodata        0x000000000101a6f4       0x1d obj/default/metal/softirq.o
 *fill*         0x000000000101a711        0x3 
 .rodata.str1.4
                0x000000000101a714       0x3f c:/intelfpga_lite/17.0/nios2eds/bin/gnu/h-x86_64-mingw32/bin/../lib/gcc/nios2-elf/5.3.0/../../../../../H-x86_64-mingw32/nios2-elf/lib\libc.a(lib_a-assert.o)
                                         0x43 (size before relaxing)
 *fill*         0x000000000101a753        0x1 
 .rodata.str1.4
                0x000000000101a754        0x2 c:/intelfpga_lite/17.0/nios2eds/bin/gnu/h-x86_64-mingw32/bin/../lib/gcc/nios2-elf/5.3.0/../../../../../H-x86_64-mingw32/nios2-elf/lib\libc.a(lib_a-impure.o)
 *fill*         0x000000000101a756        0x2 
 .rodata.str1.4
                0x000000000101a758        0x2 c:/intelfpga_lite/17.0/nios2eds/bin/gnu/h-x86_64-mingw32/bin/../lib/gcc/nios2-elf/5.3.0/../../../../../H-x86_64-mingw32/nios2-elf/lib\libc.a(lib_a-puts.o)
 *fill*         0x000000000101a75a        0x2 
 .rodata.str1.4
                0x000000000101a75c      0x6fd c:/intelfpga_lite/17.0/nios2eds/bin/gnu/h-x86_64-mingw32/bin/../lib/gcc/nios2-elf/5.3.0/../../../../../H-x86_64-mingw32/nios2-elf/lib\libc.a(lib_a-strerror.o)
                                        0x701 (size before relaxing)
 *fill*         0x000000000101ae59        0x3 
 .rodata.str1.4
                0x000000000101ae5c       0x42 c:/intelfpga_lite/17.0/nios2eds/bin/gnu/h-x86_64-mingw32/bin/../lib/gcc/nios2-elf/5.3.0/../../../../../H-x86_64-mingw32/nios2-elf/lib\libc.a(lib_a-svfprintf.o)
 .rodata.zeroes.4389
                0x000000000101ae9e       0x10 c:/intelfpga_lite/17.0/nios2eds/bin/gnu/h-x86_64-mingw32/bin/../lib/gcc/nios2-elf/5.3.0/../../../../../H-x86_64-mingw32/nios2-elf/lib\libc.a(lib_a-svfprintf.o)
 .rodata.blanks.4388
                0x000000000101aeae       0x10 c:/intelfpga_lite/17.0/nios2eds/bin/gnu/h-x86_64-mingw32/bin/../lib/gcc/nios2-elf/5.3.0/../../../../../H-x86_64-mingw32/nios2-elf/lib\libc.a(lib_a-svfprintf.o)
 *fill*         0x000000000101aebe        0x2 
 .rodata.str1.4
                0x000000000101aec0       0x10 c:/intelfpga_lite/17.0/nios2eds/bin/gnu/h-x86_64-mingw32/bin/../lib/gcc/nios2-elf/5.3.0/../../../../../H-x86_64-mingw32/nios2-elf/lib\libc.a(lib_a-dtoa.o)
                                         0x12 (size before relaxing)
 .rodata.str1.4
                0x000000000101aed0        0xc c:/intelfpga_lite/17.0/nios2eds/bin/gnu/h-x86_64-mingw32/bin/../lib/gcc/nios2-elf/5.3.0/../../../../../H-x86_64-mingw32/nios2-elf/lib\libc.a(lib_a-locale.o)
                                         0x12 (size before relaxing)
 .rodata.p05.2768
                0x000000000101aedc        0xc c:/intelfpga_lite/17.0/nios2eds/bin/gnu/h-x86_64-mingw32/bin/../lib/gcc/nios2-elf/5.3.0/../../../../../H-x86_64-mingw32/nios2-elf/lib\libc.a(lib_a-mprec.o)
 .rodata.__mprec_tinytens
                0x000000000101aee8       0x28 c:/intelfpga_lite/17.0/nios2eds/bin/gnu/h-x86_64-mingw32/bin/../lib/gcc/nios2-elf/5.3.0/../../../../../H-x86_64-mingw32/nios2-elf/lib\libc.a(lib_a-mprec.o)
                0x000000000101aee8                __mprec_tinytens
 .rodata.__mprec_bigtens
                0x000000000101af10       0x28 c:/intelfpga_lite/17.0/nios2eds/bin/gnu/h-x86_64-mingw32/bin/../lib/gcc/nios2-elf/5.3.0/../../../../../H-x86_64-mingw32/nios2-elf/lib\libc.a(lib_a-mprec.o)
                0x000000000101af10                __mprec_bigtens
 .rodata.__mprec_tens
                0x000000000101af38       0xc8 c:/intelfpga_lite/17.0/nios2eds/bin/gnu/h-x86_64-mingw32/bin/../lib/gcc/nios2-elf/5.3.0/../../../../../H-x86_64-mingw32/nios2-elf/lib\libc.a(lib_a-mprec.o)
                0x000000000101af38                __mprec_tens
 .rodata.str1.4
                0x000000000101b000       0x2f c:/intelfpga_lite/17.0/nios2eds/bin/gnu/h-x86_64-mingw32/bin/../lib/gcc/nios2-elf/5.3.0/../../../../../H-x86_64-mingw32/nios2-elf/lib\libc.a(lib_a-svfiprintf.o)
 .rodata.zeroes.4333
                0x000000000101b000       0x10 c:/intelfpga_lite/17.0/nios2eds/bin/gnu/h-x86_64-mingw32/bin/../lib/gcc/nios2-elf/5.3.0/../../../../../H-x86_64-mingw32/nios2-elf/lib\libc.a(lib_a-svfiprintf.o)
 .rodata.blanks.4332
                0x000000000101b010       0x10 c:/intelfpga_lite/17.0/nios2eds/bin/gnu/h-x86_64-mingw32/bin/../lib/gcc/nios2-elf/5.3.0/../../../../../H-x86_64-mingw32/nios2-elf/lib\libc.a(lib_a-svfiprintf.o)
 .rodata.str1.4
                0x000000000101b020       0x2f c:/intelfpga_lite/17.0/nios2eds/bin/gnu/h-x86_64-mingw32/bin/../lib/gcc/nios2-elf/5.3.0/../../../../../H-x86_64-mingw32/nios2-elf/lib\libc.a(lib_a-vfiprintf.o)
 .rodata.zeroes.4349
                0x000000000101b020       0x10 c:/intelfpga_lite/17.0/nios2eds/bin/gnu/h-x86_64-mingw32/bin/../lib/gcc/nios2-elf/5.3.0/../../../../../H-x86_64-mingw32/nios2-elf/lib\libc.a(lib_a-vfiprintf.o)
 .rodata.blanks.4348
                0x000000000101b030       0x10 c:/intelfpga_lite/17.0/nios2eds/bin/gnu/h-x86_64-mingw32/bin/../lib/gcc/nios2-elf/5.3.0/../../../../../H-x86_64-mingw32/nios2-elf/lib\libc.a(lib_a-vfiprintf.o)
 .rodata        0x000000000101b040      0x100 c:/intelfpga_lite/17.0/nios2eds/bin/gnu/h-x86_64-mingw32/bin/../lib/gcc/nios2-elf/5.3.0\libgcc.a(_clz.o)
                0x000000000101b040                __clz_tab
 .rodata        0x000000000101b140        0xa ../FreeRTOS_OneCPU_bsp/\libhal_bsp.a(alt_dev.o)
 *fill*         0x000000000101b14a        0x2 
 .rodata        0x000000000101b14c       0x11 ../FreeRTOS_OneCPU_bsp/\libhal_bsp.a(alt_main.o)
 *fill*         0x000000000101b15d        0x3 
 .rodata        0x000000000101b160       0x21 ../FreeRTOS_OneCPU_bsp/\libhal_bsp.a(alt_sys_init.o)
 *(.rodata1)
                0x000000000101b184                . = ALIGN (0x4)
 *fill*         0x000000000101b181        0x3 
                0x000000000101b184                PROVIDE (__ram_rodata_end, ABSOLUTE (.))
                0x000000000101a454                PROVIDE (__flash_rodata_start, LOADADDR (.rodata))

.rwdata         0x000000000101b184     0x1bc8 load address 0x000000000101cd4c
                0x000000000101b184                PROVIDE (__ram_rwdata_start, ABSOLUTE (.))
                0x000000000101b184                . = ALIGN (0x4)
 *(.got.plt)
 *(.got)
 *(.data1)
 *(.data .data.* .gnu.linkonce.d.*)
 .data          0x000000000101b184        0x0 ../FreeRTOS_OneCPU_bsp//obj/HAL/src/crt0.o
 .data          0x000000000101b184        0x0 obj/default/Source/croutine.o
 .data          0x000000000101b184        0x0 obj/default/Source/event_groups.o
 .data          0x000000000101b184        0x0 obj/default/Source/list.o
 .data          0x000000000101b184        0x0 obj/default/Source/portable/GCC/NiosII/port.o
 .data          0x000000000101b184        0x0 obj/default/Source/portable/MemMang/heap_2.o
 .data          0x000000000101b184        0x0 obj/default/Source/queue.o
 .data          0x000000000101b184        0x0 obj/default/Source/stream_buffer.o
 .data          0x000000000101b184        0x0 obj/default/Source/tasks.o
 .data          0x000000000101b184        0x0 obj/default/Source/timers.o
 .data          0x000000000101b184        0x0 obj/default/hello_world.o
 .data          0x000000000101b184        0x0 obj/default/metal-test.o
 .data          0x000000000101b184       0x2c obj/default/metal/device.o
                0x000000000101b184                metal_generic_bus
 .data          0x000000000101b1b0        0x0 obj/default/metal/dma.o
 .data          0x000000000101b1b0       0x10 obj/default/metal/freertos/alloc.o
 .data          0x000000000101b1c0       0x10 obj/default/metal/freertos/atomic.o
 .data          0x000000000101b1d0        0x0 obj/default/metal/freertos/condition.o
 .data          0x000000000101b1d0        0x0 obj/default/metal/freertos/device.o
 .data          0x000000000101b1d0        0x0 obj/default/metal/freertos/init.o
 .data          0x000000000101b1d0        0x0 obj/default/metal/freertos/io.o
 .data          0x000000000101b1d0       0x10 obj/default/metal/freertos/irq.o
 .data          0x000000000101b1e0       0x10 obj/default/metal/freertos/mutex.o
 .data          0x000000000101b1f0        0x0 obj/default/metal/freertos/nios2/sys.o
 .data          0x000000000101b1f0        0x0 obj/default/metal/freertos/shmem.o
 .data          0x000000000101b1f0       0x10 obj/default/metal/freertos/sleep.o
 .data          0x000000000101b200        0x0 obj/default/metal/freertos/threads.o
 .data          0x000000000101b200        0x0 obj/default/metal/freertos/time.o
 .data          0x000000000101b200        0x0 obj/default/metal/init.o
 .data          0x000000000101b200        0x0 obj/default/metal/io.o
 .data          0x000000000101b200        0x0 obj/default/metal/irq.o
 .data          0x000000000101b200        0x0 obj/default/metal/log.o
 .data          0x000000000101b200        0x0 obj/default/metal/shmem.o
 .data          0x000000000101b200       0x20 obj/default/metal/softirq.o
 .data          0x000000000101b220        0x0 obj/default/Source/portable/GCC/NiosII/port_asm.o
 .data          0x000000000101b220        0x0 c:/intelfpga_lite/17.0/nios2eds/bin/gnu/h-x86_64-mingw32/bin/../lib/gcc/nios2-elf/5.3.0/../../../../../H-x86_64-mingw32/nios2-elf/lib\libc.a(lib_a-assert.o)
 .data          0x000000000101b220        0x0 c:/intelfpga_lite/17.0/nios2eds/bin/gnu/h-x86_64-mingw32/bin/../lib/gcc/nios2-elf/5.3.0/../../../../../H-x86_64-mingw32/nios2-elf/lib\libc.a(lib_a-fiprintf.o)
 .data          0x000000000101b220        0x0 c:/intelfpga_lite/17.0/nios2eds/bin/gnu/h-x86_64-mingw32/bin/../lib/gcc/nios2-elf/5.3.0/../../../../../H-x86_64-mingw32/nios2-elf/lib\libc.a(lib_a-impure.o)
 .data.impure_data
                0x000000000101b220      0x424 c:/intelfpga_lite/17.0/nios2eds/bin/gnu/h-x86_64-mingw32/bin/../lib/gcc/nios2-elf/5.3.0/../../../../../H-x86_64-mingw32/nios2-elf/lib\libc.a(lib_a-impure.o)
 .data          0x000000000101b644        0x0 c:/intelfpga_lite/17.0/nios2eds/bin/gnu/h-x86_64-mingw32/bin/../lib/gcc/nios2-elf/5.3.0/../../../../../H-x86_64-mingw32/nios2-elf/lib\libc.a(lib_a-memcpy.o)
 .data          0x000000000101b644        0x0 c:/intelfpga_lite/17.0/nios2eds/bin/gnu/h-x86_64-mingw32/bin/../lib/gcc/nios2-elf/5.3.0/../../../../../H-x86_64-mingw32/nios2-elf/lib\libc.a(lib_a-memset.o)
 .data          0x000000000101b644        0x0 c:/intelfpga_lite/17.0/nios2eds/bin/gnu/h-x86_64-mingw32/bin/../lib/gcc/nios2-elf/5.3.0/../../../../../H-x86_64-mingw32/nios2-elf/lib\libc.a(lib_a-puts.o)
 .data          0x000000000101b644        0x0 c:/intelfpga_lite/17.0/nios2eds/bin/gnu/h-x86_64-mingw32/bin/../lib/gcc/nios2-elf/5.3.0/../../../../../H-x86_64-mingw32/nios2-elf/lib\libc.a(lib_a-snprintf.o)
 .data          0x000000000101b644        0x0 c:/intelfpga_lite/17.0/nios2eds/bin/gnu/h-x86_64-mingw32/bin/../lib/gcc/nios2-elf/5.3.0/../../../../../H-x86_64-mingw32/nios2-elf/lib\libc.a(lib_a-strcmp.o)
 .data          0x000000000101b644        0x0 c:/intelfpga_lite/17.0/nios2eds/bin/gnu/h-x86_64-mingw32/bin/../lib/gcc/nios2-elf/5.3.0/../../../../../H-x86_64-mingw32/nios2-elf/lib\libc.a(lib_a-strerror.o)
 .data          0x000000000101b644        0x0 c:/intelfpga_lite/17.0/nios2eds/bin/gnu/h-x86_64-mingw32/bin/../lib/gcc/nios2-elf/5.3.0/../../../../../H-x86_64-mingw32/nios2-elf/lib\libc.a(lib_a-strlen.o)
 .data          0x000000000101b644        0x0 c:/intelfpga_lite/17.0/nios2eds/bin/gnu/h-x86_64-mingw32/bin/../lib/gcc/nios2-elf/5.3.0/../../../../../H-x86_64-mingw32/nios2-elf/lib\libc.a(lib_a-svfprintf.o)
 .data          0x000000000101b644        0x0 c:/intelfpga_lite/17.0/nios2eds/bin/gnu/h-x86_64-mingw32/bin/../lib/gcc/nios2-elf/5.3.0/../../../../../H-x86_64-mingw32/nios2-elf/lib\libc.a(lib_a-u_strerr.o)
 .data          0x000000000101b644        0x0 c:/intelfpga_lite/17.0/nios2eds/bin/gnu/h-x86_64-mingw32/bin/../lib/gcc/nios2-elf/5.3.0/../../../../../H-x86_64-mingw32/nios2-elf/lib\libc.a(lib_a-vfiprintfr_1.o)
 .data          0x000000000101b644        0x0 c:/intelfpga_lite/17.0/nios2eds/bin/gnu/h-x86_64-mingw32/bin/../lib/gcc/nios2-elf/5.3.0/../../../../../H-x86_64-mingw32/nios2-elf/lib\libc.a(lib_a-abort.o)
 .data          0x000000000101b644        0x0 c:/intelfpga_lite/17.0/nios2eds/bin/gnu/h-x86_64-mingw32/bin/../lib/gcc/nios2-elf/5.3.0/../../../../../H-x86_64-mingw32/nios2-elf/lib\libc.a(lib_a-dtoa.o)
 .data          0x000000000101b644        0x0 c:/intelfpga_lite/17.0/nios2eds/bin/gnu/h-x86_64-mingw32/bin/../lib/gcc/nios2-elf/5.3.0/../../../../../H-x86_64-mingw32/nios2-elf/lib\libc.a(lib_a-findfp.o)
 .data          0x000000000101b644        0x0 c:/intelfpga_lite/17.0/nios2eds/bin/gnu/h-x86_64-mingw32/bin/../lib/gcc/nios2-elf/5.3.0/../../../../../H-x86_64-mingw32/nios2-elf/lib\libc.a(lib_a-fvwrite.o)
 .data          0x000000000101b644        0x0 c:/intelfpga_lite/17.0/nios2eds/bin/gnu/h-x86_64-mingw32/bin/../lib/gcc/nios2-elf/5.3.0/../../../../../H-x86_64-mingw32/nios2-elf/lib\libc.a(lib_a-fwalk.o)
 .data          0x000000000101b644        0x0 c:/intelfpga_lite/17.0/nios2eds/bin/gnu/h-x86_64-mingw32/bin/../lib/gcc/nios2-elf/5.3.0/../../../../../H-x86_64-mingw32/nios2-elf/lib\libc.a(lib_a-locale.o)
 .data.lc_message_charset
                0x000000000101b644       0x20 c:/intelfpga_lite/17.0/nios2eds/bin/gnu/h-x86_64-mingw32/bin/../lib/gcc/nios2-elf/5.3.0/../../../../../H-x86_64-mingw32/nios2-elf/lib\libc.a(lib_a-locale.o)
 .data.lc_ctype_charset
                0x000000000101b664       0x20 c:/intelfpga_lite/17.0/nios2eds/bin/gnu/h-x86_64-mingw32/bin/../lib/gcc/nios2-elf/5.3.0/../../../../../H-x86_64-mingw32/nios2-elf/lib\libc.a(lib_a-locale.o)
 .data.lconv    0x000000000101b684       0x38 c:/intelfpga_lite/17.0/nios2eds/bin/gnu/h-x86_64-mingw32/bin/../lib/gcc/nios2-elf/5.3.0/../../../../../H-x86_64-mingw32/nios2-elf/lib\libc.a(lib_a-locale.o)