Archive member included to satisfy reference by file (symbol)

c:/intelfpga_lite/17.0/nios2eds/bin/gnu/h-x86_64-mingw32/bin/../lib/gcc/nios2-elf/5.3.0/../../../../../H-x86_64-mingw32/nios2-elf/lib\libc.a(lib_a-assert.o)
                              obj/default/metal/device.o (__assert_func)
c:/intelfpga_lite/17.0/nios2eds/bin/gnu/h-x86_64-mingw32/bin/../lib/gcc/nios2-elf/5.3.0/../../../../../H-x86_64-mingw32/nios2-elf/lib\libc.a(lib_a-fiprintf.o)
                              c:/intelfpga_lite/17.0/nios2eds/bin/gnu/h-x86_64-mingw32/bin/../lib/gcc/nios2-elf/5.3.0/../../../../../H-x86_64-mingw32/nios2-elf/lib\libc.a(lib_a-assert.o) (fiprintf)
c:/intelfpga_lite/17.0/nios2eds/bin/gnu/h-x86_64-mingw32/bin/../lib/gcc/nios2-elf/5.3.0/../../../../../H-x86_64-mingw32/nios2-elf/lib\libc.a(lib_a-impure.o)
                              c:/intelfpga_lite/17.0/nios2eds/bin/gnu/h-x86_64-mingw32/bin/../lib/gcc/nios2-elf/5.3.0/../../../../../H-x86_64-mingw32/nios2-elf/lib\libc.a(lib_a-assert.o) (_impure_ptr)
c:/intelfpga_lite/17.0/nios2eds/bin/gnu/h-x86_64-mingw32/bin/../lib/gcc/nios2-elf/5.3.0/../../../../../H-x86_64-mingw32/nios2-elf/lib\libc.a(lib_a-memcmp.o)
                              obj/default/openAMP/lib/remoteproc/elf_loader.o (memcmp)
c:/intelfpga_lite/17.0/nios2eds/bin/gnu/h-x86_64-mingw32/bin/../lib/gcc/nios2-elf/5.3.0/../../../../../H-x86_64-mingw32/nios2-elf/lib\libc.a(lib_a-memcpy.o)
                              obj/default/Source/queue.o (memcpy)
c:/intelfpga_lite/17.0/nios2eds/bin/gnu/h-x86_64-mingw32/bin/../lib/gcc/nios2-elf/5.3.0/../../../../../H-x86_64-mingw32/nios2-elf/lib\libc.a(lib_a-memset.o)
                              obj/default/Source/stream_buffer.o (memset)
c:/intelfpga_lite/17.0/nios2eds/bin/gnu/h-x86_64-mingw32/bin/../lib/gcc/nios2-elf/5.3.0/../../../../../H-x86_64-mingw32/nios2-elf/lib\libc.a(lib_a-puts.o)
                              obj/default/hello_world.o (puts)
c:/intelfpga_lite/17.0/nios2eds/bin/gnu/h-x86_64-mingw32/bin/../lib/gcc/nios2-elf/5.3.0/../../../../../H-x86_64-mingw32/nios2-elf/lib\libc.a(lib_a-snprintf.o)
                              obj/default/metal/freertos/threads.o (snprintf)
c:/intelfpga_lite/17.0/nios2eds/bin/gnu/h-x86_64-mingw32/bin/../lib/gcc/nios2-elf/5.3.0/../../../../../H-x86_64-mingw32/nios2-elf/lib\libc.a(lib_a-strcmp.o)
                              obj/default/metal/device.o (strcmp)
c:/intelfpga_lite/17.0/nios2eds/bin/gnu/h-x86_64-mingw32/bin/../lib/gcc/nios2-elf/5.3.0/../../../../../H-x86_64-mingw32/nios2-elf/lib\libc.a(lib_a-strerror.o)
                              obj/default/metal-test.o (strerror)
c:/intelfpga_lite/17.0/nios2eds/bin/gnu/h-x86_64-mingw32/bin/../lib/gcc/nios2-elf/5.3.0/../../../../../H-x86_64-mingw32/nios2-elf/lib\libc.a(lib_a-strlen.o)
                              obj/default/metal-test.o (strlen)
c:/intelfpga_lite/17.0/nios2eds/bin/gnu/h-x86_64-mingw32/bin/../lib/gcc/nios2-elf/5.3.0/../../../../../H-x86_64-mingw32/nios2-elf/lib\libc.a(lib_a-strncmp.o)
                              obj/default/openAMP/lib/remoteproc/remoteproc.o (strncmp)
c:/intelfpga_lite/17.0/nios2eds/bin/gnu/h-x86_64-mingw32/bin/../lib/gcc/nios2-elf/5.3.0/../../../../../H-x86_64-mingw32/nios2-elf/lib\libc.a(lib_a-strncpy.o)
                              obj/default/openAMP/lib/rpmsg/rpmsg.o (strncpy)
c:/intelfpga_lite/17.0/nios2eds/bin/gnu/h-x86_64-mingw32/bin/../lib/gcc/nios2-elf/5.3.0/../../../../../H-x86_64-mingw32/nios2-elf/lib\libc.a(lib_a-svfprintf.o)
                              c:/intelfpga_lite/17.0/nios2eds/bin/gnu/h-x86_64-mingw32/bin/../lib/gcc/nios2-elf/5.3.0/../../../../../H-x86_64-mingw32/nios2-elf/lib\libc.a(lib_a-snprintf.o) (___svfprintf_internal_r)
c:/intelfpga_lite/17.0/nios2eds/bin/gnu/h-x86_64-mingw32/bin/../lib/gcc/nios2-elf/5.3.0/../../../../../H-x86_64-mingw32/nios2-elf/lib\libc.a(lib_a-u_strerr.o)
                              c:/intelfpga_lite/17.0/nios2eds/bin/gnu/h-x86_64-mingw32/bin/../lib/gcc/nios2-elf/5.3.0/../../../../../H-x86_64-mingw32/nios2-elf/lib\libc.a(lib_a-strerror.o) (_user_strerror)
c:/intelfpga_lite/17.0/nios2eds/bin/gnu/h-x86_64-mingw32/bin/../lib/gcc/nios2-elf/5.3.0/../../../../../H-x86_64-mingw32/nios2-elf/lib\libc.a(lib_a-vfiprintfr_1.o)
                              c:/intelfpga_lite/17.0/nios2eds/bin/gnu/h-x86_64-mingw32/bin/../lib/gcc/nios2-elf/5.3.0/../../../../../H-x86_64-mingw32/nios2-elf/lib\libc.a(lib_a-fiprintf.o) (_vfiprintf_r)
c:/intelfpga_lite/17.0/nios2eds/bin/gnu/h-x86_64-mingw32/bin/../lib/gcc/nios2-elf/5.3.0/../../../../../H-x86_64-mingw32/nios2-elf/lib\libc.a(lib_a-abort.o)
                              c:/intelfpga_lite/17.0/nios2eds/bin/gnu/h-x86_64-mingw32/bin/../lib/gcc/nios2-elf/5.3.0/../../../../../H-x86_64-mingw32/nios2-elf/lib\libc.a(lib_a-assert.o) (abort)
c:/intelfpga_lite/17.0/nios2eds/bin/gnu/h-x86_64-mingw32/bin/../lib/gcc/nios2-elf/5.3.0/../../../../../H-x86_64-mingw32/nios2-elf/lib\libc.a(lib_a-dtoa.o)
[...]
Memory Configuration

Name             Origin             Length             Attributes
reset            0x0000000001000000 0x0000000000000020
sdram            0x0000000001000020 0x0000000000ffffe0
*default*        0x0000000000000000 0xffffffffffffffff

Linker script and memory map

LOAD ../FreeRTOS_OneCPU_bsp//obj/HAL/src/crt0.o
LOAD obj/default/Source/croutine.o
LOAD obj/default/Source/event_groups.o
LOAD obj/default/Source/list.o
LOAD obj/default/Source/portable/GCC/NiosII/port.o
LOAD obj/default/Source/portable/MemMang/heap_2.o
LOAD obj/default/Source/queue.o
LOAD obj/default/Source/stream_buffer.o
LOAD obj/default/Source/tasks.o
LOAD obj/default/Source/timers.o
LOAD obj/default/hello_world.o
LOAD obj/default/metal-test.o
LOAD obj/default/metal/device.o
LOAD obj/default/metal/dma.o
LOAD obj/default/metal/freertos/alloc.o
LOAD obj/default/metal/freertos/atomic.o
LOAD obj/default/metal/freertos/condition.o
LOAD obj/default/metal/freertos/device.o
LOAD obj/default/metal/freertos/init.o
LOAD obj/default/metal/freertos/io.o
LOAD obj/default/metal/freertos/irq.o
LOAD obj/default/metal/freertos/mutex.o
LOAD obj/default/metal/freertos/nios2/sys.o
LOAD obj/default/metal/freertos/shmem.o
LOAD obj/default/metal/freertos/sleep.o
LOAD obj/default/metal/freertos/threads.o
LOAD obj/default/metal/freertos/time.o
LOAD obj/default/metal/init.o
LOAD obj/default/metal/io.o
LOAD obj/default/metal/irq.o
LOAD obj/default/metal/log.o
LOAD obj/default/metal/shmem.o
LOAD obj/default/metal/softirq.o
LOAD obj/default/openAMP/lib/proxy/rpmsg_retarget.o
LOAD obj/default/openAMP/lib/remoteproc/elf_loader.o
LOAD obj/default/openAMP/lib/remoteproc/remoteproc.o
LOAD obj/default/openAMP/lib/remoteproc/remoteproc_virtio.o
LOAD obj/default/openAMP/lib/remoteproc/rsc_table_parser.o
LOAD obj/default/openAMP/lib/rpmsg/rpmsg.o
LOAD obj/default/openAMP/lib/rpmsg/rpmsg_virtio.o
LOAD obj/default/openAMP/lib/virtio/virtio.o
LOAD obj/default/openAMP/lib/virtio/virtqueue.o
LOAD obj/default/Source/portable/GCC/NiosII/port_asm.o
LOAD c:/intelfpga_lite/17.0/nios2eds/bin/gnu/h-x86_64-mingw32/bin/../lib/gcc/nios2-elf/5.3.0/../../../../../H-x86_64-mingw32/nios2-elf/lib\libstdc++.a
LOAD c:/intelfpga_lite/17.0/nios2eds/bin/gnu/h-x86_64-mingw32/bin/../lib/gcc/nios2-elf/5.3.0/../../../../../H-x86_64-mingw32/nios2-elf/lib\libm.a
LOAD c:/intelfpga_lite/17.0/nios2eds/bin/gnu/h-x86_64-mingw32/bin/../lib/gcc/nios2-elf/5.3.0\libgcc.a
START GROUP
LOAD c:/intelfpga_lite/17.0/nios2eds/bin/gnu/h-x86_64-mingw32/bin/../lib/gcc/nios2-elf/5.3.0/../../../../../H-x86_64-mingw32/nios2-elf/lib\libc.a
LOAD c:/intelfpga_lite/17.0/nios2eds/bin/gnu/h-x86_64-mingw32/bin/../lib/gcc/nios2-elf/5.3.0\libgcc.a
LOAD ../FreeRTOS_OneCPU_bsp/\libhal_bsp.a
LOAD c:/intelfpga_lite/17.0/nios2eds/bin/gnu/h-x86_64-mingw32/bin/../lib/gcc/nios2-elf/5.3.0/../../../../../H-x86_64-mingw32/nios2-elf/lib\libm.a
END GROUP
LOAD c:/intelfpga_lite/17.0/nios2eds/bin/gnu/h-x86_64-mingw32/bin/../lib/gcc/nios2-elf/5.3.0\libgcc.a
                0x0000000001000000                __alt_mem_sdram = 0x1000000

.entry          0x0000000001000000       0x20
 *(.entry)
 .entry         0x0000000001000000       0x20 ../FreeRTOS_OneCPU_bsp//obj/HAL/src/crt0.o
                0x0000000001000000                __reset

.exceptions     0x0000000001000020      0x380
                0x0000000001000020                PROVIDE (__ram_exceptions_start, ABSOLUTE (.))
                0x0000000001000020                . = ALIGN (0x20)
 *(.irq)
 *(.exceptions.entry.label)
 .exceptions.entry.label
                0x0000000001000020        0x0 ../FreeRTOS_OneCPU_bsp/\libhal_bsp.a(alt_irq_entry.o)
                0x0000000001000020                alt_irq_entry
 .exceptions.entry.label
                0x0000000001000020        0x0 ../FreeRTOS_OneCPU_bsp/\libhal_bsp.a(alt_exception_entry.o)
                0x0000000001000020                alt_exception
 *(.exceptions.entry.user)
 *(.exceptions.entry.ecc_fatal)
 *(.exceptions.entry)
 .exceptions.entry
                0x0000000001000020       0x8c obj/default/Source/portable/GCC/NiosII/port_asm.o
 .exceptions.entry
                0x00000000010000ac       0x54 ../FreeRTOS_OneCPU_bsp/\libhal_bsp.a(alt_exception_entry.o)
 *(.exceptions.irqtest.user)
 *(.exceptions.irqtest)
 .exceptions.irqtest
                0x0000000001000100       0x14 obj/default/Source/portable/GCC/NiosII/port_asm.o
 .exceptions.irqtest
                0x0000000001000114       0x10 ../FreeRTOS_OneCPU_bsp/\libhal_bsp.a(alt_irq_entry.o)
 *(.exceptions.irqhandler.user)
 *(.exceptions.irqhandler)
 .exceptions.irqhandler
                0x0000000001000124        0x4 obj/default/Source/portable/GCC/NiosII/port_asm.o
 .exceptions.irqhandler
                0x0000000001000128        0x4 ../FreeRTOS_OneCPU_bsp/\libhal_bsp.a(alt_irq_entry.o)
 *(.exceptions.irqreturn.user)
 *(.exceptions.irqreturn)
 .exceptions.irqreturn
                0x000000000100012c       0x8c obj/default/Source/portable/GCC/NiosII/port_asm.o
                0x000000000100012c                restore_sp_from_pxCurrentTCB
 .exceptions.irqreturn
                0x00000000010001b8        0x4 ../FreeRTOS_OneCPU_bsp/\libhal_bsp.a(alt_irq_entry.o)
 *(.exceptions.notirq.label)
 .exceptions.notirq.label
                0x00000000010001bc        0x0 ../FreeRTOS_OneCPU_bsp/\libhal_bsp.a(alt_irq_entry.o)
 *(.exceptions.notirq.user)
 *(.exceptions.notirq)
 .exceptions.notirq
                0x00000000010001bc        0x8 ../FreeRTOS_OneCPU_bsp/\libhal_bsp.a(alt_exception_entry.o)
 *(.exceptions.soft.user)
 *(.exceptions.soft)
 .exceptions.soft
                0x00000000010001c4       0x2c obj/default/Source/portable/GCC/NiosII/port_asm.o
 *(.exceptions.unknown.user)
 *(.exceptions.unknown)
 .exceptions.unknown
                0x00000000010001f0       0x14 ../FreeRTOS_OneCPU_bsp/\libhal_bsp.a(alt_exception_entry.o)
 *(.exceptions.exit.label)
 .exceptions.exit.label
                0x0000000001000204        0x0 ../FreeRTOS_OneCPU_bsp/\libhal_bsp.a(alt_irq_entry.o)
 .exceptions.exit.label
                0x0000000001000204        0x0 ../FreeRTOS_OneCPU_bsp/\libhal_bsp.a(alt_exception_entry.o)
 *(.exceptions.exit.user)
 *(.exceptions.exit)
 .exceptions.exit
                0x0000000001000204       0x54 ../FreeRTOS_OneCPU_bsp/\libhal_bsp.a(alt_exception_entry.o)
 *(.exceptions)
 .exceptions    0x0000000001000258       0xd4 ../FreeRTOS_OneCPU_bsp/\libhal_bsp.a(alt_irq_handler.o)
                0x0000000001000258                alt_irq_handler
 .exceptions    0x000000000100032c       0x74 ../FreeRTOS_OneCPU_bsp/\libhal_bsp.a(alt_instruction_exception_entry.o)
                0x000000000100032c                alt_instruction_exception_entry
                0x00000000010003a0                PROVIDE (__ram_exceptions_end, ABSOLUTE (.))
                0x0000000001000020                PROVIDE (__flash_exceptions_start, LOADADDR (.exceptions))

.text           0x00000000010003a0    0x24e7c
                [!provide]                        PROVIDE (stext, ABSOLUTE (.))
 *(.interp)
 *(.hash)
 *(.dynsym)
 *(.dynstr)
 *(.gnu.version)
 *(.gnu.version_d)
 *(.gnu.version_r)
 *(.rel.init)
 *(.rela.init)
 *(.rel.text .rel.text.* .rel.gnu.linkonce.t.*)
 *(.rela.text .rela.text.* .rela.gnu.linkonce.t.*)
 *(.rel.fini)
 *(.rela.fini)
 *(.rel.rodata .rel.rodata.* .rel.gnu.linkonce.r.*)
 *(.rela.rodata .rela.rodata.* .rela.gnu.linkonce.r.*)
 *(.rel.data .rel.data.* .rel.gnu.linkonce.d.*)
 *(.rela.data .rela.data.* .rela.gnu.linkonce.d.*)
 *(.rel.tdata .rel.tdata.* .rel.gnu.linkonce.td.*)
 *(.rela.tdata .rela.tdata.* .rela.gnu.linkonce.td.*)
 *(.rel.tbss .rel.tbss.* .rel.gnu.linkonce.tb.*)
 *(.rela.tbss .rela.tbss.* .rela.gnu.linkonce.tb.*)
 *(.rel.ctors)
 *(.rela.ctors)
 *(.rel.dtors)
 *(.rela.dtors)
 *(.rel.got)
 *(.rela.got)
 *(.rel.sdata .rel.sdata.* .rel.gnu.linkonce.s.*)
 *(.rela.sdata .rela.sdata.* .rela.gnu.linkonce.s.*)
 *(.rel.sbss .rel.sbss.* .rel.gnu.linkonce.sb.*)
 *(.rela.sbss .rela.sbss.* .rela.gnu.linkonce.sb.*)
 *(.rel.sdata2 .rel.sdata2.* .rel.gnu.linkonce.s2.*)
 *(.rela.sdata2 .rela.sdata2.* .rela.gnu.linkonce.s2.*)
 *(.rel.sbss2 .rel.sbss2.* .rel.gnu.linkonce.sb2.*)
 *(.rela.sbss2 .rela.sbss2.* .rela.gnu.linkonce.sb2.*)
 *(.rel.bss .rel.bss.* .rel.gnu.linkonce.b.*)
 *(.rela.bss .rela.bss.* .rela.gnu.linkonce.b.*)
 *(.rel.plt)
 *(.rela.plt)
 *(.rel.dyn)
 *(.init)
 *(.plt)
 *(.text .stub .text.* .gnu.linkonce.t.*)
 .text          0x00000000010003a0       0x4c ../FreeRTOS_OneCPU_bsp//obj/HAL/src/crt0.o
                0x00000000010003a0                _start
 .text          0x00000000010003ec        0x0 obj/default/Source/croutine.o
 .text          0x00000000010003ec      0x700 obj/default/Source/event_groups.o
                0x00000000010003ec                xEventGroupCreate
                0x0000000001000440                xEventGroupSync
                0x00000000010005c4                xEventGroupWaitBits
                0x000000000100076c                xEventGroupClearBits
                0x00000000010007d4                xEventGroupGetBitsFromISR
                0x0000000001000810                xEventGroupSetBits
                0x0000000001000990                vEventGroupDelete
                0x0000000001000a04                vEventGroupSetBitsCallback
                0x0000000001000a40                vEventGroupClearBitsCallback
 .text          0x0000000001000aec      0x290 obj/default/Source/list.o
                0x0000000001000aec                vListInitialise
                0x0000000001000b54                vListInitialiseItem
                0x0000000001000b80                vListInsertEnd
                0x0000000001000c0c                vListInsert
                0x0000000001000ce4                uxListRemove
 .text          0x0000000001000d7c      0x234 obj/default/Source/portable/GCC/NiosII/port.o
                0x0000000001000da8                pxPortInitialiseStack
                0x0000000001000e88                xPortStartScheduler
                0x0000000001000ec0                vPortEndScheduler
                0x0000000001000f68                vPortSysTickHandler
 .text          0x0000000001000fb0      0x354 obj/default/Source/portable/MemMang/heap_2.o
                0x0000000001000fb0                pvPortMalloc
                0x0000000001001184                vPortFree
                0x0000000001001250                xPortGetFreeHeapSize
                0x0000000001001270                vPortInitialiseBlocks
 .text          0x0000000001001304     0x1474 obj/default/Source/queue.o
                0x0000000001001304                xQueueGenericReset
                0x0000000001001418                xQueueGenericCreate
                0x00000000010015a4                xQueueCreateMutex
                0x0000000001001600                xQueueGiveMutexRecursive
                0x0000000001001690                xQueueTakeMutexRecursive
                0x000000000100172c                xQueueCreateCountingSemaphore
                0x0000000001001784                xQueueGenericSend
                0x0000000001001938                xQueueGenericSendFromISR
                0x0000000001001a20                xQueueGiveFromISR
                0x0000000001001afc                xQueueReceive
                0x0000000001001ca4                xQueueSemaphoreTake
                0x0000000001001eb4                xQueuePeek
                0x0000000001002064                xQueueReceiveFromISR
                0x0000000001002148                xQueuePeekFromISR
                0x00000000010021c4                uxQueueMessagesWaiting
                0x0000000001002204                uxQueueSpacesAvailable
                0x0000000001002258                uxQueueMessagesWaitingFromISR
                0x0000000001002290                vQueueDelete
                0x0000000001002688                xQueueIsQueueEmptyFromISR
                0x0000000001002728                xQueueIsQueueFullFromISR
 .text          0x0000000001002778      0xea4 obj/default/Source/stream_buffer.o
                0x0000000001002778                xStreamBufferGenericCreate
                0x0000000001002824                vStreamBufferDelete
                0x0000000001002888                xStreamBufferReset
                0x0000000001002924                xStreamBufferSetTriggerLevel
                0x0000000001002990                xStreamBufferSpacesAvailable
                0x0000000001002a18                xStreamBufferBytesAvailable
                0x0000000001002a58                xStreamBufferSend
                0x0000000001002be0                xStreamBufferSendFromISR
                0x0000000001002da4                xStreamBufferReceive
                0x0000000001002efc                xStreamBufferNextMessageLengthBytes
                0x0000000001002fa4                xStreamBufferReceiveFromISR
                0x0000000001003144                xStreamBufferIsEmpty
                0x000000000100319c                xStreamBufferIsFull
                0x0000000001003218                xStreamBufferSendCompletedFromISR
                0x000000000100329c                xStreamBufferReceiveCompletedFromISR
 .text          0x000000000100361c     0x2538 obj/default/Source/tasks.o
                0x000000000100361c                xTaskCreate
                0x00000000010039e4                vTaskDelete
                0x0000000001003acc                vTaskDelayUntil
                0x0000000001003bbc                vTaskDelay
                0x0000000001003c18                eTaskGetState
                0x0000000001003d28                uxTaskPriorityGet
                0x0000000001003d80                uxTaskPriorityGetFromISR
                0x0000000001003dcc                vTaskPrioritySet
                0x0000000001003f70                vTaskSuspend
                0x00000000010040d8                vTaskResume
                0x00000000010041a4                xTaskResumeFromISR
                0x0000000001004284                vTaskStartScheduler
                0x0000000001004314                vTaskEndScheduler
                0x000000000100435c                vTaskSuspendAll
                0x0000000001004388                xTaskResumeAll
                0x00000000010044e0                xTaskGetTickCount
                0x0000000001004508                xTaskGetTickCountFromISR
                0x0000000001004534                uxTaskGetNumberOfTasks
                0x0000000001004554                pcTaskGetName
                0x0000000001004594                xTaskIncrementTick
                0x0000000001004744                vTaskSwitchContext
                0x000000000100481c                vTaskPlaceOnEventList
                0x000000000100486c                vTaskPlaceOnUnorderedEventList
                0x00000000010048d0                xTaskRemoveFromEventList
                0x00000000010049c4                vTaskRemoveFromUnorderedEventList
                0x0000000001004a8c                vTaskSetTimeOutState
                0x0000000001004ad8                vTaskInternalSetTimeOutState
                0x0000000001004b14                xTaskCheckForTimeOut
                0x0000000001004bf4                vTaskMissedYield
                0x0000000001004dd4                uxTaskGetStackHighWaterMark
                0x0000000001004ecc                xTaskGetCurrentTaskHandle
                0x0000000001004ef4                xTaskPriorityInherit
                0x0000000001005034                xTaskPriorityDisinherit
                0x0000000001005130                vTaskPriorityDisinheritAfterTimeout
                0x0000000001005270                vTaskEnterCritical
                0x00000000010052c4                vTaskExitCritical
                0x0000000001005324                uxTaskResetEventItemValue
                0x0000000001005368                pvTaskIncrementMutexHeldCount
                0x00000000010053a0                ulTaskNotifyTake
                0x0000000001005450                xTaskNotifyWait
                0x0000000001005544                xTaskGenericNotify
                0x00000000010056f0                xTaskGenericNotifyFromISR
                0x00000000010058d4                vTaskNotifyGiveFromISR
                0x00000000010059f4                xTaskNotifyStateClear
 .text          0x0000000001005b54        0x0 obj/default/Source/timers.o
 .text          0x0000000001005b54       0x34 obj/default/hello_world.o
                0x0000000001005b54                main
 .text          0x0000000001005b88      0x2fc obj/default/metal-test.o
                0x0000000001005c28                metal_add_test_case
                0x0000000001005c64                metal_tests_run
 .text          0x0000000001005e84      0x89c obj/default/metal/device.o
                0x00000000010060bc                metal_bus_register
                0x00000000010061b4                metal_bus_unregister
                0x0000000001006258                metal_bus_find
                0x00000000010062fc                metal_device_open
                0x00000000010063e8                metal_device_close
                0x0000000001006478                metal_register_generic_device
                0x000000000100650c                metal_generic_dev_open
                0x00000000010065b0                metal_generic_dev_dma_map
                0x0000000001006698                metal_generic_dev_dma_unmap
 .text          0x0000000001006720      0x160 obj/default/metal/dma.o
                0x0000000001006720                metal_dma_map
                0x00000000010067e0                metal_dma_unmap
 .text          0x0000000001006880      0x198 obj/default/metal/freertos/alloc.o
 .text          0x0000000001006a18      0x164 obj/default/metal/freertos/atomic.o
 .text          0x0000000001006b7c       0x28 obj/default/metal/freertos/condition.o
                0x0000000001006b7c                metal_condition_wait
 .text          0x0000000001006ba4       0x84 obj/default/metal/freertos/device.o
                0x0000000001006ba4                metal_generic_dev_sys_open
 .text          0x0000000001006c28       0x6c obj/default/metal/freertos/init.o
                0x0000000001006c28                metal_sys_init
                0x0000000001006c60                metal_sys_finish
 .text          0x0000000001006c94       0xec obj/default/metal/freertos/io.o
                0x0000000001006c94                metal_sys_io_mem_map
 .text          0x0000000001006d80      0x20c obj/default/metal/freertos/irq.o
 .text          0x0000000001006f8c      0x298 obj/default/metal/freertos/mutex.o
 .text          0x0000000001007224       0x80 obj/default/metal/freertos/nios2/sys.o
                0x0000000001007224                metal_machine_cache_flush
                0x000000000100724c                metal_machine_cache_invalidate
                0x0000000001007274                metal_machine_io_mem_map
 .text          0x00000000010072a4       0x40 obj/default/metal/freertos/shmem.o
                0x00000000010072a4                metal_shmem_open
 .text          0x00000000010072e4      0x160 obj/default/metal/freertos/sleep.o
 .text          0x0000000001007444      0x450 obj/default/metal/freertos/threads.o
                0x00000000010074a0                metal_run
                0x00000000010075a0                metal_run_noblock
                0x00000000010077b4                metal_finish_threads
 .text          0x0000000001007894       0x50 obj/default/metal/freertos/time.o
                0x0000000001007894                metal_get_timestamp
 .text          0x00000000010078e4      0x12c obj/default/metal/init.o
                0x0000000001007924                metal_init
                0x00000000010079d0                metal_finish
 .text          0x0000000001007a10      0x6ec obj/default/metal/io.o
                0x0000000001007a6c                metal_io_init
                0x0000000001007bd4                metal_io_block_read
                0x0000000001007d88                metal_io_block_write
                0x0000000001007f38                metal_io_block_set
 .text          0x00000000010080fc      0x498 obj/default/metal/irq.o
                0x0000000001008290                metal_irq_register_controller
                0x0000000001008450                metal_irq_register
                0x000000000100851c                metal_irq_enable
                0x0000000001008558                metal_irq_disable
 .text          0x0000000001008594       0xe8 obj/default/metal/log.o
                0x0000000001008594                metal_default_log_handler
                0x00000000010085c4                metal_set_log_handler
                0x00000000010085f8                metal_get_log_handler
                0x0000000001008620                metal_set_log_level
                0x0000000001008654                metal_get_log_level
 .text          0x000000000100867c      0x248 obj/default/metal/shmem.o
                0x0000000001008744                metal_shmem_register_generic
                0x00000000010087fc                metal_shmem_open_generic
 .text          0x00000000010088c4      0x3c4 obj/default/metal/softirq.o
                0x00000000010089dc                metal_softirq_set
                0x0000000001008a6c                metal_softirq_init
                0x0000000001008a9c                metal_softirq_allocate
                0x0000000001008b58                metal_softirq_dispatch
 .text          0x0000000001008c88      0xc20 obj/default/openAMP/lib/proxy/rpmsg_retarget.o
                0x00000000010090e8                rpmsg_rpc_init
                0x0000000001009230                rpmsg_rpc_release
                0x00000000010092e4                rpmsg_rpc_send
                0x00000000010093e8                rpmsg_set_default_rpc
                0x0000000001009420                _open
                0x0000000001009550                _read
                0x0000000001009690                _write
                0x00000000010097ec                _close
 .text          0x00000000010098a8     0x1c18 obj/default/openAMP/lib/remoteproc/elf_loader.o
                0x000000000100a608                elf_identify
                0x000000000100a674                elf_load_header
                0x000000000100ada0                elf_load
                0x000000000100b1e0                elf_release
                0x000000000100b2f0                elf_get_entry
                0x000000000100b370                elf_locate_rsc_table
                0x000000000100b474                elf_get_load_state
 .text          0x000000000100b4c0     0x3130 obj/default/openAMP/lib/remoteproc/remoteproc.o
                0x000000000100c080                remoteproc_set_rsc_table
                0x000000000100c114                remoteproc_init
                0x000000000100c1b0                remoteproc_remove
                0x000000000100c234                remoteproc_config
                0x000000000100c2e4                remoteproc_start
                0x000000000100c378                remoteproc_stop
                0x000000000100c424                remoteproc_shutdown
                0x000000000100c500                remoteproc_get_io_with_name
                0x000000000100c564                remoteproc_get_io_with_pa
                0x000000000100c5c8                remoteproc_get_io_with_da
                0x000000000100c660                remoteproc_get_io_with_va
                0x000000000100c6c8                remoteproc_mmap
                0x000000000100c890                remoteproc_load
                0x000000000100d610                remoteproc_load_noblock
                0x000000000100e060                remoteproc_allocate_id
                0x000000000100e14c                remoteproc_create_virtio
                0x000000000100e4dc                remoteproc_remove_virtio
                0x000000000100e560                remoteproc_get_notification
 .text          0x000000000100e5f0      0xe64 obj/default/openAMP/lib/remoteproc/remoteproc_virtio.o
                0x000000000100ef6c                rproc_virtio_create_vdev
                0x000000000100f1d8                rproc_virtio_remove_vdev
                0x000000000100f284                rproc_virtio_init_vring
                0x000000000100f32c                rproc_virtio_notified
                0x000000000100f3f8                rproc_virtio_wait_remote_ready
 .text          0x000000000100f454      0x9a0 obj/default/openAMP/lib/remoteproc/rsc_table_parser.o
                0x000000000100f4a8                handle_rsc_table
                0x000000000100f758                handle_carve_out_rsc
                0x000000000100f8cc                handle_vendor_rsc
                0x000000000100f96c                handle_vdev_rsc
                0x000000000100fbb4                handle_trace_rsc
                0x000000000100fc78                find_rsc
 .text          0x000000000100fdf4      0xb6c obj/default/openAMP/lib/rpmsg/rpmsg.o
                0x00000000010103c0                rpmsg_send_offchannel_raw
                0x0000000001010470                rpmsg_send_ns_message
                0x0000000001010510                rpmsg_get_endpoint
                0x00000000010106d4                rpmsg_register_endpoint
                0x0000000001010728                rpmsg_create_ept
                0x00000000010108b0                rpmsg_destroy_ept
 .text          0x0000000001010960     0x14a4 obj/default/openAMP/lib/rpmsg/rpmsg_virtio.o
                0x0000000001010e70                rpmsg_virtio_shm_pool_get_buffer
                0x0000000001010eec                rpmsg_virtio_init_shm_pool
                0x000000000101192c                rpmsg_virtio_get_buffer_size
                0x000000000101199c                rpmsg_init_vdev
                0x0000000001011d7c                rpmsg_deinit_vdev
 .text          0x0000000001011e04      0x43c obj/default/openAMP/lib/virtio/virtio.o
                0x0000000001011ee0                virtio_dev_name
                0x000000000101207c                virtio_describe
                0x00000000010120c0                virtio_create_virtqueues
 .text          0x0000000001012240     0x1654 obj/default/openAMP/lib/virtio/virtqueue.o
                0x00000000010126dc                virtqueue_create
                0x00000000010127a0                virtqueue_add_buffer
                0x00000000010128a4                virtqueue_get_buffer
                0x00000000010129d4                virtqueue_get_buffer_length
                0x0000000001012a14                virtqueue_free
                0x0000000001012ab8                virtqueue_get_available_buffer
                0x0000000001012bcc                virtqueue_add_consumed_buffer
                0x0000000001012ca4                virtqueue_enable_cb
                0x0000000001012cd8                virtqueue_disable_cb
                0x0000000001012e14                virtqueue_kick
                0x0000000001012e60                virtqueue_dump
                0x0000000001012f84                virtqueue_get_desc_size
                0x00000000010135b8                virtqueue_notification
 .text          0x0000000001013894        0x0 obj/default/Source/portable/GCC/NiosII/port_asm.o
 .text          0x0000000001013894        0x0 c:/intelfpga_lite/17.0/nios2eds/bin/gnu/h-x86_64-mingw32/bin/../lib/gcc/nios2-elf/5.3.0/../../../../../H-x86_64-mingw32/nios2-elf/lib\libc.a(lib_a-assert.o)
 .text.__assert_func
                0x0000000001013894       0x68 c:/intelfpga_lite/17.0/nios2eds/bin/gnu/h-x86_64-mingw32/bin/../lib/gcc/nios2-elf/5.3.0/../../../../../H-x86_64-mingw32/nios2-elf/lib\libc.a(lib_a-assert.o)
                0x0000000001013894                __assert_func
 .text.__assert
                0x00000000010138fc       0x14 c:/intelfpga_lite/17.0/nios2eds/bin/gnu/h-x86_64-mingw32/bin/../lib/gcc/nios2-elf/5.3.0/../../../../../H-x86_64-mingw32/nios2-elf/lib\libc.a(lib_a-assert.o)
                0x00000000010138fc                __assert
 .text          0x0000000001013910        0x0 c:/intelfpga_lite/17.0/nios2eds/bin/gnu/h-x86_64-mingw32/bin/../lib/gcc/nios2-elf/5.3.0/../../../../../H-x86_64-mingw32/nios2-elf/lib\libc.a(lib_a-fiprintf.o)
 .text._fiprintf_r
                0x0000000001013910       0x20 c:/intelfpga_lite/17.0/nios2eds/bin/gnu/h-x86_64-mingw32/bin/../lib/gcc/nios2-elf/5.3.0/../../../../../H-x86_64-mingw32/nios2-elf/lib\libc.a(lib_a-fiprintf.o)
                0x0000000001013910                _fiprintf_r
 .text.fiprintf
                0x0000000001013930       0x3c c:/intelfpga_lite/17.0/nios2eds/bin/gnu/h-x86_64-mingw32/bin/../lib/gcc/nios2-elf/5.3.0/../../../../../H-x86_64-mingw32/nios2-elf/lib\libc.a(lib_a-fiprintf.o)
                0x0000000001013930                fiprintf
 .text          0x000000000101396c        0x0 c:/intelfpga_lite/17.0/nios2eds/bin/gnu/h-x86_64-mingw32/bin/../lib/gcc/nios2-elf/5.3.0/../../../../../H-x86_64-mingw32/nios2-elf/lib\libc.a(lib_a-impure.o)
 .text          0x000000000101396c        0x0 c:/intelfpga_lite/17.0/nios2eds/bin/gnu/h-x86_64-mingw32/bin/../lib/gcc/nios2-elf/5.3.0/../../../../../H-x86_64-mingw32/nios2-elf/lib\libc.a(lib_a-memcmp.o)
 .text.memcmp   0x000000000101396c       0x7c c:/intelfpga_lite/17.0/nios2eds/bin/gnu/h-x86_64-mingw32/bin/../lib/gcc/nios2-elf/5.3.0/../../../../../H-x86_64-mingw32/nios2-elf/lib\libc.a(lib_a-memcmp.o)
                0x000000000101396c                memcmp
 .text          0x00000000010139e8        0x0 c:/intelfpga_lite/17.0/nios2eds/bin/gnu/h-x86_64-mingw32/bin/../lib/gcc/nios2-elf/5.3.0/../../../../../H-x86_64-mingw32/nios2-elf/lib\libc.a(lib_a-memcpy.o)
 .text.memcpy   0x00000000010139e8      0x148 c:/intelfpga_lite/17.0/nios2eds/bin/gnu/h-x86_64-mingw32/bin/../lib/gcc/nios2-elf/5.3.0/../../../../../H-x86_64-mingw32/nios2-elf/lib\libc.a(lib_a-memcpy.o)
                0x00000000010139e8                memcpy
 .text          0x0000000001013b30        0x0 c:/intelfpga_lite/17.0/nios2eds/bin/gnu/h-x86_64-mingw32/bin/../lib/gcc/nios2-elf/5.3.0/../../../../../H-x86_64-mingw32/nios2-elf/lib\libc.a(lib_a-memset.o)
 .text.memset   0x0000000001013b30      0x128 c:/intelfpga_lite/17.0/nios2eds/bin/gnu/h-x86_64-mingw32/bin/../lib/gcc/nios2-elf/5.3.0/../../../../../H-x86_64-mingw32/nios2-elf/lib\libc.a(lib_a-memset.o)
                0x0000000001013b30                memset
 .text          0x0000000001013c58        0x0 c:/intelfpga_lite/17.0/nios2eds/bin/gnu/h-x86_64-mingw32/bin/../lib/gcc/nios2-elf/5.3.0/../../../../../H-x86_64-mingw32/nios2-elf/lib\libc.a(lib_a-puts.o)
 .text._puts_r  0x0000000001013c58       0xc0 c:/intelfpga_lite/17.0/nios2eds/bin/gnu/h-x86_64-mingw32/bin/../lib/gcc/nios2-elf/5.3.0/../../../../../H-x86_64-mingw32/nios2-elf/lib\libc.a(lib_a-puts.o)
                0x0000000001013c58                _puts_r
 .text.puts     0x0000000001013d18       0x14 c:/intelfpga_lite/17.0/nios2eds/bin/gnu/h-x86_64-mingw32/bin/../lib/gcc/nios2-elf/5.3.0/../../../../../H-x86_64-mingw32/nios2-elf/lib\libc.a(lib_a-puts.o)
                0x0000000001013d18                puts
 .text          0x0000000001013d2c        0x0 c:/intelfpga_lite/17.0/nios2eds/bin/gnu/h-x86_64-mingw32/bin/../lib/gcc/nios2-elf/5.3.0/../../../../../H-x86_64-mingw32/nios2-elf/lib\libc.a(lib_a-snprintf.o)
 .text._snprintf_r
                0x0000000001013d2c       0xd8 c:/intelfpga_lite/17.0/nios2eds/bin/gnu/h-x86_64-mingw32/bin/../lib/gcc/nios2-elf/5.3.0/../../../../../H-x86_64-mingw32/nios2-elf/lib\libc.a(lib_a-snprintf.o)
                0x0000000001013d2c                _snprintf_r
 .text.snprintf
                0x0000000001013e04       0xe4 c:/intelfpga_lite/17.0/nios2eds/bin/gnu/h-x86_64-mingw32/bin/../lib/gcc/nios2-elf/5.3.0/../../../../../H-x86_64-mingw32/nios2-elf/lib\libc.a(lib_a-snprintf.o)
                0x0000000001013e04                snprintf
 .text          0x0000000001013ee8        0x0 c:/intelfpga_lite/17.0/nios2eds/bin/gnu/h-x86_64-mingw32/bin/../lib/gcc/nios2-elf/5.3.0/../../../../../H-x86_64-mingw32/nios2-elf/lib\libc.a(lib_a-strcmp.o)
 .text.strcmp   0x0000000001013ee8       0xdc c:/intelfpga_lite/17.0/nios2eds/bin/gnu/h-x86_64-mingw32/bin/../lib/gcc/nios2-elf/5.3.0/../../../../../H-x86_64-mingw32/nios2-elf/lib\libc.a(lib_a-strcmp.o)
                0x0000000001013ee8                strcmp
 .text          0x0000000001013fc4        0x0 c:/intelfpga_lite/17.0/nios2eds/bin/gnu/h-x86_64-mingw32/bin/../lib/gcc/nios2-elf/5.3.0/../../../../../H-x86_64-mingw32/nios2-elf/lib\libc.a(lib_a-strerror.o)
 .text._strerror_r
                0x0000000001013fc4      0x65c c:/intelfpga_lite/17.0/nios2eds/bin/gnu/h-x86_64-mingw32/bin/../lib/gcc/nios2-elf/5.3.0/../../../../../H-x86_64-mingw32/nios2-elf/lib\libc.a(lib_a-strerror.o)
                0x0000000001013fc4                _strerror_r
 .text.strerror
                0x0000000001014620       0x1c c:/intelfpga_lite/17.0/nios2eds/bin/gnu/h-x86_64-mingw32/bin/../lib/gcc/nios2-elf/5.3.0/../../../../../H-x86_64-mingw32/nios2-elf/lib\libc.a(lib_a-strerror.o)
                0x0000000001014620                strerror
 .text          0x000000000101463c        0x0 c:/intelfpga_lite/17.0/nios2eds/bin/gnu/h-x86_64-mingw32/bin/../lib/gcc/nios2-elf/5.3.0/../../../../../H-x86_64-mingw32/nios2-elf/lib\libc.a(lib_a-strlen.o)
 .text.strlen   0x000000000101463c       0x98 c:/intelfpga_lite/17.0/nios2eds/bin/gnu/h-x86_64-mingw32/bin/../lib/gcc/nios2-elf/5.3.0/../../../../../H-x86_64-mingw32/nios2-elf/lib\libc.a(lib_a-strlen.o)
                0x000000000101463c                strlen
 .text          0x00000000010146d4        0x0 c:/intelfpga_lite/17.0/nios2eds/bin/gnu/h-x86_64-mingw32/bin/../lib/gcc/nios2-elf/5.3.0/../../../../../H-x86_64-mingw32/nios2-elf/lib\libc.a(lib_a-strncmp.o)
 .text.strncmp  0x00000000010146d4       0xd0 c:/intelfpga_lite/17.0/nios2eds/bin/gnu/h-x86_64-mingw32/bin/../lib/gcc/nios2-elf/5.3.0/../../../../../H-x86_64-mingw32/nios2-elf/lib\libc.a(lib_a-strncmp.o)
                0x00000000010146d4                strncmp
 .text          0x00000000010147a4        0x0 c:/intelfpga_lite/17.0/nios2eds/bin/gnu/h-x86_64-mingw32/bin/../lib/gcc/nios2-elf/5.3.0/../../../../../H-x86_64-mingw32/nios2-elf/lib\libc.a(lib_a-strncpy.o)
 .text.strncpy  0x00000000010147a4       0xec c:/intelfpga_lite/17.0/nios2eds/bin/gnu/h-x86_64-mingw32/bin/../lib/gcc/nios2-elf/5.3.0/../../../../../H-x86_64-mingw32/nios2-elf/lib\libc.a(lib_a-strncpy.o)
                0x00000000010147a4                strncpy
 .text          0x0000000001014890        0x0 c:/intelfpga_lite/17.0/nios2eds/bin/gnu/h-x86_64-mingw32/bin/../lib/gcc/nios2-elf/5.3.0/../../../../../H-x86_64-mingw32/nios2-elf/lib\libc.a(lib_a-svfprintf.o)
 .text.___svfprintf_internal_r
                0x0000000001014890     0x21d8 c:/intelfpga_lite/17.0/nios2eds/bin/gnu/h-x86_64-mingw32/bin/../lib/gcc/nios2-elf/5.3.0/../../../../../H-x86_64-mingw32/nios2-elf/lib\libc.a(lib_a-svfprintf.o)
                0x0000000001014890                ___svfprintf_internal_r
 .text          0x0000000001016a68        0x0 c:/intelfpga_lite/17.0/nios2eds/bin/gnu/h-x86_64-mingw32/bin/../lib/gcc/nios2-elf/5.3.0/../../../../../H-x86_64-mingw32/nios2-elf/lib\libc.a(lib_a-u_strerr.o)
 .text._user_strerror
                0x0000000001016a68        0x8 c:/intelfpga_lite/17.0/nios2eds/bin/gnu/h-x86_64-mingw32/bin/../lib/gcc/nios2-elf/5.3.0/../../../../../H-x86_64-mingw32/nios2-elf/lib\libc.a(lib_a-u_strerr.o)
                0x0000000001016a68                _user_strerror
 .text          0x0000000001016a70        0x0 c:/intelfpga_lite/17.0/nios2eds/bin/gnu/h-x86_64-mingw32/bin/../lib/gcc/nios2-elf/5.3.0/../../../../../H-x86_64-mingw32/nios2-elf/lib\libc.a(lib_a-vfiprintfr_1.o)
 .text._vfiprintf_r
                0x0000000001016a70       0x18 c:/intelfpga_lite/17.0/nios2eds/bin/gnu/h-x86_64-mingw32/bin/../lib/gcc/nios2-elf/5.3.0/../../../../../H-x86_64-mingw32/nios2-elf/lib\libc.a(lib_a-vfiprintfr_1.o)
                0x0000000001016a70                _vfiprintf_r
 .text          0x0000000001016a88        0x0 c:/intelfpga_lite/17.0/nios2eds/bin/gnu/h-x86_64-mingw32/bin/../lib/gcc/nios2-elf/5.3.0/../../../../../H-x86_64-mingw32/nios2-elf/lib\libc.a(lib_a-abort.o)
 .text.abort    0x0000000001016a88       0x18 c:/intelfpga_lite/17.0/nios2eds/bin/gnu/h-x86_64-mingw32/bin/../lib/gcc/nios2-elf/5.3.0/../../../../../H-x86_64-mingw32/nios2-elf/lib\libc.a(lib_a-abort.o)
                0x0000000001016a88                abort
 .text          0x0000000001016aa0        0x0 c:/intelfpga_lite/17.0/nios2eds/bin/gnu/h-x86_64-mingw32/bin/../lib/gcc/nios2-elf/5.3.0/../../../../../H-x86_64-mingw32/nios2-elf/lib\libc.a(lib_a-dtoa.o)
 .text.quorem   0x0000000001016aa0      0x200 c:/intelfpga_lite/17.0/nios2eds/bin/gnu/h-x86_64-mingw32/bin/../lib/gcc/nios2-elf/5.3.0/../../../../../H-x86_64-mingw32/nios2-elf/lib\libc.a(lib_a-dtoa.o)
 .text._dtoa_r  0x0000000001016ca0     0x1688 c:/intelfpga_lite/17.0/nios2eds/bin/gnu/h-x86_64-mingw32/bin/../lib/gcc/nios2-elf/5.3.0/../../../../../H-x86_64-mingw32/nios2-elf/lib\libc.a(lib_a-dtoa.o)
                0x0000000001016ca0                _dtoa_r
 .text          0x0000000001018328        0x0 c:/intelfpga_lite/17.0/nios2eds/bin/gnu/h-x86_64-mingw32/bin/../lib/gcc/nios2-elf/5.3.0/../../../../../H-x86_64-mingw32/nios2-elf/lib\libc.a(lib_a-findfp.o)
 .text.__fp_unlock
                0x0000000001018328        0x8 c:/intelfpga_lite/17.0/nios2eds/bin/gnu/h-x86_64-mingw32/bin/../lib/gcc/nios2-elf/5.3.0/../../../../../H-x86_64-mingw32/nios2-elf/lib\libc.a(lib_a-findfp.o)
 .text._cleanup_r
                0x0000000001018330        0xc c:/intelfpga_lite/17.0/nios2eds/bin/gnu/h-x86_64-mingw32/bin/../lib/gcc/nios2-elf/5.3.0/../../../../../H-x86_64-mingw32/nios2-elf/lib\libc.a(lib_a-findfp.o)
                0x0000000001018330                _cleanup_r
 .text.__sinit.part.1
                0x000000000101833c      0x19c c:/intelfpga_lite/17.0/nios2eds/bin/gnu/h-x86_64-mingw32/bin/../lib/gcc/nios2-elf/5.3.0/../../../../../H-x86_64-mingw32/nios2-elf/lib\libc.a(lib_a-findfp.o)
 .text.__fp_lock
                0x00000000010184d8        0x8 c:/intelfpga_lite/17.0/nios2eds/bin/gnu/h-x86_64-mingw32/bin/../lib/gcc/nios2-elf/5.3.0/../../../../../H-x86_64-mingw32/nios2-elf/lib\libc.a(lib_a-findfp.o)
 .text.__sfmoreglue
                0x00000000010184e0       0x68 c:/intelfpga_lite/17.0/nios2eds/bin/gnu/h-x86_64-mingw32/bin/../lib/gcc/nios2-elf/5.3.0/../../../../../H-x86_64-mingw32/nios2-elf/lib\libc.a(lib_a-findfp.o)
                0x00000000010184e0                __sfmoreglue
 .text.__sfp    0x0000000001018548      0x118 c:/intelfpga_lite/17.0/nios2eds/bin/gnu/h-x86_64-mingw32/bin/../lib/gcc/nios2-elf/5.3.0/../../../../../H-x86_64-mingw32/nios2-elf/lib\libc.a(lib_a-findfp.o)
                0x0000000001018548                __sfp
 .text._cleanup
                0x0000000001018660       0x18 c:/intelfpga_lite/17.0/nios2eds/bin/gnu/h-x86_64-mingw32/bin/../lib/gcc/nios2-elf/5.3.0/../../../../../H-x86_64-mingw32/nios2-elf/lib\libc.a(lib_a-findfp.o)
                0x0000000001018660                _cleanup
 .text.__sinit  0x0000000001018678       0x10 c:/intelfpga_lite/17.0/nios2eds/bin/gnu/h-x86_64-mingw32/bin/../lib/gcc/nios2-elf/5.3.0/../../../../../H-x86_64-mingw32/nios2-elf/lib\libc.a(lib_a-findfp.o)
                0x0000000001018678                __sinit
 .text.__sfp_lock_acquire
                0x0000000001018688        0x4 c:/intelfpga_lite/17.0/nios2eds/bin/gnu/h-x86_64-mingw32/bin/../lib/gcc/nios2-elf/5.3.0/../../../../../H-x86_64-mingw32/nios2-elf/lib\libc.a(lib_a-findfp.o)
                0x0000000001018688                __sfp_lock_acquire
 .text.__sfp_lock_release
                0x000000000101868c        0x4 c:/intelfpga_lite/17.0/nios2eds/bin/gnu/h-x86_64-mingw32/bin/../lib/gcc/nios2-elf/5.3.0/../../../../../H-x86_64-mingw32/nios2-elf/lib\libc.a(lib_a-findfp.o)
                0x000000000101868c                __sfp_lock_release
 .text.__sinit_lock_acquire
                0x0000000001018690        0x4 c:/intelfpga_lite/17.0/nios2eds/bin/gnu/h-x86_64-mingw32/bin/../lib/gcc/nios2-elf/5.3.0/../../../../../H-x86_64-mingw32/nios2-elf/lib\libc.a(lib_a-findfp.o)
                0x0000000001018690                __sinit_lock_acquire
 .text.__sinit_lock_release
                0x0000000001018694        0x4 c:/intelfpga_lite/17.0/nios2eds/bin/gnu/h-x86_64-mingw32/bin/../lib/gcc/nios2-elf/5.3.0/../../../../../H-x86_64-mingw32/nios2-elf/lib\libc.a(lib_a-findfp.o)
                0x0000000001018694                __sinit_lock_release
 .text.__fp_lock_all
                0x0000000001018698       0x18 c:/intelfpga_lite/17.0/nios2eds/bin/gnu/h-x86_64-mingw32/bin/../lib/gcc/nios2-elf/5.3.0/../../../../../H-x86_64-mingw32/nios2-elf/lib\libc.a(lib_a-findfp.o)
                0x0000000001018698                __fp_lock_all
 .text.__fp_unlock_all
                0x00000000010186b0       0x18 c:/intelfpga_lite/17.0/nios2eds/bin/gnu/h-x86_64-mingw32/bin/../lib/gcc/nios2-elf/5.3.0/../../../../../H-x86_64-mingw32/nios2-elf/lib\libc.a(lib_a-findfp.o)
                0x00000000010186b0                __fp_unlock_all
 .text          0x00000000010186c8        0x0 c:/intelfpga_lite/17.0/nios2eds/bin/gnu/h-x86_64-mingw32/bin/../lib/gcc/nios2-elf/5.3.0/../../../../../H-x86_64-mingw32/nios2-elf/lib\libc.a(lib_a-fvwrite.o)
 .text.__sfvwrite_r
                0x00000000010186c8      0x4bc c:/intelfpga_lite/17.0/nios2eds/bin/gnu/h-x86_64-mingw32/bin/../lib/gcc/nios2-elf/5.3.0/../../../../../H-x86_64-mingw32/nios2-elf/lib\libc.a(lib_a-fvwrite.o)
                0x00000000010186c8                __sfvwrite_r
 .text          0x0000000001018b84        0x0 c:/intelfpga_lite/17.0/nios2eds/bin/gnu/h-x86_64-mingw32/bin/../lib/gcc/nios2-elf/5.3.0/../../../../../H-x86_64-mingw32/nios2-elf/lib\libc.a(lib_a-fwalk.o)
 .text._fwalk   0x0000000001018b84       0xc4 c:/intelfpga_lite/17.0/nios2eds/bin/gnu/h-x86_64-mingw32/bin/../lib/gcc/nios2-elf/5.3.0/../../../../../H-x86_64-mingw32/nios2-elf/lib\libc.a(lib_a-fwalk.o)
                0x0000000001018b84                _fwalk
 .text._fwalk_reent
                0x0000000001018c48       0xc4 c:/intelfpga_lite/17.0/nios2eds/bin/gnu/h-x86_64-mingw32/bin/../lib/gcc/nios2-elf/5.3.0/../../../../../H-x86_64-mingw32/nios2-elf/lib\libc.a(lib_a-fwalk.o)
                0x0000000001018c48                _fwalk_reent
 .text          0x0000000001018d0c        0x0 c:/intelfpga_lite/17.0/nios2eds/bin/gnu/h-x86_64-mingw32/bin/../lib/gcc/nios2-elf/5.3.0/../../../../../H-x86_64-mingw32/nios2-elf/lib\libc.a(lib_a-locale.o)
 .text._setlocale_r
                0x0000000001018d0c       0x7c c:/intelfpga_lite/17.0/nios2eds/bin/gnu/h-x86_64-mingw32/bin/../lib/gcc/nios2-elf/5.3.0/../../../../../H-x86_64-mingw32/nios2-elf/lib\libc.a(lib_a-locale.o)
                0x0000000001018d0c                _setlocale_r
 .text.__locale_charset
                0x0000000001018d88        0xc c:/intelfpga_lite/17.0/nios2eds/bin/gnu/h-x86_64-mingw32/bin/../lib/gcc/nios2-elf/5.3.0/../../../../../H-x86_64-mingw32/nios2-elf/lib\libc.a(lib_a-locale.o)
                0x0000000001018d88                __locale_charset
 .text.__locale_mb_cur_max
                0x0000000001018d94       0x10 c:/intelfpga_lite/17.0/nios2eds/bin/gnu/h-x86_64-mingw32/bin/../lib/gcc/nios2-elf/5.3.0/../../../../../H-x86_64-mingw32/nios2-elf/lib\libc.a(lib_a-locale.o)
                0x0000000001018d94                __locale_mb_cur_max
 .text.__locale_msgcharset
                0x0000000001018da4        0xc c:/intelfpga_lite/17.0/nios2eds/bin/gnu/h-x86_64-mingw32/bin/../lib/gcc/nios2-elf/5.3.0/../../../../../H-x86_64-mingw32/nios2-elf/lib\libc.a(lib_a-locale.o)
                0x0000000001018da4                __locale_msgcharset
 .text.__locale_cjk_lang
                0x0000000001018db0        0x8 c:/intelfpga_lite/17.0/nios2eds/bin/gnu/h-x86_64-mingw32/bin/../lib/gcc/nios2-elf/5.3.0/../../../../../H-x86_64-mingw32/nios2-elf/lib\libc.a(lib_a-locale.o)
                0x0000000001018db0                __locale_cjk_lang
 .text._localeconv_r
                0x0000000001018db8        0xc c:/intelfpga_lite/17.0/nios2eds/bin/gnu/h-x86_64-mingw32/bin/../lib/gcc/nios2-elf/5.3.0/../../../../../H-x86_64-mingw32/nios2-elf/lib\libc.a(lib_a-locale.o)
                0x0000000001018db8                _localeconv_r
 .text.setlocale
                0x0000000001018dc4       0x18 c:/intelfpga_lite/17.0/nios2eds/bin/gnu/h-x86_64-mingw32/bin/../lib/gcc/nios2-elf/5.3.0/../../../../../H-x86_64-mingw32/nios2-elf/lib\libc.a(lib_a-locale.o)
                0x0000000001018dc4                setlocale
 .text.localeconv
                0x0000000001018ddc        0xc c:/intelfpga_lite/17.0/nios2eds/bin/gnu/h-x86_64-mingw32/bin/../lib/gcc/nios2-elf/5.3.0/../../../../../H-x86_64-mingw32/nios2-elf/lib\libc.a(lib_a-locale.o)
                0x0000000001018ddc                localeconv
 .text          0x0000000001018de8        0x0 c:/intelfpga_lite/17.0/nios2eds/bin/gnu/h-x86_64-mingw32/bin/../lib/gcc/nios2-elf/5.3.0/../../../../../H-x86_64-mingw32/nios2-elf/lib\libc.a(lib_a-mallocr.o)
 .text._malloc_r
                0x0000000001018de8      0x80c c:/intelfpga_lite/17.0/nios2eds/bin/gnu/h-x86_64-mingw32/bin/../lib/gcc/nios2-elf/5.3.0/../../../../../H-x86_64-mingw32/nios2-elf/lib\libc.a(lib_a-mallocr.o)
                0x0000000001018de8                _malloc_r
 .text          0x00000000010195f4        0x0 c:/intelfpga_lite/17.0/nios2eds/bin/gnu/h-x86_64-mingw32/bin/../lib/gcc/nios2-elf/5.3.0/../../../../../H-x86_64-mingw32/nios2-elf/lib\libc.a(lib_a-memchr.o)
 .text.memchr   0x00000000010195f4       0xe4 c:/intelfpga_lite/17.0/nios2eds/bin/gnu/h-x86_64-mingw32/bin/../lib/gcc/nios2-elf/5.3.0/../../../../../H-x86_64-mingw32/nios2-elf/lib\libc.a(lib_a-memchr.o)
                0x00000000010195f4                memchr
 .text          0x00000000010196d8        0x0 c:/intelfpga_lite/17.0/nios2eds/bin/gnu/h-x86_64-mingw32/bin/../lib/gcc/nios2-elf/5.3.0/../../../../../H-x86_64-mingw32/nios2-elf/lib\libc.a(lib_a-memmove.o)
 .text.memmove  0x00000000010196d8      0x15c c:/intelfpga_lite/17.0/nios2eds/bin/gnu/h-x86_64-mingw32/bin/../lib/gcc/nios2-elf/5.3.0/../../../../../H-x86_64-mingw32/nios2-elf/lib\libc.a(lib_a-memmove.o)
                0x00000000010196d8                memmove
 .text          0x0000000001019834        0x0 c:/intelfpga_lite/17.0/nios2eds/bin/gnu/h-x86_64-mingw32/bin/../lib/gcc/nios2-elf/5.3.0/../../../../../H-x86_64-mingw32/nios2-elf/lib\libc.a(lib_a-mprec.o)
 .text._Balloc  0x0000000001019834       0xa8 c:/intelfpga_lite/17.0/nios2eds/bin/gnu/h-x86_64-mingw32/bin/../lib/gcc/nios2-elf/5.3.0/../../../../../H-x86_64-mingw32/nios2-elf/lib\libc.a(lib_a-mprec.o)
                0x0000000001019834                _Balloc
 .text._Bfree   0x00000000010198dc       0x28 c:/intelfpga_lite/17.0/nios2eds/bin/gnu/h-x86_64-mingw32/bin/../lib/gcc/nios2-elf/5.3.0/../../../../../H-x86_64-mingw32/nios2-elf/lib\libc.a(lib_a-mprec.o)
                0x00000000010198dc                _Bfree
 .text.__multadd
                0x0000000001019904      0x120 c:/intelfpga_lite/17.0/nios2eds/bin/gnu/h-x86_64-mingw32/bin/../lib/gcc/nios2-elf/5.3.0/../../../../../H-x86_64-mingw32/nios2-elf/lib\libc.a(lib_a-mprec.o)
                0x0000000001019904                __multadd
 .text.__s2b    0x0000000001019a24      0x104 c:/intelfpga_lite/17.0/nios2eds/bin/gnu/h-x86_64-mingw32/bin/../lib/gcc/nios2-elf/5.3.0/../../../../../H-x86_64-mingw32/nios2-elf/lib\libc.a(lib_a-mprec.o)
                0x0000000001019a24                __s2b
 .text.__hi0bits
                0x0000000001019b28       0x68 c:/intelfpga_lite/17.0/nios2eds/bin/gnu/h-x86_64-mingw32/bin/../lib/gcc/nios2-elf/5.3.0/../../../../../H-x86_64-mingw32/nios2-elf/lib\libc.a(lib_a-mprec.o)
                0x0000000001019b28                __hi0bits
 .text.__lo0bits
                0x0000000001019b90       0xb0 c:/intelfpga_lite/17.0/nios2eds/bin/gnu/h-x86_64-mingw32/bin/../lib/gcc/nios2-elf/5.3.0/../../../../../H-x86_64-mingw32/nios2-elf/lib\libc.a(lib_a-mprec.o)
                0x0000000001019b90                __lo0bits
 .text.__i2b    0x0000000001019c40       0x3c c:/intelfpga_lite/17.0/nios2eds/bin/gnu/h-x86_64-mingw32/bin/../lib/gcc/nios2-elf/5.3.0/../../../../../H-x86_64-mingw32/nios2-elf/lib\libc.a(lib_a-mprec.o)
                0x0000000001019c40                __i2b
 .text.__multiply
                0x0000000001019c7c      0x1f8 c:/intelfpga_lite/17.0/nios2eds/bin/gnu/h-x86_64-mingw32/bin/../lib/gcc/nios2-elf/5.3.0/../../../../../H-x86_64-mingw32/nios2-elf/lib\libc.a(lib_a-mprec.o)
                0x0000000001019c7c                __multiply
 .text.__pow5mult
                0x0000000001019e74      0x140 c:/intelfpga_lite/17.0/nios2eds/bin/gnu/h-x86_64-mingw32/bin/../lib/gcc/nios2-elf/5.3.0/../../../../../H-x86_64-mingw32/nios2-elf/lib\libc.a(lib_a-mprec.o)
                0x0000000001019e74                __pow5mult
 .text.__lshift
                0x0000000001019fb4      0x148 c:/intelfpga_lite/17.0/nios2eds/bin/gnu/h-x86_64-mingw32/bin/../lib/gcc/nios2-elf/5.3.0/../../../../../H-x86_64-mingw32/nios2-elf/lib\libc.a(lib_a-mprec.o)
                0x0000000001019fb4                __lshift
 .text.__mcmp   0x000000000101a0fc       0x60 c:/intelfpga_lite/17.0/nios2eds/bin/gnu/h-x86_64-mingw32/bin/../lib/gcc/nios2-elf/5.3.0/../../../../../H-x86_64-mingw32/nios2-elf/lib\libc.a(lib_a-mprec.o)
                0x000000000101a0fc                __mcmp
 .text.__mdiff  0x000000000101a15c      0x1fc c:/intelfpga_lite/17.0/nios2eds/bin/gnu/h-x86_64-mingw32/bin/../lib/gcc/nios2-elf/5.3.0/../../../../../H-x86_64-mingw32/nios2-elf/lib\libc.a(lib_a-mprec.o)
                0x000000000101a15c                __mdiff
 .text.__ulp    0x000000000101a358       0x64 c:/intelfpga_lite/17.0/nios2eds/bin/gnu/h-x86_64-mingw32/bin/../lib/gcc/nios2-elf/5.3.0/../../../../../H-x86_64-mingw32/nios2-elf/lib\libc.a(lib_a-mprec.o)
                0x000000000101a358                __ulp
 .text.__b2d    0x000000000101a3bc      0x10c c:/intelfpga_lite/17.0/nios2eds/bin/gnu/h-x86_64-mingw32/bin/../lib/gcc/nios2-elf/5.3.0/../../../../../H-x86_64-mingw32/nios2-elf/lib\libc.a(lib_a-mprec.o)
                0x000000000101a3bc                __b2d
 .text.__d2b    0x000000000101a4c8      0x14c c:/intelfpga_lite/17.0/nios2eds/bin/gnu/h-x86_64-mingw32/bin/../lib/gcc/nios2-elf/5.3.0/../../../../../H-x86_64-mingw32/nios2-elf/lib\libc.a(lib_a-mprec.o)
                0x000000000101a4c8                __d2b
 .text.__ratio  0x000000000101a614       0xa4 c:/intelfpga_lite/17.0/nios2eds/bin/gnu/h-x86_64-mingw32/bin/../lib/gcc/nios2-elf/5.3.0/../../../../../H-x86_64-mingw32/nios2-elf/lib\libc.a(lib_a-mprec.o)
                0x000000000101a614                __ratio
 .text._mprec_log10
                0x000000000101a6b8       0x74 c:/intelfpga_lite/17.0/nios2eds/bin/gnu/h-x86_64-mingw32/bin/../lib/gcc/nios2-elf/5.3.0/../../../../../H-x86_64-mingw32/nios2-elf/lib\libc.a(lib_a-mprec.o)
                0x000000000101a6b8                _mprec_log10
 .text.__copybits
                0x000000000101a72c       0x78 c:/intelfpga_lite/17.0/nios2eds/bin/gnu/h-x86_64-mingw32/bin/../lib/gcc/nios2-elf/5.3.0/../../../../../H-x86_64-mingw32/nios2-elf/lib\libc.a(lib_a-mprec.o)
                0x000000000101a72c                __copybits
 .text.__any_on
                0x000000000101a7a4       0x8c c:/intelfpga_lite/17.0/nios2eds/bin/gnu/h-x86_64-mingw32/bin/../lib/gcc/nios2-elf/5.3.0/../../../../../H-x86_64-mingw32/nios2-elf/lib\libc.a(lib_a-mprec.o)
                0x000000000101a7a4                __any_on
 .text          0x000000000101a830        0x0 c:/intelfpga_lite/17.0/nios2eds/bin/gnu/h-x86_64-mingw32/bin/../lib/gcc/nios2-elf/5.3.0/../../../../../H-x86_64-mingw32/nios2-elf/lib\libc.a(lib_a-reallocr.o)
 .text._realloc_r
                0x000000000101a830      0x564 c:/intelfpga_lite/17.0/nios2eds/bin/gnu/h-x86_64-mingw32/bin/../lib/gcc/nios2-elf/5.3.0/../../../../../H-x86_64-mingw32/nios2-elf/lib\libc.a(lib_a-reallocr.o)
                0x000000000101a830                _realloc_r
 .text          0x000000000101ad94        0x0 c:/intelfpga_lite/17.0/nios2eds/bin/gnu/h-x86_64-mingw32/bin/../lib/gcc/nios2-elf/5.3.0/../../../../../H-x86_64-mingw32/nios2-elf/lib\libc.a(lib_a-s_fpclassify.o)
 .text.__fpclassifyd
                0x000000000101ad94       0x74 c:/intelfpga_lite/17.0/nios2eds/bin/gnu/h-x86_64-mingw32/bin/../lib/gcc/nios2-elf/5.3.0/../../../../../H-x86_64-mingw32/nios2-elf/lib\libc.a(lib_a-s_fpclassify.o)
                0x000000000101ad94                __fpclassifyd
 .text          0x000000000101ae08        0x0 c:/intelfpga_lite/17.0/nios2eds/bin/gnu/h-x86_64-mingw32/bin/../lib/gcc/nios2-elf/5.3.0/../../../../../H-x86_64-mingw32/nios2-elf/lib\libc.a(lib_a-sbrkr.o)
 .text._sbrk_r  0x000000000101ae08       0x54 c:/intelfpga_lite/17.0/nios2eds/bin/gnu/h-x86_64-mingw32/bin/../lib/gcc/nios2-elf/5.3.0/../../../../../H-x86_64-mingw32/nios2-elf/lib\libc.a(lib_a-sbrkr.o)
                0x000000000101ae08                _sbrk_r
 .text          0x000000000101ae5c        0x0 c:/intelfpga_lite/17.0/nios2eds/bin/gnu/h-x86_64-mingw32/bin/../lib/gcc/nios2-elf/5.3.0/../../../../../H-x86_64-mingw32/nios2-elf/lib\libc.a(lib_a-signal.o)
 .text._init_signal_r
                0x000000000101ae5c       0x6c c:/intelfpga_lite/17.0/nios2eds/bin/gnu/h-x86_64-mingw32/bin/../lib/gcc/nios2-elf/5.3.0/../../../../../H-x86_64-mingw32/nios2-elf/lib\libc.a(lib_a-signal.o)
                0x000000000101ae5c                _init_signal_r
 .text._signal_r
                0x000000000101aec8       0x84 c:/intelfpga_lite/17.0/nios2eds/bin/gnu/h-x86_64-mingw32/bin/../lib/gcc/nios2-elf/5.3.0/../../../../../H-x86_64-mingw32/nios2-elf/lib\libc.a(lib_a-signal.o)
                0x000000000101aec8                _signal_r
 .text._raise_r
                0x000000000101af4c       0xbc c:/intelfpga_lite/17.0/nios2eds/bin/gnu/h-x86_64-mingw32/bin/../lib/gcc/nios2-elf/5.3.0/../../../../../H-x86_64-mingw32/nios2-elf/lib\libc.a(lib_a-signal.o)
                0x000000000101af4c                _raise_r
 .text.__sigtramp_r
                0x000000000101b008       0xa8 c:/intelfpga_lite/17.0/nios2eds/bin/gnu/h-x86_64-mingw32/bin/../lib/gcc/nios2-elf/5.3.0/../../../../../H-x86_64-mingw32/nios2-elf/lib\libc.a(lib_a-signal.o)
                0x000000000101b008                __sigtramp_r
 .text.raise    0x000000000101b0b0       0x14 c:/intelfpga_lite/17.0/nios2eds/bin/gnu/h-x86_64-mingw32/bin/../lib/gcc/nios2-elf/5.3.0/../../../../../H-x86_64-mingw32/nios2-elf/lib\libc.a(lib_a-signal.o)
                0x000000000101b0b0                raise
 .text.signal   0x000000000101b0c4       0x18 c:/intelfpga_lite/17.0/nios2eds/bin/gnu/h-x86_64-mingw32/bin/../lib/gcc/nios2-elf/5.3.0/../../../../../H-x86_64-mingw32/nios2-elf/lib\libc.a(lib_a-signal.o)
                0x000000000101b0c4                signal
 .text._init_signal
                0x000000000101b0dc       0x10 c:/intelfpga_lite/17.0/nios2eds/bin/gnu/h-x86_64-mingw32/bin/../lib/gcc/nios2-elf/5.3.0/../../../../../H-x86_64-mingw32/nios2-elf/lib\libc.a(lib_a-signal.o)
                0x000000000101b0dc                _init_signal
 .text.__sigtramp
                0x000000000101b0ec       0x14 c:/intelfpga_lite/17.0/nios2eds/bin/gnu/h-x86_64-mingw32/bin/../lib/gcc/nios2-elf/5.3.0/../../../../../H-x86_64-mingw32/nios2-elf/lib\libc.a(lib_a-signal.o)
                0x000000000101b0ec                __sigtramp
 .text          0x000000000101b100        0x0 c:/intelfpga_lite/17.0/nios2eds/bin/gnu/h-x86_64-mingw32/bin/../lib/gcc/nios2-elf/5.3.0/../../../../../H-x86_64-mingw32/nios2-elf/lib\libc.a(lib_a-signalr.o)
 .text._kill_r  0x000000000101b100       0x5c c:/intelfpga_lite/17.0/nios2eds/bin/gnu/h-x86_64-mingw32/bin/../lib/gcc/nios2-elf/5.3.0/../../../../../H-x86_64-mingw32/nios2-elf/lib\libc.a(lib_a-signalr.o)
                0x000000000101b100                _kill_r
 .text._getpid_r
                0x000000000101b15c        0x4 c:/intelfpga_lite/17.0/nios2eds/bin/gnu/h-x86_64-mingw32/bin/../lib/gcc/nios2-elf/5.3.0/../../../../../H-x86_64-mingw32/nios2-elf/lib\libc.a(lib_a-signalr.o)
                0x000000000101b15c                _getpid_r
 .text          0x000000000101b160        0x0 c:/intelfpga_lite/17.0/nios2eds/bin/gnu/h-x86_64-mingw32/bin/../lib/gcc/nios2-elf/5.3.0/../../../../../H-x86_64-mingw32/nios2-elf/lib\libc.a(lib_a-stdio.o)
 .text.__sread  0x000000000101b160       0x54 c:/intelfpga_lite/17.0/nios2eds/bin/gnu/h-x86_64-mingw32/bin/../lib/gcc/nios2-elf/5.3.0/../../../../../H-x86_64-mingw32/nios2-elf/lib\libc.a(lib_a-stdio.o)
                0x000000000101b160                __sread
 .text.__seofread
                0x000000000101b1b4        0x8 c:/intelfpga_lite/17.0/nios2eds/bin/gnu/h-x86_64-mingw32/bin/../lib/gcc/nios2-elf/5.3.0/../../../../../H-x86_64-mingw32/nios2-elf/lib\libc.a(lib_a-stdio.o)
                0x000000000101b1b4                __seofread
 .text.__swrite
                0x000000000101b1bc       0x7c c:/intelfpga_lite/17.0/nios2eds/bin/gnu/h-x86_64-mingw32/bin/../lib/gcc/nios2-elf/5.3.0/../../../../../H-x86_64-mingw32/nios2-elf/lib\libc.a(lib_a-stdio.o)
                0x000000000101b1bc                __swrite
 .text.__sseek  0x000000000101b238       0x5c c:/intelfpga_lite/17.0/nios2eds/bin/gnu/h-x86_64-mingw32/bin/../lib/gcc/nios2-elf/5.3.0/../../../../../H-x86_64-mingw32/nios2-elf/lib\libc.a(lib_a-stdio.o)
                0x000000000101b238                __sseek
 .text.__sclose
                0x000000000101b294        0x8 c:/intelfpga_lite/17.0/nios2eds/bin/gnu/h-x86_64-mingw32/bin/../lib/gcc/nios2-elf/5.3.0/../../../../../H-x86_64-mingw32/nios2-elf/lib\libc.a(lib_a-stdio.o)
                0x000000000101b294                __sclose
 .text          0x000000000101b29c        0x0 c:/intelfpga_lite/17.0/nios2eds/bin/gnu/h-x86_64-mingw32/bin/../lib/gcc/nios2-elf/5.3.0/../../../../../H-x86_64-mingw32/nios2-elf/lib\libc.a(lib_a-svfiprintf.o)
 .text.__ssprint_r
                0x000000000101b29c      0x1d0 c:/intelfpga_lite/17.0/nios2eds/bin/gnu/h-x86_64-mingw32/bin/../lib/gcc/nios2-elf/5.3.0/../../../../../H-x86_64-mingw32/nios2-elf/lib\libc.a(lib_a-svfiprintf.o)
                0x000000000101b29c                __ssprint_r
 .text.___svfiprintf_internal_r
                0x000000000101b46c     0x123c c:/intelfpga_lite/17.0/nios2eds/bin/gnu/h-x86_64-mingw32/bin/../lib/gcc/nios2-elf/5.3.0/../../../../../H-x86_64-mingw32/nios2-elf/lib\libc.a(lib_a-svfiprintf.o)
                0x000000000101b46c                ___svfiprintf_internal_r
 .text          0x000000000101c6a8        0x0 c:/intelfpga_lite/17.0/nios2eds/bin/gnu/h-x86_64-mingw32/bin/../lib/gcc/nios2-elf/5.3.0/../../../../../H-x86_64-mingw32/nios2-elf/lib\libc.a(lib_a-vfiprintf.o)
 .text.__sprint_r.part.0
                0x000000000101c6a8       0xfc c:/intelfpga_lite/17.0/nios2eds/bin/gnu/h-x86_64-mingw32/bin/../lib/gcc/nios2-elf/5.3.0/../../../../../H-x86_64-mingw32/nios2-elf/lib\libc.a(lib_a-vfiprintf.o)
 .text.__sprint_r
                0x000000000101c7a4       0x18 c:/intelfpga_lite/17.0/nios2eds/bin/gnu/h-x86_64-mingw32/bin/../lib/gcc/nios2-elf/5.3.0/../../../../../H-x86_64-mingw32/nios2-elf/lib\libc.a(lib_a-vfiprintf.o)
                0x000000000101c7a4                __sprint_r
 .text.___vfiprintf_internal_r
                0x000000000101c7bc     0x145c c:/intelfpga_lite/17.0/nios2eds/bin/gnu/h-x86_64-mingw32/bin/../lib/gcc/nios2-elf/5.3.0/../../../../../H-x86_64-mingw32/nios2-elf/lib\libc.a(lib_a-vfiprintf.o)
                0x000000000101c7bc                ___vfiprintf_internal_r
 .text.__vfiprintf_internal
                0x000000000101dc18       0x1c c:/intelfpga_lite/17.0/nios2eds/bin/gnu/h-x86_64-mingw32/bin/../lib/gcc/nios2-elf/5.3.0/../../../../../H-x86_64-mingw32/nios2-elf/lib\libc.a(lib_a-vfiprintf.o)
                0x000000000101dc18                __vfiprintf_internal
 .text.__sbprintf
                0x000000000101dc34       0xbc c:/intelfpga_lite/17.0/nios2eds/bin/gnu/h-x86_64-mingw32/bin/../lib/gcc/nios2-elf/5.3.0/../../../../../H-x86_64-mingw32/nios2-elf/lib\libc.a(lib_a-vfiprintf.o)
 .text          0x000000000101dcf0        0x0 c:/intelfpga_lite/17.0/nios2eds/bin/gnu/h-x86_64-mingw32/bin/../lib/gcc/nios2-elf/5.3.0/../../../../../H-x86_64-mingw32/nios2-elf/lib\libc.a(lib_a-writer.o)
 .text._write_r
                0x000000000101dcf0       0x60 c:/intelfpga_lite/17.0/nios2eds/bin/gnu/h-x86_64-mingw32/bin/../lib/gcc/nios2-elf/5.3.0/../../../../../H-x86_64-mingw32/nios2-elf/lib\libc.a(lib_a-writer.o)
                0x000000000101dcf0                _write_r
 .text          0x000000000101dd50        0x0 c:/intelfpga_lite/17.0/nios2eds/bin/gnu/h-x86_64-mingw32/bin/../lib/gcc/nios2-elf/5.3.0/../../../../../H-x86_64-mingw32/nios2-elf/lib\libc.a(lib_a-wsetup.o)
 .text.__swsetup_r
                0x000000000101dd50      0x154 c:/intelfpga_lite/17.0/nios2eds/bin/gnu/h-x86_64-mingw32/bin/../lib/gcc/nios2-elf/5.3.0/../../../../../H-x86_64-mingw32/nios2-elf/lib\libc.a(lib_a-wsetup.o)
                0x000000000101dd50                __swsetup_r
 .text          0x000000000101dea4        0x0 c:/intelfpga_lite/17.0/nios2eds/bin/gnu/h-x86_64-mingw32/bin/../lib/gcc/nios2-elf/5.3.0/../../../../../H-x86_64-mingw32/nios2-elf/lib\libc.a(closer.o)
 .text._close_r
                0x000000000101dea4       0x54 c:/intelfpga_lite/17.0/nios2eds/bin/gnu/h-x86_64-mingw32/bin/../lib/gcc/nios2-elf/5.3.0/../../../../../H-x86_64-mingw32/nios2-elf/lib\libc.a(closer.o)
                0x000000000101dea4                _close_r
 .text          0x000000000101def8        0x0 c:/intelfpga_lite/17.0/nios2eds/bin/gnu/h-x86_64-mingw32/bin/../lib/gcc/nios2-elf/5.3.0/../../../../../H-x86_64-mingw32/nios2-elf/lib\libc.a(lib_a-callocr.o)
 .text._calloc_r
                0x000000000101def8       0xc4 c:/intelfpga_lite/17.0/nios2eds/bin/gnu/h-x86_64-mingw32/bin/../lib/gcc/nios2-elf/5.3.0/../../../../../H-x86_64-mingw32/nios2-elf/lib\libc.a(lib_a-callocr.o)
                0x000000000101def8                _calloc_r
 .text          0x000000000101dfbc        0x0 c:/intelfpga_lite/17.0/nios2eds/bin/gnu/h-x86_64-mingw32/bin/../lib/gcc/nios2-elf/5.3.0/../../../../../H-x86_64-mingw32/nios2-elf/lib\libc.a(lib_a-fclose.o)
 .text._fclose_r
                0x000000000101dfbc       0xf0 c:/intelfpga_lite/17.0/nios2eds/bin/gnu/h-x86_64-mingw32/bin/../lib/gcc/nios2-elf/5.3.0/../../../../../H-x86_64-mingw32/nios2-elf/lib\libc.a(lib_a-fclose.o)
                0x000000000101dfbc                _fclose_r
 .text.fclose   0x000000000101e0ac       0x14 c:/intelfpga_lite/17.0/nios2eds/bin/gnu/h-x86_64-mingw32/bin/../lib/gcc/nios2-elf/5.3.0/../../../../../H-x86_64-mingw32/nios2-elf/lib\libc.a(lib_a-fclose.o)
                0x000000000101e0ac                fclose
 .text          0x000000000101e0c0        0x0 c:/intelfpga_lite/17.0/nios2eds/bin/gnu/h-x86_64-mingw32/bin/../lib/gcc/nios2-elf/5.3.0/../../../../../H-x86_64-mingw32/nios2-elf/lib\libc.a(lib_a-fflush.o)
 .text.__sflush_r
                0x000000000101e0c0      0x21c c:/intelfpga_lite/17.0/nios2eds/bin/gnu/h-x86_64-mingw32/bin/../lib/gcc/nios2-elf/5.3.0/../../../../../H-x86_64-mingw32/nios2-elf/lib\libc.a(lib_a-fflush.o)
                0x000000000101e0c0                __sflush_r
 .text._fflush_r
                0x000000000101e2dc       0x5c c:/intelfpga_lite/17.0/nios2eds/bin/gnu/h-x86_64-mingw32/bin/../lib/gcc/nios2-elf/5.3.0/../../../../../H-x86_64-mingw32/nios2-elf/lib\libc.a(lib_a-fflush.o)
                0x000000000101e2dc                _fflush_r
 .text.fflush   0x000000000101e338       0x30 c:/intelfpga_lite/17.0/nios2eds/bin/gnu/h-x86_64-mingw32/bin/../lib/gcc/nios2-elf/5.3.0/../../../../../H-x86_64-mingw32/nios2-elf/lib\libc.a(lib_a-fflush.o)
                0x000000000101e338                fflush
 .text          0x000000000101e368        0x0 c:/intelfpga_lite/17.0/nios2eds/bin/gnu/h-x86_64-mingw32/bin/../lib/gcc/nios2-elf/5.3.0/../../../../../H-x86_64-mingw32/nios2-elf/lib\libc.a(lib_a-fputwc.o)
 .text.__fputwc
                0x000000000101e368      0x164 c:/intelfpga_lite/17.0/nios2eds/bin/gnu/h-x86_64-mingw32/bin/../lib/gcc/nios2-elf/5.3.0/../../../../../H-x86_64-mingw32/nios2-elf/lib\libc.a(lib_a-fputwc.o)
                0x000000000101e368                __fputwc
 .text._fputwc_r
                0x000000000101e4cc       0x24 c:/intelfpga_lite/17.0/nios2eds/bin/gnu/h-x86_64-mingw32/bin/../lib/gcc/nios2-elf/5.3.0/../../../../../H-x86_64-mingw32/nios2-elf/lib\libc.a(lib_a-fputwc.o)
                0x000000000101e4cc                _fputwc_r
 .text.fputwc   0x000000000101e4f0       0x80 c:/intelfpga_lite/17.0/nios2eds/bin/gnu/h-x86_64-mingw32/bin/../lib/gcc/nios2-elf/5.3.0/../../../../../H-x86_64-mingw32/nios2-elf/lib\libc.a(lib_a-fputwc.o)
                0x000000000101e4f0                fputwc
 .text          0x000000000101e570        0x0 c:/intelfpga_lite/17.0/nios2eds/bin/gnu/h-x86_64-mingw32/bin/../lib/gcc/nios2-elf/5.3.0/../../../../../H-x86_64-mingw32/nios2-elf/lib\libc.a(lib_a-freer.o)
 .text._malloc_trim_r
                0x000000000101e570      0x124 c:/intelfpga_lite/17.0/nios2eds/bin/gnu/h-x86_64-mingw32/bin/../lib/gcc/nios2-elf/5.3.0/../../../../../H-x86_64-mingw32/nios2-elf/lib\libc.a(lib_a-freer.o)
                0x000000000101e570                _malloc_trim_r
 .text._free_r  0x000000000101e694      0x310 c:/intelfpga_lite/17.0/nios2eds/bin/gnu/h-x86_64-mingw32/bin/../lib/gcc/nios2-elf/5.3.0/../../../../../H-x86_64-mingw32/nios2-elf/lib\libc.a(lib_a-freer.o)
                0x000000000101e694                _free_r
 .text          0x000000000101e9a4        0x0 c:/intelfpga_lite/17.0/nios2eds/bin/gnu/h-x86_64-mingw32/bin/../lib/gcc/nios2-elf/5.3.0/../../../../../H-x86_64-mingw32/nios2-elf/lib\libc.a(lib_a-int_errno.o)
 .text          0x000000000101e9a4        0x0 c:/intelfpga_lite/17.0/nios2eds/bin/gnu/h-x86_64-mingw32/bin/../lib/gcc/nios2-elf/5.3.0/../../../../../H-x86_64-mingw32/nios2-elf/lib\libc.a(lib_a-lseekr.o)
 .text._lseek_r
                0x000000000101e9a4       0x60 c:/intelfpga_lite/17.0/nios2eds/bin/gnu/h-x86_64-mingw32/bin/../lib/gcc/nios2-elf/5.3.0/../../../../../H-x86_64-mingw32/nios2-elf/lib\libc.a(lib_a-lseekr.o)
                0x000000000101e9a4                _lseek_r
 .text          0x000000000101ea04        0x0 c:/intelfpga_lite/17.0/nios2eds/bin/gnu/h-x86_64-mingw32/bin/../lib/gcc/nios2-elf/5.3.0/../../../../../H-x86_64-mingw32/nios2-elf/lib\libc.a(lib_a-makebuf.o)
 .text.__smakebuf_r
                0x000000000101ea04      0x1bc c:/intelfpga_lite/17.0/nios2eds/bin/gnu/h-x86_64-mingw32/bin/../lib/gcc/nios2-elf/5.3.0/../../../../../H-x86_64-mingw32/nios2-elf/lib\libc.a(lib_a-makebuf.o)
                0x000000000101ea04                __smakebuf_r
 .text          0x000000000101ebc0        0x0 c:/intelfpga_lite/17.0/nios2eds/bin/gnu/h-x86_64-mingw32/bin/../lib/gcc/nios2-elf/5.3.0/../../../../../H-x86_64-mingw32/nios2-elf/lib\libc.a(lib_a-readr.o)
 .text._read_r  0x000000000101ebc0       0x60 c:/intelfpga_lite/17.0/nios2eds/bin/gnu/h-x86_64-mingw32/bin/../lib/gcc/nios2-elf/5.3.0/../../../../../H-x86_64-mingw32/nios2-elf/lib\libc.a(lib_a-readr.o)
                0x000000000101ebc0                _read_r
 .text          0x000000000101ec20        0x0 c:/intelfpga_lite/17.0/nios2eds/bin/gnu/h-x86_64-mingw32/bin/../lib/gcc/nios2-elf/5.3.0/../../../../../H-x86_64-mingw32/nios2-elf/lib\libc.a(lib_a-wbuf.o)
 .text.__swbuf_r
                0x000000000101ec20      0x140 c:/intelfpga_lite/17.0/nios2eds/bin/gnu/h-x86_64-mingw32/bin/../lib/gcc/nios2-elf/5.3.0/../../../../../H-x86_64-mingw32/nios2-elf/lib\libc.a(lib_a-wbuf.o)
                0x000000000101ec20                __swbuf_r
 .text.__swbuf  0x000000000101ed60       0x18 c:/intelfpga_lite/17.0/nios2eds/bin/gnu/h-x86_64-mingw32/bin/../lib/gcc/nios2-elf/5.3.0/../../../../../H-x86_64-mingw32/nios2-elf/lib\libc.a(lib_a-wbuf.o)
                0x000000000101ed60                __swbuf
 .text          0x000000000101ed78        0x0 c:/intelfpga_lite/17.0/nios2eds/bin/gnu/h-x86_64-mingw32/bin/../lib/gcc/nios2-elf/5.3.0/../../../../../H-x86_64-mingw32/nios2-elf/lib\libc.a(lib_a-wcrtomb.o)
 .text._wcrtomb_r
                0x000000000101ed78       0x9c c:/intelfpga_lite/17.0/nios2eds/bin/gnu/h-x86_64-mingw32/bin/../lib/gcc/nios2-elf/5.3.0/../../../../../H-x86_64-mingw32/nios2-elf/lib\libc.a(lib_a-wcrtomb.o)
                0x000000000101ed78                _wcrtomb_r
 .text.wcrtomb  0x000000000101ee14       0xc0 c:/intelfpga_lite/17.0/nios2eds/bin/gnu/h-x86_64-mingw32/bin/../lib/gcc/nios2-elf/5.3.0/../../../../../H-x86_64-mingw32/nios2-elf/lib\libc.a(lib_a-wcrtomb.o)
                0x000000000101ee14                wcrtomb
 .text          0x000000000101eed4        0x0 c:/intelfpga_lite/17.0/nios2eds/bin/gnu/h-x86_64-mingw32/bin/../lib/gcc/nios2-elf/5.3.0/../../../../../H-x86_64-mingw32/nios2-elf/lib\libc.a(lib_a-wctomb_r.o)
 .text.__ascii_wctomb
                0x000000000101eed4       0x30 c:/intelfpga_lite/17.0/nios2eds/bin/gnu/h-x86_64-mingw32/bin/../lib/gcc/nios2-elf/5.3.0/../../../../../H-x86_64-mingw32/nios2-elf/lib\libc.a(lib_a-wctomb_r.o)
                0x000000000101eed4                __ascii_wctomb
 .text._wctomb_r
                0x000000000101ef04       0x5c c:/intelfpga_lite/17.0/nios2eds/bin/gnu/h-x86_64-mingw32/bin/../lib/gcc/nios2-elf/5.3.0/../../../../../H-x86_64-mingw32/nios2-elf/lib\libc.a(lib_a-wctomb_r.o)
                0x000000000101ef04                _wctomb_r
 .text          0x000000000101ef60        0x0 c:/intelfpga_lite/17.0/nios2eds/bin/gnu/h-x86_64-mingw32/bin/../lib/gcc/nios2-elf/5.3.0/../../../../../H-x86_64-mingw32/nios2-elf/lib\libc.a(lib_a-fstatr.o)
 .text._fstat_r
                0x000000000101ef60       0x5c c:/intelfpga_lite/17.0/nios2eds/bin/gnu/h-x86_64-mingw32/bin/../lib/gcc/nios2-elf/5.3.0/../../../../../H-x86_64-mingw32/nios2-elf/lib\libc.a(lib_a-fstatr.o)
                0x000000000101ef60                _fstat_r
 .text          0x000000000101efbc        0x0 c:/intelfpga_lite/17.0/nios2eds/bin/gnu/h-x86_64-mingw32/bin/../lib/gcc/nios2-elf/5.3.0/../../../../../H-x86_64-mingw32/nios2-elf/lib\libc.a(lib_a-isattyr.o)
 .text._isatty_r
                0x000000000101efbc       0x54 c:/intelfpga_lite/17.0/nios2eds/bin/gnu/h-x86_64-mingw32/bin/../lib/gcc/nios2-elf/5.3.0/../../../../../H-x86_64-mingw32/nios2-elf/lib\libc.a(lib_a-isattyr.o)
                0x000000000101efbc                _isatty_r
 .text          0x000000000101f010      0x578 c:/intelfpga_lite/17.0/nios2eds/bin/gnu/h-x86_64-mingw32/bin/../lib/gcc/nios2-elf/5.3.0\libgcc.a(_udivdi3.o)
                0x000000000101f010                __udivdi3
 .text          0x000000000101f588      0x538 c:/intelfpga_lite/17.0/nios2eds/bin/gnu/h-x86_64-mingw32/bin/../lib/gcc/nios2-elf/5.3.0\libgcc.a(_umoddi3.o)
                0x000000000101f588                __umoddi3
 .text          0x000000000101fac0      0x1b4 c:/intelfpga_lite/17.0/nios2eds/bin/gnu/h-x86_64-mingw32/bin/../lib/gcc/nios2-elf/5.3.0\libgcc.a(lib2-divmod.o)
                0x000000000101fac0                __divsi3
                0x000000000101fb44                __modsi3
                0x000000000101fbb8                __udivsi3
                0x000000000101fc1c                __umodsi3
 .text          0x000000000101fc74      0x8ac c:/intelfpga_lite/17.0/nios2eds/bin/gnu/h-x86_64-mingw32/bin/../lib/gcc/nios2-elf/5.3.0\libgcc.a(adddf3.o)
                0x000000000101fc74                __adddf3
 .text          0x0000000001020520      0x8e8 c:/intelfpga_lite/17.0/nios2eds/bin/gnu/h-x86_64-mingw32/bin/../lib/gcc/nios2-elf/5.3.0\libgcc.a(divdf3.o)
                0x0000000001020520                __divdf3
 .text          0x0000000001020e08       0x88 c:/intelfpga_lite/17.0/nios2eds/bin/gnu/h-x86_64-mingw32/bin/../lib/gcc/nios2-elf/5.3.0\libgcc.a(eqdf2.o)
                0x0000000001020e08                __nedf2
                0x0000000001020e08                __eqdf2
 .text          0x0000000001020e90       0xdc c:/intelfpga_lite/17.0/nios2eds/bin/gnu/h-x86_64-mingw32/bin/../lib/gcc/nios2-elf/5.3.0\libgcc.a(gedf2.o)
                0x0000000001020e90                __gedf2
                0x0000000001020e90                __gtdf2
 .text          0x0000000001020f6c       0xf4 c:/intelfpga_lite/17.0/nios2eds/bin/gnu/h-x86_64-mingw32/bin/../lib/gcc/nios2-elf/5.3.0\libgcc.a(ledf2.o)
                0x0000000001020f6c                __ledf2
                0x0000000001020f6c                __ltdf2
 .text          0x0000000001021060      0x718 c:/intelfpga_lite/17.0/nios2eds/bin/gnu/h-x86_64-mingw32/bin/../lib/gcc/nios2-elf/5.3.0\libgcc.a(muldf3.o)
                0x0000000001021060                __muldf3
 .text          0x0000000001021778      0x8fc c:/intelfpga_lite/17.0/nios2eds/bin/gnu/h-x86_64-mingw32/bin/../lib/gcc/nios2-elf/5.3.0\libgcc.a(subdf3.o)
                0x0000000001021778                __subdf3
 .text          0x0000000001022074       0x80 c:/intelfpga_lite/17.0/nios2eds/bin/gnu/h-x86_64-mingw32/bin/../lib/gcc/nios2-elf/5.3.0\libgcc.a(fixdfsi.o)
                0x0000000001022074                __fixdfsi
 .text          0x00000000010220f4       0xdc c:/intelfpga_lite/17.0/nios2eds/bin/gnu/h-x86_64-mingw32/bin/../lib/gcc/nios2-elf/5.3.0\libgcc.a(floatsidf.o)
                0x00000000010220f4                __floatsidf
 .text          0x00000000010221d0       0xa8 c:/intelfpga_lite/17.0/nios2eds/bin/gnu/h-x86_64-mingw32/bin/../lib/gcc/nios2-elf/5.3.0\libgcc.a(floatunsidf.o)
                0x00000000010221d0                __floatunsidf
 .text          0x0000000001022278        0x0 c:/intelfpga_lite/17.0/nios2eds/bin/gnu/h-x86_64-mingw32/bin/../lib/gcc/nios2-elf/5.3.0\libgcc.a(_clz.o)
 .text          0x0000000001022278       0x64 c:/intelfpga_lite/17.0/nios2eds/bin/gnu/h-x86_64-mingw32/bin/../lib/gcc/nios2-elf/5.3.0\libgcc.a(_clzsi2.o)
                0x0000000001022278                __clzsi2
 .text          0x00000000010222dc      0x10c ../FreeRTOS_OneCPU_bsp/\libhal_bsp.a(alt_close.o)
                0x0000000001022318                close
 .text          0x00000000010223e8       0x2c ../FreeRTOS_OneCPU_bsp/\libhal_bsp.a(alt_dev.o)
 .text          0x0000000001022414        0x0 ../FreeRTOS_OneCPU_bsp/\libhal_bsp.a(alt_errno.o)
 .text          0x0000000001022414       0x34 ../FreeRTOS_OneCPU_bsp/\libhal_bsp.a(alt_exit.o)
                0x0000000001022414                _exit
 .text          0x0000000001022448       0xec ../FreeRTOS_OneCPU_bsp/\libhal_bsp.a(alt_fstat.o)
                0x0000000001022484                fstat
 .text          0x0000000001022534       0x20 ../FreeRTOS_OneCPU_bsp/\libhal_bsp.a(alt_getpid.o)
                0x0000000001022534                getpid
 .text          0x0000000001022554        0x0 ../FreeRTOS_OneCPU_bsp/\libhal_bsp.a(alt_irq_handler.o)
 .text          0x0000000001022554      0x170 ../FreeRTOS_OneCPU_bsp/\libhal_bsp.a(alt_irq_register.o)
                0x0000000001022554                alt_irq_register
 .text          0x00000000010226c4        0x0 ../FreeRTOS_OneCPU_bsp/\libhal_bsp.a(alt_irq_vars.o)
 .text          0x00000000010226c4       0xe0 ../FreeRTOS_OneCPU_bsp/\libhal_bsp.a(alt_isatty.o)
                0x0000000001022700                isatty
 .text          0x00000000010227a4      0x16c ../FreeRTOS_OneCPU_bsp/\libhal_bsp.a(alt_kill.o)
                0x00000000010227e0                kill
 .text          0x0000000001022910       0xec ../FreeRTOS_OneCPU_bsp/\libhal_bsp.a(alt_load.o)
                0x0000000001022978                alt_load
 .text          0x00000000010229fc      0x110 ../FreeRTOS_OneCPU_bsp/\libhal_bsp.a(alt_lseek.o)
                0x0000000001022a38                lseek
 .text          0x0000000001022b0c       0x7c ../FreeRTOS_OneCPU_bsp/\libhal_bsp.a(alt_main.o)
                0x0000000001022b0c                alt_main
 .text          0x0000000001022b88       0x48 ../FreeRTOS_OneCPU_bsp/\libhal_bsp.a(alt_malloc_lock.o)
                0x0000000001022b88                __malloc_lock
                0x0000000001022bac                __malloc_unlock
 .text          0x0000000001022bd0      0x138 ../FreeRTOS_OneCPU_bsp/\libhal_bsp.a(alt_read.o)
                0x0000000001022c0c                read
 .text          0x0000000001022d08       0x64 ../FreeRTOS_OneCPU_bsp/\libhal_bsp.a(alt_release_fd.o)
                0x0000000001022d08                alt_release_fd
 .text          0x0000000001022d6c       0xb0 ../FreeRTOS_OneCPU_bsp/\libhal_bsp.a(alt_sbrk.o)
                0x0000000001022d6c                sbrk
 .text          0x0000000001022e1c       0x30 ../FreeRTOS_OneCPU_bsp/\libhal_bsp.a(alt_usleep.o)
                0x0000000001022e1c                usleep
 .text          0x0000000001022e4c      0x134 ../FreeRTOS_OneCPU_bsp/\libhal_bsp.a(alt_write.o)
                0x0000000001022e88                write
 .text          0x0000000001022f80      0x178 ../FreeRTOS_OneCPU_bsp/\libhal_bsp.a(alt_sys_init.o)
                0x0000000001023058                alt_irq_init
                0x0000000001023090                alt_sys_init
 .text          0x00000000010230f8      0x164 ../FreeRTOS_OneCPU_bsp/\libhal_bsp.a(altera_avalon_jtag_uart_fd.o)
                0x00000000010230f8                altera_avalon_jtag_uart_read_fd
                0x0000000001023158                altera_avalon_jtag_uart_write_fd
                0x00000000010231b8                altera_avalon_jtag_uart_close_fd
                0x0000000001023208                altera_avalon_jtag_uart_ioctl_fd
 .text          0x000000000102325c      0x3d4 ../FreeRTOS_OneCPU_bsp/\libhal_bsp.a(altera_avalon_jtag_uart_init.o)
                0x000000000102325c                altera_avalon_jtag_uart_init
                0x00000000010235c8                altera_avalon_jtag_uart_close
 .text          0x0000000001023630       0xf0 ../FreeRTOS_OneCPU_bsp/\libhal_bsp.a(altera_avalon_jtag_uart_ioctl.o)
                0x0000000001023630                altera_avalon_jtag_uart_ioctl
 .text          0x0000000001023720      0x21c ../FreeRTOS_OneCPU_bsp/\libhal_bsp.a(altera_avalon_jtag_uart_read.o)
                0x0000000001023720                altera_avalon_jtag_uart_read
 .text          0x000000000102393c      0x224 ../FreeRTOS_OneCPU_bsp/\libhal_bsp.a(altera_avalon_jtag_uart_write.o)
                0x000000000102393c                altera_avalon_jtag_uart_write
 .text          0x0000000001023b60      0x2cc ../FreeRTOS_OneCPU_bsp/\libhal_bsp.a(altera_avalon_mutex.o)
                0x0000000001023c18                altera_avalon_mutex_open
                0x0000000001023c6c                altera_avalon_mutex_close
                0x0000000001023c90                altera_avalon_mutex_lock
                0x0000000001023cd4                altera_avalon_mutex_trylock
                0x0000000001023d14                altera_avalon_mutex_unlock
                0x0000000001023d68                altera_avalon_mutex_is_mine
                0x0000000001023ddc                altera_avalon_mutex_first_lock
 .text          0x0000000001023e2c       0xf4 ../FreeRTOS_OneCPU_bsp/\libhal_bsp.a(altera_avalon_timer_sc.o)
                0x0000000001023ea4                alt_avalon_timer_sc_init
 .text          0x0000000001023f20      0x12c ../FreeRTOS_OneCPU_bsp/\libhal_bsp.a(alt_alarm_start.o)
                0x0000000001023f20                alt_alarm_start
 .text          0x000000000102404c      0x158 ../FreeRTOS_OneCPU_bsp/\libhal_bsp.a(alt_busy_sleep.o)
                0x000000000102404c                alt_busy_sleep
 .text          0x00000000010241a4       0x48 ../FreeRTOS_OneCPU_bsp/\libhal_bsp.a(alt_dcache_flush_all.o)
                0x00000000010241a4                alt_dcache_flush_all
 .text          0x00000000010241ec       0xe0 ../FreeRTOS_OneCPU_bsp/\libhal_bsp.a(alt_dev_llist_insert.o)
                0x0000000001024228                alt_dev_llist_insert
 .text          0x00000000010242cc       0x60 ../FreeRTOS_OneCPU_bsp/\libhal_bsp.a(alt_do_ctors.o)
                0x00000000010242cc                _do_ctors
 .text          0x000000000102432c       0x60 ../FreeRTOS_OneCPU_bsp/\libhal_bsp.a(alt_do_dtors.o)
                0x000000000102432c                _do_dtors
 .text          0x000000000102438c       0x90 ../FreeRTOS_OneCPU_bsp/\libhal_bsp.a(alt_find_dev.o)
                0x000000000102438c                alt_find_dev
 .text          0x000000000102441c       0x34 ../FreeRTOS_OneCPU_bsp/\libhal_bsp.a(alt_icache_flush_all.o)
                0x000000000102441c                alt_icache_flush_all
 .text          0x0000000001024450      0x1b0 ../FreeRTOS_OneCPU_bsp/\libhal_bsp.a(alt_iic.o)
                0x0000000001024450                alt_ic_isr_register
                0x00000000010244a0                alt_ic_irq_enable
                0x0000000001024528                alt_ic_irq_disable
                0x00000000010245b4                alt_ic_irq_enabled
 .text          0x0000000001024600       0xf0 ../FreeRTOS_OneCPU_bsp/\libhal_bsp.a(alt_iic_isr_register.o)
                0x0000000001024600                alt_iic_isr_register
 .text          0x00000000010246f0      0x140 ../FreeRTOS_OneCPU_bsp/\libhal_bsp.a(alt_io_redirect.o)
                0x00000000010247b4                alt_io_redirect
 .text          0x0000000001024830        0x0 ../FreeRTOS_OneCPU_bsp/\libhal_bsp.a(alt_irq_entry.o)
 .text          0x0000000001024830      0x254 ../FreeRTOS_OneCPU_bsp/\libhal_bsp.a(alt_open.o)
                0x0000000001024930                open
 .text          0x0000000001024a84      0x1a4 ../FreeRTOS_OneCPU_bsp/\libhal_bsp.a(alt_tick.o)
                0x0000000001024a84                alt_alarm_stop
                0x0000000001024b20                alt_tick
 .text          0x0000000001024c28       0x24 ../FreeRTOS_OneCPU_bsp/\libhal_bsp.a(altera_nios2_gen2_irq.o)
                0x0000000001024c28                altera_nios2_gen2_irq_init
 .text          0x0000000001024c4c        0x0 ../FreeRTOS_OneCPU_bsp/\libhal_bsp.a(alt_exception_entry.o)
 .text          0x0000000001024c4c      0x108 ../FreeRTOS_OneCPU_bsp/\libhal_bsp.a(alt_find_file.o)
                0x0000000001024c4c                alt_find_file
 .text          0x0000000001024d54       0xa4 ../FreeRTOS_OneCPU_bsp/\libhal_bsp.a(alt_get_fd.o)
                0x0000000001024d54                alt_get_fd
 .text          0x0000000001024df8       0x90 ../FreeRTOS_OneCPU_bsp/\libhal_bsp.a(alt_icache_flush.o)
                0x0000000001024df8                alt_icache_flush
 .text          0x0000000001024e88       0x9c ../FreeRTOS_OneCPU_bsp/\libhal_bsp.a(alt_instruction_exception_entry.o)
                0x0000000001024e88                alt_exception_cause_generated_bad_addr
 .text          0x0000000001024f24        0x0 c:/intelfpga_lite/17.0/nios2eds/bin/gnu/h-x86_64-mingw32/bin/../lib/gcc/nios2-elf/5.3.0/../../../../../H-x86_64-mingw32/nios2-elf/lib\libc.a(lib_a-atexit.o)
 .text.atexit   0x0000000001024f24       0x14 c:/intelfpga_lite/17.0/nios2eds/bin/gnu/h-x86_64-mingw32/bin/../lib/gcc/nios2-elf/5.3.0/../../../../../H-x86_64-mingw32/nios2-elf/lib\libc.a(lib_a-atexit.o)
                0x0000000001024f24                atexit
 .text          0x0000000001024f38        0x0 c:/intelfpga_lite/17.0/nios2eds/bin/gnu/h-x86_64-mingw32/bin/../lib/gcc/nios2-elf/5.3.0/../../../../../H-x86_64-mingw32/nios2-elf/lib\libc.a(lib_a-exit.o)
 .text.exit     0x0000000001024f38       0x38 c:/intelfpga_lite/17.0/nios2eds/bin/gnu/h-x86_64-mingw32/bin/../lib/gcc/nios2-elf/5.3.0/../../../../../H-x86_64-mingw32/nios2-elf/lib\libc.a(lib_a-exit.o)
                0x0000000001024f38                exit
 .text          0x0000000001024f70        0x0 c:/intelfpga_lite/17.0/nios2eds/bin/gnu/h-x86_64-mingw32/bin/../lib/gcc/nios2-elf/5.3.0/../../../../../H-x86_64-mingw32/nios2-elf/lib\libc.a(lib_a-__atexit.o)
 .text.__register_exitproc
                0x0000000001024f70      0x118 c:/intelfpga_lite/17.0/nios2eds/bin/gnu/h-x86_64-mingw32/bin/../lib/gcc/nios2-elf/5.3.0/../../../../../H-x86_64-mingw32/nios2-elf/lib\libc.a(lib_a-__atexit.o)
                0x0000000001024f70                __register_exitproc
 .text          0x0000000001025088        0x0 c:/intelfpga_lite/17.0/nios2eds/bin/gnu/h-x86_64-mingw32/bin/../lib/gcc/nios2-elf/5.3.0/../../../../../H-x86_64-mingw32/nios2-elf/lib\libc.a(lib_a-__call_atexit.o)
 .text.__call_exitprocs
                0x0000000001025088      0x180 c:/intelfpga_lite/17.0/nios2eds/bin/gnu/h-x86_64-mingw32/bin/../lib/gcc/nios2-elf/5.3.0/../../../../../H-x86_64-mingw32/nios2-elf/lib\libc.a(lib_a-__call_atexit.o)
                0x0000000001025088                __call_exitprocs
 *(.gnu.warning.*)
 *(.fini)
                [!provide]                        PROVIDE (__etext, ABSOLUTE (.))
                [!provide]                        PROVIDE (_etext, ABSOLUTE (.))
                [!provide]                        PROVIDE (etext, ABSOLUTE (.))
 *(.eh_frame_hdr)
                0x0000000001025208                . = ALIGN (0x4)
                [!provide]                        PROVIDE (__preinit_array_start, ABSOLUTE (.))
 *(.preinit_array)
                [!provide]                        PROVIDE (__preinit_array_end, ABSOLUTE (.))
                [!provide]                        PROVIDE (__init_array_start, ABSOLUTE (.))
 *(.init_array)
                [!provide]                        PROVIDE (__init_array_end, ABSOLUTE (.))
                [!provide]                        PROVIDE (__fini_array_start, ABSOLUTE (.))
 *(.fini_array)
                [!provide]                        PROVIDE (__fini_array_end, ABSOLUTE (.))
 *(.eh_frame)
 *(.gcc_except_table .gcc_except_table.*)
 *(.dynamic)
                0x0000000001025208                PROVIDE (__CTOR_LIST__, ABSOLUTE (.))
 *(.ctors)
 .ctors         0x0000000001025208        0x4 obj/default/metal/freertos/alloc.o
 .ctors         0x000000000102520c        0x4 obj/default/metal/freertos/atomic.o
 .ctors         0x0000000001025210        0x4 obj/default/metal/freertos/irq.o
 .ctors         0x0000000001025214        0x4 obj/default/metal/freertos/mutex.o
 .ctors         0x0000000001025218        0x4 obj/default/metal/freertos/sleep.o
 *(SORT(.ctors.*))
                0x000000000102521c                PROVIDE (__CTOR_END__, ABSOLUTE (.))
                0x000000000102521c                PROVIDE (__DTOR_LIST__, ABSOLUTE (.))
 *(.dtors)
 *(SORT(.dtors.*))
                0x000000000102521c                PROVIDE (__DTOR_END__, ABSOLUTE (.))
 *(.jcr)
                0x000000000102521c                . = ALIGN (0x4)

.rodata         0x000000000102521c     0x180c
                0x000000000102521c                PROVIDE (__ram_rodata_start, ABSOLUTE (.))
                0x000000000102521c                . = ALIGN (0x4)
 *(.rodata .rodata.* .gnu.linkonce.r.*)
 .rodata        0x000000000102521c        0x5 obj/default/Source/tasks.o
 *fill*         0x0000000001025221        0x3 
 .rodata        0x0000000001025224       0x14 obj/default/hello_world.o
 .rodata        0x0000000001025238       0x6a obj/default/metal-test.o
 *fill*         0x00000000010252a2        0x2 
 .rodata        0x00000000010252a4       0x6f obj/default/metal/device.o
 *fill*         0x0000000001025313        0x1 
 .rodata        0x0000000001025314       0x22 obj/default/metal/freertos/alloc.o
 *fill*         0x0000000001025336        0x2 
 .rodata        0x0000000001025338       0x27 obj/default/metal/freertos/atomic.o
 *fill*         0x000000000102535f        0x1 
 .rodata        0x0000000001025360       0x78 obj/default/metal/freertos/irq.o
 .rodata        0x00000000010253d8        0x6 obj/default/metal/freertos/mutex.o
 *fill*         0x00000000010253de        0x2 
 .rodata        0x00000000010253e0        0x6 obj/default/metal/freertos/sleep.o
 *fill*         0x00000000010253e6        0x2 
 .rodata        0x00000000010253e8       0x64 obj/default/metal/freertos/threads.o
 .rodata        0x000000000102544c       0x6d obj/default/metal/shmem.o
 *fill*         0x00000000010254b9        0x3 
 .rodata        0x00000000010254bc       0x1d obj/default/metal/softirq.o
 *fill*         0x00000000010254d9        0x3 
 .rodata        0x00000000010254dc      0x205 obj/default/openAMP/lib/remoteproc/elf_loader.o
 *fill*         0x00000000010256e1        0x3 
 .rodata        0x00000000010256e4      0x5d9 obj/default/openAMP/lib/remoteproc/remoteproc.o
 *fill*         0x0000000001025cbd        0x3 
 .rodata        0x0000000001025cc0       0xe7 obj/default/openAMP/lib/remoteproc/remoteproc_virtio.o
 *fill*         0x0000000001025da7        0x1 
 .rodata        0x0000000001025da8       0x4d obj/default/openAMP/lib/remoteproc/rsc_table_parser.o
 *fill*         0x0000000001025df5        0x3 
 .rodata        0x0000000001025df8        0x1 obj/default/openAMP/lib/rpmsg/rpmsg.o
 *fill*         0x0000000001025df9        0x3 
 .rodata        0x0000000001025dfc       0x17 obj/default/openAMP/lib/rpmsg/rpmsg_virtio.o
 *fill*         0x0000000001025e13        0x1 
 .rodata        0x0000000001025e14       0xf4 obj/default/openAMP/lib/virtio/virtio.o
 .rodata        0x0000000001025f08       0xad obj/default/openAMP/lib/virtio/virtqueue.o
 *fill*         0x0000000001025fb5        0x3 
 .rodata.str1.4
                0x0000000001025fb8       0x3f c:/intelfpga_lite/17.0/nios2eds/bin/gnu/h-x86_64-mingw32/bin/../lib/gcc/nios2-elf/5.3.0/../../../../../H-x86_64-mingw32/nios2-elf/lib\libc.a(lib_a-assert.o)
                                         0x43 (size before relaxing)
 *fill*         0x0000000001025ff7        0x1 
 .rodata.str1.4
                0x0000000001025ff8        0x2 c:/intelfpga_lite/17.0/nios2eds/bin/gnu/h-x86_64-mingw32/bin/../lib/gcc/nios2-elf/5.3.0/../../../../../H-x86_64-mingw32/nios2-elf/lib\libc.a(lib_a-impure.o)
 *fill*         0x0000000001025ffa        0x2 
 .rodata.str1.4
                0x0000000001025ffc        0x2 c:/intelfpga_lite/17.0/nios2eds/bin/gnu/h-x86_64-mingw32/bin/../lib/gcc/nios2-elf/5.3.0/../../../../../H-x86_64-mingw32/nios2-elf/lib\libc.a(lib_a-puts.o)
 *fill*         0x0000000001025ffe        0x2 
 .rodata.str1.4
                0x0000000001026000      0x6fd c:/intelfpga_lite/17.0/nios2eds/bin/gnu/h-x86_64-mingw32/bin/../lib/gcc/nios2-elf/5.3.0/../../../../../H-x86_64-mingw32/nios2-elf/lib\libc.a(lib_a-strerror.o)
                                        0x701 (size before relaxing)
 *fill*         0x00000000010266fd        0x3 
 .rodata.str1.4
                0x0000000001026700       0x42 c:/intelfpga_lite/17.0/nios2eds/bin/gnu/h-x86_64-mingw32/bin/../lib/gcc/nios2-elf/5.3.0/../../../../../H-x86_64-mingw32/nios2-elf/lib\libc.a(lib_a-svfprintf.o)
 .rodata.zeroes.4389
                0x0000000001026742       0x10 c:/intelfpga_lite/17.0/nios2eds/bin/gnu/h-x86_64-mingw32/bin/../lib/gcc/nios2-elf/5.3.0/../../../../../H-x86_64-mingw32/nios2-elf/lib\libc.a(lib_a-svfprintf.o)
 .rodata.blanks.4388
                0x0000000001026752       0x10 c:/intelfpga_lite/17.0/nios2eds/bin/gnu/h-x86_64-mingw32/bin/../lib/gcc/nios2-elf/5.3.0/../../../../../H-x86_64-mingw32/nios2-elf/lib\libc.a(lib_a-svfprintf.o)
 *fill*         0x0000000001026762        0x2 
 .rodata.str1.4
                0x0000000001026764       0x10 c:/intelfpga_lite/17.0/nios2eds/bin/gnu/h-x86_64-mingw32/bin/../lib/gcc/nios2-elf/5.3.0/../../../../../H-x86_64-mingw32/nios2-elf/lib\libc.a(lib_a-dtoa.o)
                                         0x12 (size before relaxing)
 .rodata.str1.4
                0x0000000001026774        0xc c:/intelfpga_lite/17.0/nios2eds/bin/gnu/h-x86_64-mingw32/bin/../lib/gcc/nios2-elf/5.3.0/../../../../../H-x86_64-mingw32/nios2-elf/lib\libc.a(lib_a-locale.o)
                                         0x12 (size before relaxing)
 .rodata.p05.2768
                0x0000000001026780        0xc c:/intelfpga_lite/17.0/nios2eds/bin/gnu/h-x86_64-mingw32/bin/../lib/gcc/nios2-elf/5.3.0/../../../../../H-x86_64-mingw32/nios2-elf/lib\libc.a(lib_a-mprec.o)
 .rodata.__mprec_tinytens
                0x000000000102678c       0x28 c:/intelfpga_lite/17.0/nios2eds/bin/gnu/h-x86_64-mingw32/bin/../lib/gcc/nios2-elf/5.3.0/../../../../../H-x86_64-mingw32/nios2-elf/lib\libc.a(lib_a-mprec.o)
                0x000000000102678c                __mprec_tinytens
 .rodata.__mprec_bigtens
                0x00000000010267b4       0x28 c:/intelfpga_lite/17.0/nios2eds/bin/gnu/h-x86_64-mingw32/bin/../lib/gcc/nios2-elf/5.3.0/../../../../../H-x86_64-mingw32/nios2-elf/lib\libc.a(lib_a-mprec.o)
                0x00000000010267b4                __mprec_bigtens
 .rodata.__mprec_tens
                0x00000000010267dc       0xc8 c:/intelfpga_lite/17.0/nios2eds/bin/gnu/h-x86_64-mingw32/bin/../lib/gcc/nios2-elf/5.3.0/../../../../../H-x86_64-mingw32/nios2-elf/lib\libc.a(lib_a-mprec.o)
                0x00000000010267dc                __mprec_tens
 .rodata.str1.4
                0x00000000010268a4       0x2f c:/intelfpga_lite/17.0/nios2eds/bin/gnu/h-x86_64-mingw32/bin/../lib/gcc/nios2-elf/5.3.0/../../../../../H-x86_64-mingw32/nios2-elf/lib\libc.a(lib_a-svfiprintf.o)
 .rodata.zeroes.4333
                0x00000000010268a4       0x10 c:/intelfpga_lite/17.0/nios2eds/bin/gnu/h-x86_64-mingw32/bin/../lib/gcc/nios2-elf/5.3.0/../../../../../H-x86_64-mingw32/nios2-elf/lib\libc.a(lib_a-svfiprintf.o)
 .rodata.blanks.4332
                0x00000000010268b4       0x10 c:/intelfpga_lite/17.0/nios2eds/bin/gnu/h-x86_64-mingw32/bin/../lib/gcc/nios2-elf/5.3.0/../../../../../H-x86_64-mingw32/nios2-elf/lib\libc.a(lib_a-svfiprintf.o)
 .rodata.str1.4
                0x00000000010268c4       0x2f c:/intelfpga_lite/17.0/nios2eds/bin/gnu/h-x86_64-mingw32/bin/../lib/gcc/nios2-elf/5.3.0/../../../../../H-x86_64-mingw32/nios2-elf/lib\libc.a(lib_a-vfiprintf.o)
 .rodata.zeroes.4349
                0x00000000010268c4       0x10 c:/intelfpga_lite/17.0/nios2eds/bin/gnu/h-x86_64-mingw32/bin/../lib/gcc/nios2-elf/5.3.0/../../../../../H-x86_64-mingw32/nios2-elf/lib\libc.a(lib_a-vfiprintf.o)
 .rodata.blanks.4348
                0x00000000010268d4       0x10 c:/intelfpga_lite/17.0/nios2eds/bin/gnu/h-x86_64-mingw32/bin/../lib/gcc/nios2-elf/5.3.0/../../../../../H-x86_64-mingw32/nios2-elf/lib\libc.a(lib_a-vfiprintf.o)
 .rodata        0x00000000010268e4      0x100 c:/intelfpga_lite/17.0/nios2eds/bin/gnu/h-x86_64-mingw32/bin/../lib/gcc/nios2-elf/5.3.0\libgcc.a(_clz.o)
                0x00000000010268e4                __clz_tab
 .rodata        0x00000000010269e4        0xa ../FreeRTOS_OneCPU_bsp/\libhal_bsp.a(alt_dev.o)
 *fill*         0x00000000010269ee        0x2 
 .rodata        0x00000000010269f0       0x11 ../FreeRTOS_OneCPU_bsp/\libhal_bsp.a(alt_main.o)